******************************************************************************
                  TI ARM Linker PC v20.2.2                     
******************************************************************************
>> Linked Thu Mar 11 11:13:44 2021

OUTPUT FILE NAME:   <pwmled2_CC26X2R1_LAUNCHXL_nortos_ccs.out>
ENTRY POINT SYMBOL: "resetISR"  address: 000035f5


MEMORY CONFIGURATION

         name            origin    length      used     unused   attr    fill
----------------------  --------  ---------  --------  --------  ----  --------
  FLASH                 00000000   00058000  00003ac3  0005453d  R  X
  GPRAM                 11000000   00002000  00000000  00002000  RW X
  SRAM                  20000000   00014000  00004b14  0000f4ec  RW X
  LOG_DATA              90000000   00040000  00000000  00040000  R   


SEGMENT ALLOCATION MAP

run origin  load origin   length   init length attrs members
----------  ----------- ---------- ----------- ----- -------
00000000    00000000    000039fb   000039fb    r-x
  00000000    00000000    000000d8   000000d8    r-- .intvecs
  000000d8    000000d8    00003798   00003798    r-x .text
  00003870    00003870    0000018b   0000018b    r-- .const
000039fc    000039fc    00000008   00000008    rw-
  000039fc    000039fc    00000008   00000008    rw- .args
00003a08    00003a08    00000068   00000068    r--
  00003a08    00003a08    00000068   00000068    r-- .cinit
00057fa8    00057fa8    00000058   00000058    r--
  00057fa8    00057fa8    00000058   00000058    r-- .ccfg
20000000    20000000    0000463c   00000000    rw-
  20000000    20000000    00004000   00000000    rw- .sysmem
  20004000    20004000    0000038c   00000000    rw- .bss
  2000438c    2000438c    000002b0   00000000    rw- .data
20004700    20004700    000000d8   00000000    rw-
  20004700    20004700    000000d8   00000000    rw- .vtable_ram
20013c00    20013c00    00000400   00000000    rw-
  20013c00    20013c00    00000400   00000000    rw- .stack


SECTION ALLOCATION MAP

 output                                  attributes/
section   page    origin      length       input sections
--------  ----  ----------  ----------   ----------------
.intvecs   0    00000000    000000d8     
                  00000000    000000d8     nortos_cc26x2.a : startup_cc13x2_cc26x2_ccs.oem4f (.intvecs)

.text      0    000000d8    00003798     
                  000000d8    000001e0     drivers_cc26x2.a : PINCC26XX.oem4f (.text:PIN_init)
                  000002b8    00000198                      : PowerCC26X2.oem4f (.text:Power_sleep)
                  00000450    00000190                      : PowerCC26X2_calibrateRCOSC.oem4f (.text:calibrateRcoscHf1)
                  000005e0    0000018c                      : PowerCC26X2_calibrateRCOSC.oem4f (.text:runCalibrateFsm)
                  0000076c    00000174                      : PowerCC26X2.oem4f (.text:Power_init)
                  000008e0    00000120                      : PowerCC26X2.oem4f (.text:configureXOSCHF)
                  00000a00    00000114                      : PINCC26XX.oem4f (.text:PINCC26XX_setIoCfg)
                  00000b14    000000f0     driverlib.lib : sys_ctrl.obj (.text:NOROM_SysCtrlStandby)
                  00000c04    000000e0     nortos_cc26x2.a : PowerCC26X2_nortos.oem4f (.text:PowerCC26XX_standbyPolicy)
                  00000ce4    000000dc     drivers_cc26x2.a : PWMTimerCC26XX.oem4f (.text:PWMTimerCC26XX_open)
                  00000dc0    000000dc                      : TimerCC26XX.oem4f (.text:TimerCC26XX_open)
                  00000e9c    000000d8     nortos_cc26x2.a : SwiP_nortos.oem4f (.text:SwiP_construct)
                  00000f74    000000c0     drivers_cc26x2.a : PowerCC26X2.oem4f (.text:Power_releaseDependency)
                  00001034    000000bc     nortos_cc26x2.a : TimerPCC26XX_nortos.oem4f (.text:TimerP_construct)
                  000010f0    000000b8     drivers_cc26x2.a : PowerCC26X2.oem4f (.text:Power_setDependency)
                  000011a8    000000b4     nortos_cc26x2.a : ClockPTimer_nortos.oem4f (.text:ClockP_startup)
                  0000125c    000000ac                     : ClockPTimer_nortos.oem4f (.text:ClockP_workFuncDynamic)
                  00001308    000000ac     drivers_cc26x2.a : PINCC26XX.oem4f (.text:PIN_open)
                  000013b4    000000ac     driverlib.lib : setup.obj (.text:TrimAfterColdResetWakeupFromShutDown)
                  00001460    000000a0     nortos_cc26x2.a : SemaphoreP_nortos.oem4f (.text:SemaphoreP_pend)
                  00001500    0000009c     drivers_cc26x2.a : PWMTimerCC26XX.oem4f (.text:PWMTimerCC26XX_setDutyAndPeriod)
                  0000159c    0000009c     nortos_cc26x2.a : SwiP_nortos.oem4f (.text:SwiP_dispatch)
                  00001638    0000009c     rtsv7M4_T_le_v4SPD16_eabi.lib : memcpy_t2.asm.obj (.text)
                  000016d4    00000098     driverlib.lib : setup.obj (.text:NOROM_SetupTrimDevice)
                  0000176c    00000096     rtsv7M4_T_le_v4SPD16_eabi.lib : ull_div_t2.asm.obj (.text)
                  00001802    00000002     ti_drivers_config.obj (.text:Board_initHook)
                  00001804    00000088     drivers_cc26x2.a : GPTimerCC26XX.oem4f (.text:GPTimerCC26XX_open)
                  0000188c    00000088     driverlib.lib : osc.obj (.text:NOROM_OSCHF_AttemptToSwitchToXosc)
                  00001914    00000088     drivers_cc26x2.a : PowerCC26X2_calibrateRCOSC.oem4f (.text:calibrateRcoscHf2)
                  0000199c    00000088                      : PowerCC26X2.oem4f (.text:disableLFClockQualifiers)
                  00001a24    00000088                      : PowerCC26X2_calibrateRCOSC.oem4f (.text:updateSubSecInc)
                  00001aac    00000084     ti_drivers_config.obj (.text:Board_sendExtFlashByte)
                  00001b30    00000080     nortos_cc26x2.a : ClockPTimer_nortos.oem4f (.text:ClockP_start)
                  00001bb0    00000080                     : HwiPCC26XX_nortos.oem4f (.text:HwiP_construct)
                  00001c30    00000080     driverlib.lib : sys_ctrl.obj (.text:NOROM_SysCtrlSetRechargeBeforePowerDown)
                  00001cb0    0000007a     rtsv7M4_T_le_v4SPD16_eabi.lib : memset_t2.asm.obj (.text)
                  00001d2a    00000002     driverlib.lib : interrupt.obj (.text:IntDefaultHandler)
                  00001d2c    00000078     nortos_cc26x2.a : ClockPTimer_nortos.oem4f (.text:ClockP_walkQueueDynamic)
                  00001da4    00000074     drivers_cc26x2.a : GPTimerCC26XX.oem4f (.text:GPTimerCC26XX_resetHw)
                  00001e18    00000074                      : PowerCC26X2_calibrateRCOSC.oem4f (.text:PowerCC26X2_auxISR)
                  00001e8c    00000070                      : PINCC26XX.oem4f (.text:PIN_add)
                  00001efc    0000006c     driverlib.lib : chipinfo.obj (.text:NOROM_ChipInfo_GetChipType)
                  00001f68    00000068     nortos_cc26x2.a : ClockPTimer_nortos.oem4f (.text:ClockP_usleep)
                  00001fd0    00000068     driverlib.lib : osc.obj (.text:NOROM_OSCHF_SwitchToRcOscTurnOffXosc)
                  00002038    00000068     nortos_cc26x2.a : SwiP_nortos.oem4f (.text:SwiP_post)
                  000020a0    00000068                     : TimerPCC26XX_nortos.oem4f (.text:TimerP_start)
                  00002108    00000068     rtsv7M4_T_le_v4SPD16_eabi.lib : copy_decompress_lzss.c.obj (.text:decompress:lzss:__TI_decompress_lzss)
                  00002170    0000005c     drivers_cc26x2.a : PINCC26XX.oem4f (.text:PIN_remove)
                  000021cc    0000005c                      : PWMTimerCC26XX.oem4f (.text:PWMTimerCC26XX_setPeriod)
                  00002228    0000005c                      : TimerCC26XX.oem4f (.text:TimerCC26XX_setPeriod)
                  00002284    00000058                      : GPTimerCC26XX.oem4f (.text:GPTimerCC26XX_stop)
                  000022dc    00000058                      : PowerCC26X2_calibrateRCOSC.oem4f (.text:PowerCC26X2_initiateCalibration)
                  00002334    00000054     driverlib.lib : prcm.obj (.text:NOROM_PRCMPowerDomainsAllOff)
                  00002388    00000050     drivers_cc26x2.a : GPTimerCC26XX.oem4f (.text:GPTimerCC26XX_registerInterrupt)
                  000023d8    00000050                      : PWMTimerCC26XX.oem4f (.text:PWMTimerCC26XX_getdutyCounts)
                  00002428    00000050     nortos_cc26x2.a : SemaphoreP_nortos.oem4f (.text:SemaphoreP_construct)
                  00002478    0000004e     pwmled2.obj (.text:initializePWM)
                  000024c6    00000002     drivers_cc26x2.a : PWMTimerCC26XX.oem4f (.text:PWMTimerCC26XX_init)
                  000024c8    0000004c     ti_drivers_config.obj (.text:Board_wakeUpExtFlash)
                  00002514    0000004c     drivers_cc26x2.a : GPTimerCC26XX.oem4f (.text:GPTimerCC26XX_initHw)
                  00002560    0000004c                      : GPTimerCC26XX.oem4f (.text:GPTimerCC26XX_start)
                  000025ac    0000004c     driverlib.lib : prcm.obj (.text:NOROM_PRCMPowerDomainsAllOn)
                  000025f8    00000048     nortos_cc26x2.a : ClockPTimer_nortos.oem4f (.text:ClockP_construct)
                  00002640    00000048     drivers_cc26x2.a : GPTimerCC26XX.oem4f (.text:GPTimerCC26XXHwiFxn)
                  00002688    00000048                      : PWMTimerCC26XX.oem4f (.text:PWMTimerCC26XX_setDuty)
                  000026d0    00000048                      : PowerCC26X2_calibrateRCOSC.oem4f (.text:PowerCC26X2_RCOSC_clockFunc)
                  00002718    00000048                      : PowerCC26X2.oem4f (.text:switchXOSCHF)
                  00002760    00000044     driverlib.lib : chipinfo.obj (.text:NOROM_ChipInfo_GetHwRevision)
                  000027a4    00000044     drivers_cc26x2.a : PINCC26XX.oem4f (.text:PIN_swi)
                  000027e8    00000044                      : PWM.oem4f (.text:PWM_init)
                  0000282c    00000044     nortos_cc26x2.a : SemaphoreP_nortos.oem4f (.text:SemaphoreP_post)
                  00002870    00000044                     : SwiP_nortos.oem4f (.text:SwiP_restore)
                  000028b4    00000044     drivers_cc26x2.a : TimerCC26XX.oem4f (.text:TimerCC26XX_start)
                  000028f8    00000044                      : Timer.oem4f (.text:Timer_init)
                  0000293c    00000044     rtsv7M4_T_le_v4SPD16_eabi.lib : autoinit.c.obj (.text:__TI_auto_init_nobinit_nopinit:__TI_auto_init_nobinit_nopinit)
                  00002980    00000040     ti_drivers_config.obj (.text:Board_shutDownExtFlash)
                  000029c0    00000040     driverlib.lib : osc.obj (.text:NOROM_OSC_HPOSCRelativeFrequencyOffsetGet)
                  00002a00    00000040     drivers_cc26x2.a : PWM.oem4f (.text:PWM_open)
                  00002a40    00000040                      : Timer.oem4f (.text:Timer_open)
                  00002a80    00000040     pwmled2.obj (.text:informUserOfStartup)
                  00002ac0    00000040     pwmled2.obj (.text:initializeTimer)
                  00002b00    0000003c     drivers_cc26x2.a : GPTimerCC26XX.oem4f (.text:GPTimerCC26XX_unregisterInterrupt)
                  00002b3c    0000003c                      : PINCC26XX.oem4f (.text:PIN_setOutputValue)
                  00002b78    00000038                      : PINCC26XX.oem4f (.text:PIN_setConfig)
                  00002bb0    00000038     nortos_cc26x2.a : TimerPCC26XX_nortos.oem4f (.text:TimerP_getCurrentTick)
                  00002be8    00000038                     : TimerPCC26XX_nortos.oem4f (.text:TimerP_initDevice)
                  00002c20    00000038     pwmled2.obj (.text:mainThread)
                  00002c58    00000038     drivers_cc26x2.a : PowerCC26X2.oem4f (.text:notify)
                  00002c90    00000036                      : TimerCC26XX.oem4f (.text:TimerCC26XX_stop)
                  00002cc6    00000036     nortos_cc26x2.a : TimerPCC26XX_nortos.oem4f (.text:TimerP_setNextTick)
                  00002cfc    00000034                     : ClockPTimer_nortos.oem4f (.text:ClockP_getTicksUntilInterrupt)
                  00002d30    00000034     drivers_cc26x2.a : GPTimerCC26XX.oem4f (.text:GPTimerCC26XXSetLoadMatch)
                  00002d64    00000034                      : GPTimerCC26XX.oem4f (.text:GPTimerCC26XX_configureDebugStall)
                  00002d98    00000034     driverlib.lib : aux_sysif.obj (.text:NOROM_AUXSYSIFOpModeChange)
                  00002dcc    00000034                   : interrupt.obj (.text:NOROM_IntRegister)
                  00002e00    00000034                   : sys_ctrl.obj (.text:NOROM_SysCtrlIdle)
                  00002e34    00000034     drivers_cc26x2.a : PWMTimerCC26XX.oem4f (.text:PWMTimerCC26XX_getperiodCounts)
                  00002e68    00000030                      : GPTimerCC26XX.oem4f (.text:GPTimerCC26XX_close)
                  00002e98    00000030                      : PINCC26XX.oem4f (.text:PINCC26XX_setMux)
                  00002ec8    00000030                      : PWMTimerCC26XX.oem4f (.text:PWMTimerCC26XX_start)
                  00002ef8    00000030                      : PowerCC26X2.oem4f (.text:Power_releaseConstraint)
                  00002f28    00000030                      : PowerCC26X2.oem4f (.text:Power_setConstraint)
                  00002f58    00000030     rtsv7M4_T_le_v4SPD16_eabi.lib : boot_cortex_m.c.obj (.text:_c_int00:_c_int00)
                  00002f88    0000002c     drivers_cc26x2.a : GPTimerCC26XX.oem4f (.text:GPTimerCC26XX_getTimerValue)
                  00002fb4    0000002c                      : PWMTimerCC26XX.oem4f (.text:PWMTimerCC26XX_close)
                  00002fe0    0000002c                      : PWMTimerCC26XX.oem4f (.text:PWMTimerCC26XX_stop)
                  0000300c    0000002c                      : TimerCC26XX.oem4f (.text:TimerCC26XX_callbackfxn)
                  00003038    0000002c     nortos_cc26x2.a : TimerPCC26XX_nortos.oem4f (.text:TimerP_setThreshold)
                  00003064    0000002c     pwmled2.obj (.text:updateDutyCycle)
                  00003090    00000028     nortos_cc26x2.a : ClockPTimer_nortos.oem4f (.text:ClockP_sleep)
                  000030b8    00000028     drivers_cc26x2.a : TimerCC26XX.oem4f (.text:TimerCC26XX_close)
                  000030e0    00000028                      : PowerCC26X2.oem4f (.text:oscillatorISR)
                  00003108    00000028     pwmled2.obj (.text:timerISR)
                  00003130    00000026     drivers_cc26x2.a : GPTimerCC26XX.oem4f (.text:GPTimerCC26XXLookupMask)
                  00003156    00000002     nortos_cc26x2.a : SemaphoreP_nortos.oem4f (.text:SemaphoreP_destruct)
                  00003158    00000024                     : ClockPTimer_nortos.oem4f (.text:ClockP_getTicks)
                  0000317c    00000024                     : ClockPTimer_nortos.oem4f (.text:ClockP_scheduleNextTick)
                  000031a0    00000024     drivers_cc26x2.a : GPTimerCC26XX.oem4f (.text:GPTimerCC26XX_enableInterrupt)
                  000031c4    00000024     nortos_cc26x2.a : HwiPCC26XX_nortos.oem4f (.text:HwiP_dispatch)
                  000031e8    00000024     driverlib.lib : osc.obj (.text:NOROM_OSCHF_TurnOnXosc)
                  0000320c    00000024     nortos_cc26x2.a : TimerPCC26XX_nortos.oem4f (.text:TimerP_getMaxTicks)
                  00003230    00000024     drivers_cc26x2.a : PowerCC26X2_calibrateRCOSC.oem4f (.text:getTdcSemaphore)
                  00003254    00000024     nortos_cc26x2.a : ClockPTimer_nortos.oem4f (.text:sleepTicks)
                  00003278    00000022     drivers_cc26x2.a : GPTimerCC26XX.oem4f (.text:GPTimerCC26XXReverseLookupMask)
                  0000329a    00000002                      : TimerCC26XX.oem4f (.text:TimerCC26XX_init)
                  0000329c    00000020     ti_drivers_config.obj (.text:Board_init)
                  000032bc    00000020     nortos_cc26x2.a : ClockPTimer_nortos.oem4f (.text:ClockP_add)
                  000032dc    00000020     drivers_cc26x2.a : PINCC26XX.oem4f (.text:PINCC26XX_setIoCfgMux)
                  000032fc    00000020     nortos_cc26x2.a : QueueP_nortos.oem4f (.text:QueueP_put)
                  0000331c    00000020                     : TimerPCC26XX_nortos.oem4f (.text:TimerP_dynamicStub)
                  0000333c    0000001e     drivers_cc26x2.a : PINCC26XX.oem4f (.text:PIN_close)
                  0000335a    0000001e                      : PowerCC26X2.oem4f (.text:Power_getTransitionLatency)
                  00003378    0000001e     nortos_cc26x2.a : SemaphoreP_nortos.oem4f (.text:SemaphoreP_constructBinary)
                  00003396    0000001e                     : SwiP_nortos.oem4f (.text:SwiP_or)
                  000033b4    0000001c                     : HwiPCC26XX_nortos.oem4f (.text:HwiP_destruct)
                  000033d0    0000001c     driverlib.lib : chipinfo.obj (.text:NOROM_ChipInfo_GetChipFamily)
                  000033ec    0000001c     drivers_cc26x2.a : PINCC26XX.oem4f (.text:PIN_hwi)
                  00003408    0000001c     nortos_cc26x2.a : SwiP_nortos.oem4f (.text:SwiP_disable)
                  00003424    0000001c     pwmled2.obj (.text:startTimer)
                  00003440    0000001a     drivers_cc26x2.a : PWMTimerCC26XX.oem4f (.text:PWMTimerCC26XX_control)
                  0000345a    0000001a                      : PowerCC26X2.oem4f (.text:PowerCC26XX_calibrate)
                  00003474    0000001a     nortos_cc26x2.a : QueueP_nortos.oem4f (.text:QueueP_get)
                  0000348e    00000018                     : ClockPTimer_nortos.oem4f (.text:ClockP_destruct)
                  000034a6    00000002                     : SemaphoreP_nortos.oem4f (.text:clkFxn)
                  000034a8    00000018                     : HwiPCC26XX_nortos.oem4f (.text:HwiP_inISR)
                  000034c0    00000018     driverlib.lib : chipinfo.obj (.text:NOROM_ChipInfo_GetPackageType)
                  000034d8    00000018     drivers_cc26x2.a : PowerCC26X2.oem4f (.text:Power_idleFunc)
                  000034f0    00000018     nortos_cc26x2.a : TimerPCC26XX_nortos.oem4f (.text:TimerP_startup)
                  00003508    00000018     rtsv7M4_T_le_v4SPD16_eabi.lib : args_main.c.obj (.text:_args_main)
                  00003520    00000018                                   : ll_mul_t2.asm.obj (.text)
                  00003538    00000018     drivers_cc26x2.a : PowerCC26X2.oem4f (.text:switchToTCXO)
                  00003550    00000016     driverlib.lib : chipinfo.obj (.text:NOROM_ThisLibraryIsFor_CC13x2_CC26x2_HwRev20AndLater_HaltIfViolated)
                  00003566    00000016     nortos_cc26x2.a : SwiP_nortos.oem4f (.text:maxbit)
                  0000357c    00000014     driverlib.lib : interrupt.obj (.text:NOROM_IntUnregister)
                  00003590    00000014     drivers_cc26x2.a : PWM.oem4f (.text:PWM_Params_init)
                  000035a4    00000014                      : PowerCC26X2_calibrateRCOSC.oem4f (.text:PowerCC26X2_calibrate)
                  000035b8    00000014                      : PowerCC26X2.oem4f (.text:Power_disablePolicy)
                  000035cc    00000014     nortos_cc26x2.a : SwiP_nortos.oem4f (.text:SwiP_handleHwi)
                  000035e0    00000014                     : TimerPCC26XX_nortos.oem4f (.text:TimerP_getCount64)
                  000035f4    00000014                     : startup_cc13x2_cc26x2_ccs.oem4f (.text:resetISR)
                  00003608    00000012     drivers_cc26x2.a : GPTimerCC26XX.oem4f (.text:GPTimerCC26XX_Params_init)
                  0000361a    00000012     nortos_cc26x2.a : HwiPCC26XX_nortos.oem4f (.text:HwiP_Params_init)
                  0000362c    00000012     pwmled2.obj (.text:cleanup)
                  0000363e    00000012     main_nortos.obj (.text:main)
                  00003650    00000010     nortos_cc26x2.a : ClockPTimer_nortos.oem4f (.text:ClockP_Params_init)
                  00003660    00000010                     : ClockPTimer_nortos.oem4f (.text:ClockP_getCpuFreq)
                  00003670    00000010                     : HwiPCC26XX_nortos.oem4f (.text:HwiP_disable)
                  00003680    00000010                     : HwiPCC26XX_nortos.oem4f (.text:HwiP_post)
                  00003690    00000010     drivers_cc26x2.a : PINCC26XX.oem4f (.text:PINCC26XX_getPinCount)
                  000036a0    00000010     nortos_cc26x2.a : PowerCC26X2_nortos.oem4f (.text:PowerCC26XX_schedulerDisable)
                  000036b0    00000010     drivers_cc26x2.a : PowerCC26X2.oem4f (.text:Power_enablePolicy)
                  000036c0    00000010     nortos_cc26x2.a : SemaphoreP_nortos.oem4f (.text:SemaphoreP_Params_init)
                  000036d0    00000010                     : SwiP_nortos.oem4f (.text:SwiP_Params_init)
                  000036e0    00000010                     : TimerPCC26XX_nortos.oem4f (.text:TimerP_Params_init)
                  000036f0    00000010     drivers_cc26x2.a : Timer.oem4f (.text:Timer_Params_init)
                  00003700    00000010     pwmled2.obj (.text:stopTimer)
                  00003710    0000000e     nortos_cc26x2.a : QueueP_nortos.oem4f (.text:QueueP_empty)
                  0000371e    0000000e                     : QueueP_nortos.oem4f (.text:QueueP_remove)
                  0000372c    0000000e     rtsv7M4_T_le_v4SPD16_eabi.lib : copy_decompress_none.c.obj (.text:decompress:none:__TI_decompress_none)
                  0000373a    00000002     drivers_cc26x2.a : PowerCC26X2.oem4f (.text:emptyClockFunc)
                  0000373c    0000000c     nortos_cc26x2.a : ClockPTimer_nortos.oem4f (.text:ClockP_doTick)
                  00003748    0000000c                     : ClockPTimer_nortos.oem4f (.text:ClockP_getSystemTickPeriod)
                  00003754    0000000c     driverlib.lib : cpu.obj (.text:NOROM_CPUcpsid)
                  00003760    0000000c                   : cpu.obj (.text:NOROM_CPUcpsie)
                  0000376c    0000000c     nortos_cc26x2.a : PowerCC26X2_nortos.oem4f (.text:PowerCC26XX_schedulerRestore)
                  00003778    0000000c     drivers_cc26x2.a : PowerCC26X2.oem4f (.text:Power_getConstraintMask)
                  00003784    0000000c                      : PowerCC26X2.oem4f (.text:Power_getDependencyCount)
                  00003790    0000000c     nortos_cc26x2.a : SwiP_nortos.oem4f (.text:SwiP_getTrigger)
                  0000379c    0000000c                     : TimerPCC26XX_nortos.oem4f (.text:TimerP_getFreq)
                  000037a8    0000000c     rtsv7M4_T_le_v4SPD16_eabi.lib : copy_zero_init.c.obj (.text:decompress:ZI:__TI_zero_init)
                  000037b4    0000000a     drivers_cc26x2.a : PWM.oem4f (.text:PWM_setDuty)
                  000037be    0000000a                      : PWM.oem4f (.text:PWM_start)
                  000037c8    0000000a                      : PWM.oem4f (.text:PWM_stop)
                  000037d2    0000000a                      : Timer.oem4f (.text:Timer_setPeriod)
                  000037dc    0000000a                      : Timer.oem4f (.text:Timer_start)
                  000037e6    0000000a                      : Timer.oem4f (.text:Timer_stop)
                  000037f0    00000008                      : GPTimerCC26XX.oem4f (.text:GPTimerCC26XX_setLoadValue)
                  000037f8    00000008                      : GPTimerCC26XX.oem4f (.text:GPTimerCC26XX_setMatchValue)
                  00003800    00000008     nortos_cc26x2.a : HwiPCC26XX_nortos.oem4f (.text:HwiP_restore)
                  00003808    00000008     drivers_cc26x2.a : TimerCC26XX.oem4f (.text:TimerCC26XX_getCount)
                  00003810    00000006     nortos_cc26x2.a : ClockPTimer_nortos.oem4f (.text:ClockP_stop)
                  00003816    00000006     drivers_cc26x2.a : GPTimerCC26XX.oem4f (.text:GPTimerCC26XX_getArg)
                  0000381c    00000006                      : GPTimerCC26XX.oem4f (.text:GPTimerCC26XX_getValue)
                  00003822    00000006                      : GPTimerCC26XX.oem4f (.text:GPTimerCC26XX_setArg)
                  00003828    00000006     driverlib.lib : cpu.obj (.text:NOROM_CPUdelay)
                  0000382e    00000006     nortos_cc26x2.a : QueueP_nortos.oem4f (.text:QueueP_init)
                  00003834    00000006     drivers_cc26x2.a : TimerCC26XX.oem4f (.text:TimerCC26XX_control)
                  0000383a    00000006                      : PowerCC26X2.oem4f (.text:delayUs)
                  00003840    00000004     nortos_cc26x2.a : PowerCC26X2_nortos.oem4f (.text:CPUwfi)
                  00003844    00000004                     : ClockPTimer_nortos.oem4f (.text:ClockP_isActive)
                  00003848    00000004                     : ClockPTimer_nortos.oem4f (.text:ClockP_setTimeout)
                  0000384c    00000004                     : HwiPCC26XX_nortos.oem4f (.text:HwiP_enable)
                  00003850    00000004                     : QueueP_nortos.oem4f (.text:QueueP_head)
                  00003854    00000004                     : QueueP_nortos.oem4f (.text:QueueP_next)
                  00003858    00000004     rtsv7M4_T_le_v4SPD16_eabi.lib : pre_init.c.obj (.text:_system_pre_init)
                  0000385c    00000004                                   : exit.c.obj (.text:abort:abort)
                  00003860    00000004     drivers_cc26x2.a : PowerCC26X2.oem4f (.text:configureRFCoreClocks)
                  00003864    00000004                      : PowerCC26X2.oem4f (.text:nopResourceHandler)
                  00003868    00000002     nortos_cc26x2.a : startup_cc13x2_cc26x2_ccs.oem4f (.text:faultISR)
                  0000386a    00000002                     : startup_cc13x2_cc26x2_ccs.oem4f (.text:intDefaultHandler)
                  0000386c    00000002                     : startup_cc13x2_cc26x2_ccs.oem4f (.text:nmiISR)
                  0000386e    00000002     rtsv7M4_T_le_v4SPD16_eabi.lib : div0.asm.obj (.text)

.const     0    00003870    0000018b     
                  00003870    00000054     drivers_cc26x2.a : PowerCC26X2.oem4f (.const:resourceDB)
                  000038c4    00000024                      : PWMTimerCC26XX.oem4f (.const:PWMTimerCC26XX_fxnTable)
                  000038e8    00000020                      : TimerCC26XX.oem4f (.const:TimerCC26XX_fxnTable)
                  00003908    0000001c                      : GPTimerCC26XX.oem4f (.const:GPT_LUT)
                  00003924    00000018     ti_drivers_config.obj (.const:GPTimerCC26XX_config)
                  0000393c    00000018     drivers_cc26x2.a : PWM.oem4f (.const:PWM_defaultParams)
                  00003954    00000018     ti_drivers_config.obj (.const:gptimerCC26XXHWAttrs)
                  0000396c    00000014     ti_drivers_config.obj (.const:$P$T1$2)
                  00003980    00000014     ti_drivers_config.obj (.const:PowerCC26X2_config)
                  00003994    00000010     nortos_cc26x2.a : SwiP_nortos.oem4f (.const:SwiP_defaultParams)
                  000039a4    0000000c     ti_drivers_config.obj (.const:PWM_config)
                  000039b0    0000000c     ti_drivers_config.obj (.const:Timer_config)
                  000039bc    0000000c     drivers_cc26x2.a : Timer.oem4f (.const:defaultParams)
                  000039c8    00000008     driverlib.lib : aux_sysif.obj (.const:$O1$$)
                  000039d0    00000008     ti_drivers_config.obj (.const:$P$T0$1)
                  000039d8    00000008     ti_drivers_config.obj (.const:BoardGpioInitTable)
                  000039e0    00000008     drivers_cc26x2.a : GPTimerCC26XX.oem4f (.const:GPT_DefaultParams)
                  000039e8    00000008     ti_drivers_config.obj (.const:PINCC26XX_hwAttrs)
                  000039f0    00000007     ti_drivers_config.obj (.const)
                  000039f7    00000002     ti_drivers_config.obj (.const:pwmTimerCC26XXHWAttrs)
                  000039f9    00000002     ti_drivers_config.obj (.const:timerCC26XXHWAttrs)

.binit     0    00000000    00000000     

.cinit     0    00003a08    00000068     
                  00003a08    00000033     (.cinit..data.load) [load image, compression = lzss]
                  00003a3b    00000001     --HOLE-- [fill = 0]
                  00003a3c    0000000c     (__TI_handler_table)
                  00003a48    00000008     (.cinit..bss.load) [load image, compression = zero_init]
                  00003a50    00000008     (.cinit..vtable_ram.load) [load image, compression = zero_init]
                  00003a58    00000018     (__TI_cinit_table)

.init_array 
*          0    00000000    00000000     UNINITIALIZED

.ccfg      0    00057fa8    00000058     
                  00057fa8    00000058     ti_devices_config.obj (.ccfg:retain)

.sysmem    0    20000000    00004000     UNINITIALIZED
                  20000000    00000010     rtsv7M4_T_le_v4SPD16_eabi.lib : memory.c.obj (.sysmem)
                  20000010    00003ff0     --HOLE--

.bss       0    20004000    0000038c     UNINITIALIZED
                  20004000    000000a0     nortos_cc26x2.a : ClockPTimer_nortos.oem4f (.bss:ClockP_module)
                  200040a0    00000098     (.common:gptimerCC26XXObjects)
                  20004138    0000007c     (.common:pinHandleTable)
                  200041b4    00000068     (.common:timerCC26XXObjects)
                  2000421c    00000050     drivers_cc26x2.a : PINCC26XX.oem4f (.bss:pinSemaphore)
                  2000426c    00000034                      : PINCC26XX.oem4f (.bss:pinSwi)
                  200042a0    00000020     nortos_cc26x2.a : SwiP_nortos.oem4f (.bss:SwiP_readyList)
                  200042c0    00000020     drivers_cc26x2.a : PINCC26XX.oem4f (.bss:pinGpioConfigTable)
                  200042e0    00000020     (.common:pwmTimerCC26XXObjects)
                  20004300    0000001c     nortos_cc26x2.a : SwiP_nortos.oem4f (.bss:SwiP_hwiStruct)
                  2000431c    0000001c                     : TimerPCC26XX_nortos.oem4f (.bss:TimerP_hwiStruct)
                  20004338    0000001c     drivers_cc26x2.a : PINCC26XX.oem4f (.bss:pinHwi)
                  20004354    0000000d     nortos_cc26x2.a : SwiP_nortos.oem4f (.bss)
                  20004361    00000001     (.common:driverlib_release_0_59848)
                  20004362    00000002     --HOLE--
                  20004364    0000000c     drivers_cc26x2.a : PWMTimerCC26XX.oem4f (.bss:pinState)
                  20004370    00000008     nortos_cc26x2.a : ClockPTimer_nortos.oem4f (.bss:timerFreq)
                  20004378    00000004     drivers_cc26x2.a : PINCC26XX.oem4f (.bss)
                  2000437c    00000004     nortos_cc26x2.a : ClockPTimer_nortos.oem4f (.bss)
                  20004380    00000004                     : PowerCC26X2_nortos.oem4f (.bss)
                  20004384    00000004                     : TimerPCC26XX_nortos.oem4f (.bss)
                  20004388    00000004     (.common:g_timer0)

.vtable_ram 
*          0    20004700    000000d8     UNINITIALIZED
                  20004700    000000d8     driverlib.lib : interrupt.obj (.vtable_ram)

.data      0    2000438c    000002b0     UNINITIALIZED
                  2000438c    00000170     drivers_cc26x2.a : PowerCC26X2.oem4f (.data:PowerCC26X2_module)
                  200044fc    000000d8     nortos_cc26x2.a : HwiPCC26XX_nortos.oem4f (.data:HwiP_dispatchTable)
                  200045d4    00000024     driverlib.lib : osc.obj (.data:$O1$$)
                  200045f8    0000000c     nortos_cc26x2.a : ClockPTimer_nortos.oem4f (.data:ClockP_defaultParams)
                  20004604    0000000c                     : TimerPCC26XX_nortos.oem4f (.data:TimerP_defaultParams)
                  20004610    00000008                     : SemaphoreP_nortos.oem4f (.data:SemaphoreP_defaultParams)
                  20004618    00000008     drivers_cc26x2.a : PINCC26XX.oem4f (.data)
                  20004620    00000008     nortos_cc26x2.a : ClockPTimer_nortos.oem4f (.data)
                  20004628    00000005     pwmled2.obj (.data)
                  2000462d    00000003     nortos_cc26x2.a : SemaphoreP_nortos.oem4f (.data)
                  20004630    00000004     drivers_cc26x2.a : PWMTimerCC26XX.oem4f (.data)
                  20004634    00000004     nortos_cc26x2.a : HwiPCC26XX_nortos.oem4f (.data)
                  20004638    00000001     drivers_cc26x2.a : PWM.oem4f (.data)
                  20004639    00000001                      : Timer.oem4f (.data)
                  2000463a    00000001     nortos_cc26x2.a : SwiP_nortos.oem4f (.data)
                  2000463b    00000001                     : TimerPCC26XX_nortos.oem4f (.data)

.stack     0    20013c00    00000400     UNINITIALIZED
                  20013c00    00000004     rtsv7M4_T_le_v4SPD16_eabi.lib : boot_cortex_m.c.obj (.stack)
                  20013c04    000003fc     --HOLE--

.log_data 
*          0    90000000    00000000     COPY SECTION

__llvm_prf_cnts 
*          0    20000000    00000000     UNINITIALIZED

.args      0    000039fc    00000008     
                  000039fc    00000008     --HOLE-- [fill = 0]

MODULE SUMMARY

       Module                             code    ro data   rw data
       ------                             ----    -------   -------
    .\
       pwmled2.obj                        408     0         9      
       main_nortos.obj                    18      0         0      
    +--+----------------------------------+-------+---------+---------+
       Total:                             426     0         9      
                                                                   
    .\syscfg\
       ti_drivers_config.obj              306     147       288    
       ti_devices_config.obj              0       88        0      
    +--+----------------------------------+-------+---------+---------+
       Total:                             306     235       288    
                                                                   
    C:/ti/simplelink_cc13x2_26x2_sdk_4_40_04_04/kernel/nortos/lib/ccs/m4f/nortos_cc26x2.a
       ClockPTimer_nortos.oem4f           1102    0         192    
       SwiP_nortos.oem4f                  672     16        74     
       TimerPCC26XX_nortos.oem4f          642     0         45     
       HwiPCC26XX_nortos.oem4f            278     0         220    
       SemaphoreP_nortos.oem4f            358     0         11     
       PowerCC26X2_nortos.oem4f           256     0         4      
       startup_cc13x2_cc26x2_ccs.oem4f    26      216       0      
       QueueP_nortos.oem4f                100     0         0      
    +--+----------------------------------+-------+---------+---------+
       Total:                             3434    232       546    
                                                                   
    C:/ti/simplelink_cc13x2_26x2_sdk_4_40_04_04/source/ti/devices/cc13x2_cc26x2/driverlib/bin/ccs/driverlib.lib
       sys_ctrl.obj                       420     0         0      
       osc.obj                            340     0         36     
       setup.obj                          324     0         0      
       interrupt.obj                      74      0         216    
       chipinfo.obj                       250     0         0      
       prcm.obj                           160     0         0      
       aux_sysif.obj                      52      8         0      
       cpu.obj                            30      0         0      
       driverlib_release.obj              0       0         1      
    +--+----------------------------------+-------+---------+---------+
       Total:                             1650    8         253    
                                                                   
    C:/ti/simplelink_cc13x2_26x2_sdk_4_40_04_04/source/ti/drivers/lib/ccs/m4f/drivers_cc26x2.a
       PowerCC26X2.oem4f                  2024    84        368    
       PINCC26XX.oem4f                    1470    0         328    
       PowerCC26X2_calibrateRCOSC.oem4f   1400    0         0      
       GPTimerCC26XX.oem4f                1060    36        0      
       PWMTimerCC26XX.oem4f               836     36        16     
       TimerCC26XX.oem4f                  534     32        0      
       PWM.oem4f                          182     24        1      
       Timer.oem4f                        178     12        1      
    +--+----------------------------------+-------+---------+---------+
       Total:                             7684    224       714    
                                                                   
    C:\ti\ccs1020\ccs\tools\compiler\ti-cgt-arm_20.2.2.LTS\lib\rtsv7M4_T_le_v4SPD16_eabi.lib
       memcpy_t2.asm.obj                  156     0         0      
       ull_div_t2.asm.obj                 150     0         0      
       memset_t2.asm.obj                  122     0         0      
       copy_decompress_lzss.c.obj         104     0         0      
       autoinit.c.obj                     68      0         0      
       boot_cortex_m.c.obj                48      0         0      
       args_main.c.obj                    24      0         0      
       ll_mul_t2.asm.obj                  24      0         0      
       copy_decompress_none.c.obj         14      0         0      
       copy_zero_init.c.obj               12      0         0      
       exit.c.obj                         4       0         0      
       pre_init.c.obj                     4       0         0      
       div0.asm.obj                       2       0         0      
    +--+----------------------------------+-------+---------+---------+
       Total:                             732     0         0      
                                                                   
       Heap:                              0       0         16384  
       Stack:                             0       0         1024   
       Linker Generated:                  0       103       0      
    +--+----------------------------------+-------+---------+---------+
       Grand Total:                       14232   802       19218  


LINKER GENERATED COPY TABLES

__TI_cinit_table @ 00003a58 records: 3, size/record: 8, table size: 24
	.data: load addr=00003a08, load size=00000033 bytes, run addr=2000438c, run size=000002b0 bytes, compression=lzss
	.bss: load addr=00003a48, load size=00000008 bytes, run addr=20004000, run size=0000038c bytes, compression=zero_init
	.vtable_ram: load addr=00003a50, load size=00000008 bytes, run addr=20004700, run size=000000d8 bytes, compression=zero_init


LINKER GENERATED HANDLER TABLE

__TI_handler_table @ 00003a3c records: 3, size/record: 4, table size: 12
	index: 0, handler: __TI_zero_init
	index: 1, handler: __TI_decompress_lzss
	index: 2, handler: __TI_decompress_none


GLOBAL SYMBOLS: SORTED ALPHABETICALLY BY Name 

address   name                                                               
-------   ----                                                               
000039d8  BoardGpioInitTable                                                 
0000329d  Board_init                                                         
00001803  Board_initHook                                                     
00001aad  Board_sendExtFlashByte                                             
00002981  Board_shutDownExtFlash                                             
000024c9  Board_wakeUpExtFlash                                               
0000385d  C$$EXIT                                                            
000039f4  CONFIG_GPTIMER_0_CONST                                             
000039f5  CONFIG_GPTIMER_1_CONST                                             
000039f0  CONFIG_PWM_1_CONST                                                 
000039f2  CONFIG_TIMER_0_CONST                                               
00003651  ClockP_Params_init                                                 
000032bd  ClockP_add                                                         
000025f9  ClockP_construct                                                   
0000348f  ClockP_destruct                                                    
0000373d  ClockP_doTick                                                      
00003661  ClockP_getCpuFreq                                                  
00003749  ClockP_getSystemTickPeriod                                         
00003159  ClockP_getTicks                                                    
00002cfd  ClockP_getTicksUntilInterrupt                                      
00003845  ClockP_isActive                                                    
0000317d  ClockP_scheduleNextTick                                            
00003849  ClockP_setTimeout                                                  
00003091  ClockP_sleep                                                       
00001b31  ClockP_start                                                       
000011a9  ClockP_startup                                                     
00003811  ClockP_stop                                                        
20004624  ClockP_tickPeriod                                                  
00001f69  ClockP_usleep                                                      
00001d2d  ClockP_walkQueueDynamic                                            
0000125d  ClockP_workFuncDynamic                                             
00003609  GPTimerCC26XX_Params_init                                          
00002e69  GPTimerCC26XX_close                                                
00003924  GPTimerCC26XX_config                                               
00002d65  GPTimerCC26XX_configureDebugStall                                  
000031a1  GPTimerCC26XX_enableInterrupt                                      
00003817  GPTimerCC26XX_getArg                                               
0000381d  GPTimerCC26XX_getValue                                             
00001805  GPTimerCC26XX_open                                                 
00002389  GPTimerCC26XX_registerInterrupt                                    
00003823  GPTimerCC26XX_setArg                                               
000037f1  GPTimerCC26XX_setLoadValue                                         
000037f9  GPTimerCC26XX_setMatchValue                                        
00002561  GPTimerCC26XX_start                                                
00002285  GPTimerCC26XX_stop                                                 
00002b01  GPTimerCC26XX_unregisterInterrupt                                  
000039f6  GPTimer_count                                                      
0000361b  HwiP_Params_init                                                   
00001bb1  HwiP_construct                                                     
000033b5  HwiP_destruct                                                      
00003671  HwiP_disable                                                       
0000384d  HwiP_enable                                                        
000034a9  HwiP_inISR                                                         
00003681  HwiP_post                                                          
00003801  HwiP_restore                                                       
20004634  HwiP_swiPIntNum                                                    
UNDEFED   ITM_flush                                                          
UNDEFED   ITM_restore                                                        
00002d99  NOROM_AUXSYSIFOpModeChange                                         
00003755  NOROM_CPUcpsid                                                     
00003761  NOROM_CPUcpsie                                                     
00003829  NOROM_CPUdelay                                                     
000033d1  NOROM_ChipInfo_GetChipFamily                                       
00001efd  NOROM_ChipInfo_GetChipType                                         
00002761  NOROM_ChipInfo_GetHwRevision                                       
000034c1  NOROM_ChipInfo_GetPackageType                                      
00002dcd  NOROM_IntRegister                                                  
0000357d  NOROM_IntUnregister                                                
0000188d  NOROM_OSCHF_AttemptToSwitchToXosc                                  
00001fd1  NOROM_OSCHF_SwitchToRcOscTurnOffXosc                               
000031e9  NOROM_OSCHF_TurnOnXosc                                             
000029c1  NOROM_OSC_HPOSCRelativeFrequencyOffsetGet                          
00002335  NOROM_PRCMPowerDomainsAllOff                                       
000025ad  NOROM_PRCMPowerDomainsAllOn                                        
000016d5  NOROM_SetupTrimDevice                                              
00002e01  NOROM_SysCtrlIdle                                                  
00001c31  NOROM_SysCtrlSetRechargeBeforePowerDown                            
00000b15  NOROM_SysCtrlStandby                                               
00003551  NOROM_ThisLibraryIsFor_CC13x2_CC26x2_HwRev20AndLater_HaltIfViolated
0000384d  NoRTOS_start                                                       
00003691  PINCC26XX_getPinCount                                              
000039e8  PINCC26XX_hwAttrs                                                  
00002e99  PINCC26XX_setMux                                                   
00001e8d  PIN_add                                                            
0000333d  PIN_close                                                          
000000d9  PIN_init                                                           
00001309  PIN_open                                                           
00002171  PIN_remove                                                         
00002b79  PIN_setConfig                                                      
00002b3d  PIN_setOutputValue                                                 
00002fb5  PWMTimerCC26XX_close                                               
00003441  PWMTimerCC26XX_control                                             
000038c4  PWMTimerCC26XX_fxnTable                                            
000024c7  PWMTimerCC26XX_init                                                
00000ce5  PWMTimerCC26XX_open                                                
00002689  PWMTimerCC26XX_setDuty                                             
00001501  PWMTimerCC26XX_setDutyAndPeriod                                    
000021cd  PWMTimerCC26XX_setPeriod                                           
00002ec9  PWMTimerCC26XX_start                                               
00002fe1  PWMTimerCC26XX_stop                                                
00003591  PWM_Params_init                                                    
000039a4  PWM_config                                                         
000039f1  PWM_count                                                          
0000393c  PWM_defaultParams                                                  
000027e9  PWM_init                                                           
00002a01  PWM_open                                                           
000037b5  PWM_setDuty                                                        
000037bf  PWM_start                                                          
000037c9  PWM_stop                                                           
000026d1  PowerCC26X2_RCOSC_clockFunc                                        
00001e19  PowerCC26X2_auxISR                                                 
000035a5  PowerCC26X2_calibrate                                              
00003980  PowerCC26X2_config                                                 
000022dd  PowerCC26X2_initiateCalibration                                    
2000438c  PowerCC26X2_module                                                 
0000345b  PowerCC26XX_calibrate                                              
000036a1  PowerCC26XX_schedulerDisable                                       
0000376d  PowerCC26XX_schedulerRestore                                       
00000c05  PowerCC26XX_standbyPolicy                                          
000035b9  Power_disablePolicy                                                
000036b1  Power_enablePolicy                                                 
00003779  Power_getConstraintMask                                            
00003785  Power_getDependencyCount                                           
0000335b  Power_getTransitionLatency                                         
000034d9  Power_idleFunc                                                     
0000076d  Power_init                                                         
00002ef9  Power_releaseConstraint                                            
00000f75  Power_releaseDependency                                            
00002f29  Power_setConstraint                                                
000010f1  Power_setDependency                                                
000002b9  Power_sleep                                                        
00003711  QueueP_empty                                                       
00003475  QueueP_get                                                         
00003851  QueueP_head                                                        
0000382f  QueueP_init                                                        
00003855  QueueP_next                                                        
000032fd  QueueP_put                                                         
0000371f  QueueP_remove                                                      
000036c1  SemaphoreP_Params_init                                             
00002429  SemaphoreP_construct                                               
00003379  SemaphoreP_constructBinary                                         
20004610  SemaphoreP_defaultParams                                           
00003157  SemaphoreP_destruct                                                
00001461  SemaphoreP_pend                                                    
0000282d  SemaphoreP_post                                                    
000036d1  SwiP_Params_init                                                   
00000e9d  SwiP_construct                                                     
00003409  SwiP_disable                                                       
0000159d  SwiP_dispatch                                                      
00003791  SwiP_getTrigger                                                    
00003397  SwiP_or                                                            
00002039  SwiP_post                                                          
00002871  SwiP_restore                                                       
000030b9  TimerCC26XX_close                                                  
00003835  TimerCC26XX_control                                                
000038e8  TimerCC26XX_fxnTable                                               
00003809  TimerCC26XX_getCount                                               
0000329b  TimerCC26XX_init                                                   
00000dc1  TimerCC26XX_open                                                   
00002229  TimerCC26XX_setPeriod                                              
000028b5  TimerCC26XX_start                                                  
00002c91  TimerCC26XX_stop                                                   
000036e1  TimerP_Params_init                                                 
00001035  TimerP_construct                                                   
0000331d  TimerP_dynamicStub                                                 
000035e1  TimerP_getCount64                                                  
00002bb1  TimerP_getCurrentTick                                              
0000379d  TimerP_getFreq                                                     
0000320d  TimerP_getMaxTicks                                                 
00002be9  TimerP_initDevice                                                  
00002cc7  TimerP_setNextTick                                                 
00003039  TimerP_setThreshold                                                
000020a1  TimerP_start                                                       
000034f1  TimerP_startup                                                     
000036f1  Timer_Params_init                                                  
000039b0  Timer_config                                                       
000039f3  Timer_count                                                        
000028f9  Timer_init                                                         
00002a41  Timer_open                                                         
000037d3  Timer_setPeriod                                                    
000037dd  Timer_start                                                        
000037e7  Timer_stop                                                         
20014000  __STACK_END                                                        
00000400  __STACK_SIZE                                                       
00004000  __SYSMEM_SIZE                                                      
00003a58  __TI_CINIT_Base                                                    
00003a70  __TI_CINIT_Limit                                                   
00003a3c  __TI_Handler_Table_Base                                            
00003a48  __TI_Handler_Table_Limit                                           
0000293d  __TI_auto_init_nobinit_nopinit                                     
00002109  __TI_decompress_lzss                                               
0000372d  __TI_decompress_none                                               
ffffffff  __TI_pprof_out_hndl                                                
ffffffff  __TI_prof_data_size                                                
ffffffff  __TI_prof_data_start                                               
00000000  __TI_static_base__                                                 
000037a9  __TI_zero_init                                                     
0000386f  __aeabi_idiv0                                                      
0000386f  __aeabi_ldiv0                                                      
00003521  __aeabi_lmul                                                       
00001cb1  __aeabi_memclr                                                     
00001cb1  __aeabi_memclr4                                                    
00001cb1  __aeabi_memclr8                                                    
00001639  __aeabi_memcpy                                                     
00001639  __aeabi_memcpy4                                                    
00001639  __aeabi_memcpy8                                                    
00001cb3  __aeabi_memset                                                     
00001cb3  __aeabi_memset4                                                    
00001cb3  __aeabi_memset8                                                    
0000176d  __aeabi_uldivmod                                                   
ffffffff  __binit__                                                          
000039fc  __c_args__                                                         
00057fa8  __ccfg                                                             
UNDEFED   __mpu_init                                                         
20013c00  __stack                                                            
20000000  __start___llvm_prf_cnts                                            
20000000  __stop___llvm_prf_cnts                                             
00003509  _args_main                                                         
00002f59  _c_int00                                                           
200045d4  _hposcCoeffs                                                       
20000000  _sys_memory                                                        
UNDEFED   _system_post_cinit                                                 
00003859  _system_pre_init                                                   
0000385d  abort                                                              
ffffffff  binit                                                              
0000362d  cleanup                                                            
000034a7  clkFxn                                                             
20004361  driverlib_release_0_59848                                          
20004700  g_pfnRAMVectors                                                    
00000000  g_pfnVectors                                                       
20004388  g_timer0                                                           
00003954  gptimerCC26XXHWAttrs                                               
200040a0  gptimerCC26XXObjects                                               
00002a81  informUserOfStartup                                                
00002479  initializePWM                                                      
00002ac1  initializeTimer                                                    
0000363f  main                                                               
00002c21  mainThread                                                         
00001639  memcpy                                                             
00001cb9  memset                                                             
20004138  pinHandleTable                                                     
2000461c  pinLowerBound                                                      
20004618  pinUpperBound                                                      
20004628  pwm1                                                               
000039f7  pwmTimerCC26XXHWAttrs                                              
200042e0  pwmTimerCC26XXObjects                                              
000035f5  resetISR                                                           
00003870  resourceDB                                                         
00003091  sleep                                                              
00003425  startTimer                                                         
00003701  stopTimer                                                          
000039f9  timerCC26XXHWAttrs                                                 
200041b4  timerCC26XXObjects                                                 
00003109  timerISR                                                           
00003065  updateDutyCycle                                                    
00001f69  usleep                                                             


GLOBAL SYMBOLS: SORTED BY Symbol Address 

address   name                                                               
-------   ----                                                               
00000000  __TI_static_base__                                                 
00000000  g_pfnVectors                                                       
000000d9  PIN_init                                                           
000002b9  Power_sleep                                                        
00000400  __STACK_SIZE                                                       
0000076d  Power_init                                                         
00000b15  NOROM_SysCtrlStandby                                               
00000c05  PowerCC26XX_standbyPolicy                                          
00000ce5  PWMTimerCC26XX_open                                                
00000dc1  TimerCC26XX_open                                                   
00000e9d  SwiP_construct                                                     
00000f75  Power_releaseDependency                                            
00001035  TimerP_construct                                                   
000010f1  Power_setDependency                                                
000011a9  ClockP_startup                                                     
0000125d  ClockP_workFuncDynamic                                             
00001309  PIN_open                                                           
00001461  SemaphoreP_pend                                                    
00001501  PWMTimerCC26XX_setDutyAndPeriod                                    
0000159d  SwiP_dispatch                                                      
00001639  __aeabi_memcpy                                                     
00001639  __aeabi_memcpy4                                                    
00001639  __aeabi_memcpy8                                                    
00001639  memcpy                                                             
000016d5  NOROM_SetupTrimDevice                                              
0000176d  __aeabi_uldivmod                                                   
00001803  Board_initHook                                                     
00001805  GPTimerCC26XX_open                                                 
0000188d  NOROM_OSCHF_AttemptToSwitchToXosc                                  
00001aad  Board_sendExtFlashByte                                             
00001b31  ClockP_start                                                       
00001bb1  HwiP_construct                                                     
00001c31  NOROM_SysCtrlSetRechargeBeforePowerDown                            
00001cb1  __aeabi_memclr                                                     
00001cb1  __aeabi_memclr4                                                    
00001cb1  __aeabi_memclr8                                                    
00001cb3  __aeabi_memset                                                     
00001cb3  __aeabi_memset4                                                    
00001cb3  __aeabi_memset8                                                    
00001cb9  memset                                                             
00001d2d  ClockP_walkQueueDynamic                                            
00001e19  PowerCC26X2_auxISR                                                 
00001e8d  PIN_add                                                            
00001efd  NOROM_ChipInfo_GetChipType                                         
00001f69  ClockP_usleep                                                      
00001f69  usleep                                                             
00001fd1  NOROM_OSCHF_SwitchToRcOscTurnOffXosc                               
00002039  SwiP_post                                                          
000020a1  TimerP_start                                                       
00002109  __TI_decompress_lzss                                               
00002171  PIN_remove                                                         
000021cd  PWMTimerCC26XX_setPeriod                                           
00002229  TimerCC26XX_setPeriod                                              
00002285  GPTimerCC26XX_stop                                                 
000022dd  PowerCC26X2_initiateCalibration                                    
00002335  NOROM_PRCMPowerDomainsAllOff                                       
00002389  GPTimerCC26XX_registerInterrupt                                    
00002429  SemaphoreP_construct                                               
00002479  initializePWM                                                      
000024c7  PWMTimerCC26XX_init                                                
000024c9  Board_wakeUpExtFlash                                               
00002561  GPTimerCC26XX_start                                                
000025ad  NOROM_PRCMPowerDomainsAllOn                                        
000025f9  ClockP_construct                                                   
00002689  PWMTimerCC26XX_setDuty                                             
000026d1  PowerCC26X2_RCOSC_clockFunc                                        
00002761  NOROM_ChipInfo_GetHwRevision                                       
000027e9  PWM_init                                                           
0000282d  SemaphoreP_post                                                    
00002871  SwiP_restore                                                       
000028b5  TimerCC26XX_start                                                  
000028f9  Timer_init                                                         
0000293d  __TI_auto_init_nobinit_nopinit                                     
00002981  Board_shutDownExtFlash                                             
000029c1  NOROM_OSC_HPOSCRelativeFrequencyOffsetGet                          
00002a01  PWM_open                                                           
00002a41  Timer_open                                                         
00002a81  informUserOfStartup                                                
00002ac1  initializeTimer                                                    
00002b01  GPTimerCC26XX_unregisterInterrupt                                  
00002b3d  PIN_setOutputValue                                                 
00002b79  PIN_setConfig                                                      
00002bb1  TimerP_getCurrentTick                                              
00002be9  TimerP_initDevice                                                  
00002c21  mainThread                                                         
00002c91  TimerCC26XX_stop                                                   
00002cc7  TimerP_setNextTick                                                 
00002cfd  ClockP_getTicksUntilInterrupt                                      
00002d65  GPTimerCC26XX_configureDebugStall                                  
00002d99  NOROM_AUXSYSIFOpModeChange                                         
00002dcd  NOROM_IntRegister                                                  
00002e01  NOROM_SysCtrlIdle                                                  
00002e69  GPTimerCC26XX_close                                                
00002e99  PINCC26XX_setMux                                                   
00002ec9  PWMTimerCC26XX_start                                               
00002ef9  Power_releaseConstraint                                            
00002f29  Power_setConstraint                                                
00002f59  _c_int00                                                           
00002fb5  PWMTimerCC26XX_close                                               
00002fe1  PWMTimerCC26XX_stop                                                
00003039  TimerP_setThreshold                                                
00003065  updateDutyCycle                                                    
00003091  ClockP_sleep                                                       
00003091  sleep                                                              
000030b9  TimerCC26XX_close                                                  
00003109  timerISR                                                           
00003157  SemaphoreP_destruct                                                
00003159  ClockP_getTicks                                                    
0000317d  ClockP_scheduleNextTick                                            
000031a1  GPTimerCC26XX_enableInterrupt                                      
000031e9  NOROM_OSCHF_TurnOnXosc                                             
0000320d  TimerP_getMaxTicks                                                 
0000329b  TimerCC26XX_init                                                   
0000329d  Board_init                                                         
000032bd  ClockP_add                                                         
000032fd  QueueP_put                                                         
0000331d  TimerP_dynamicStub                                                 
0000333d  PIN_close                                                          
0000335b  Power_getTransitionLatency                                         
00003379  SemaphoreP_constructBinary                                         
00003397  SwiP_or                                                            
000033b5  HwiP_destruct                                                      
000033d1  NOROM_ChipInfo_GetChipFamily                                       
00003409  SwiP_disable                                                       
00003425  startTimer                                                         
00003441  PWMTimerCC26XX_control                                             
0000345b  PowerCC26XX_calibrate                                              
00003475  QueueP_get                                                         
0000348f  ClockP_destruct                                                    
000034a7  clkFxn                                                             
000034a9  HwiP_inISR                                                         
000034c1  NOROM_ChipInfo_GetPackageType                                      
000034d9  Power_idleFunc                                                     
000034f1  TimerP_startup                                                     
00003509  _args_main                                                         
00003521  __aeabi_lmul                                                       
00003551  NOROM_ThisLibraryIsFor_CC13x2_CC26x2_HwRev20AndLater_HaltIfViolated
0000357d  NOROM_IntUnregister                                                
00003591  PWM_Params_init                                                    
000035a5  PowerCC26X2_calibrate                                              
000035b9  Power_disablePolicy                                                
000035e1  TimerP_getCount64                                                  
000035f5  resetISR                                                           
00003609  GPTimerCC26XX_Params_init                                          
0000361b  HwiP_Params_init                                                   
0000362d  cleanup                                                            
0000363f  main                                                               
00003651  ClockP_Params_init                                                 
00003661  ClockP_getCpuFreq                                                  
00003671  HwiP_disable                                                       
00003681  HwiP_post                                                          
00003691  PINCC26XX_getPinCount                                              
000036a1  PowerCC26XX_schedulerDisable                                       
000036b1  Power_enablePolicy                                                 
000036c1  SemaphoreP_Params_init                                             
000036d1  SwiP_Params_init                                                   
000036e1  TimerP_Params_init                                                 
000036f1  Timer_Params_init                                                  
00003701  stopTimer                                                          
00003711  QueueP_empty                                                       
0000371f  QueueP_remove                                                      
0000372d  __TI_decompress_none                                               
0000373d  ClockP_doTick                                                      
00003749  ClockP_getSystemTickPeriod                                         
00003755  NOROM_CPUcpsid                                                     
00003761  NOROM_CPUcpsie                                                     
0000376d  PowerCC26XX_schedulerRestore                                       
00003779  Power_getConstraintMask                                            
00003785  Power_getDependencyCount                                           
00003791  SwiP_getTrigger                                                    
0000379d  TimerP_getFreq                                                     
000037a9  __TI_zero_init                                                     
000037b5  PWM_setDuty                                                        
000037bf  PWM_start                                                          
000037c9  PWM_stop                                                           
000037d3  Timer_setPeriod                                                    
000037dd  Timer_start                                                        
000037e7  Timer_stop                                                         
000037f1  GPTimerCC26XX_setLoadValue                                         
000037f9  GPTimerCC26XX_setMatchValue                                        
00003801  HwiP_restore                                                       
00003809  TimerCC26XX_getCount                                               
00003811  ClockP_stop                                                        
00003817  GPTimerCC26XX_getArg                                               
0000381d  GPTimerCC26XX_getValue                                             
00003823  GPTimerCC26XX_setArg                                               
00003829  NOROM_CPUdelay                                                     
0000382f  QueueP_init                                                        
00003835  TimerCC26XX_control                                                
00003845  ClockP_isActive                                                    
00003849  ClockP_setTimeout                                                  
0000384d  HwiP_enable                                                        
0000384d  NoRTOS_start                                                       
00003851  QueueP_head                                                        
00003855  QueueP_next                                                        
00003859  _system_pre_init                                                   
0000385d  C$$EXIT                                                            
0000385d  abort                                                              
0000386f  __aeabi_idiv0                                                      
0000386f  __aeabi_ldiv0                                                      
00003870  resourceDB                                                         
000038c4  PWMTimerCC26XX_fxnTable                                            
000038e8  TimerCC26XX_fxnTable                                               
00003924  GPTimerCC26XX_config                                               
0000393c  PWM_defaultParams                                                  
00003954  gptimerCC26XXHWAttrs                                               
00003980  PowerCC26X2_config                                                 
000039a4  PWM_config                                                         
000039b0  Timer_config                                                       
000039d8  BoardGpioInitTable                                                 
000039e8  PINCC26XX_hwAttrs                                                  
000039f0  CONFIG_PWM_1_CONST                                                 
000039f1  PWM_count                                                          
000039f2  CONFIG_TIMER_0_CONST                                               
000039f3  Timer_count                                                        
000039f4  CONFIG_GPTIMER_0_CONST                                             
000039f5  CONFIG_GPTIMER_1_CONST                                             
000039f6  GPTimer_count                                                      
000039f7  pwmTimerCC26XXHWAttrs                                              
000039f9  timerCC26XXHWAttrs                                                 
000039fc  __c_args__                                                         
00003a3c  __TI_Handler_Table_Base                                            
00003a48  __TI_Handler_Table_Limit                                           
00003a58  __TI_CINIT_Base                                                    
00003a70  __TI_CINIT_Limit                                                   
00004000  __SYSMEM_SIZE                                                      
00057fa8  __ccfg                                                             
20000000  __start___llvm_prf_cnts                                            
20000000  __stop___llvm_prf_cnts                                             
20000000  _sys_memory                                                        
200040a0  gptimerCC26XXObjects                                               
20004138  pinHandleTable                                                     
200041b4  timerCC26XXObjects                                                 
200042e0  pwmTimerCC26XXObjects                                              
20004361  driverlib_release_0_59848                                          
20004388  g_timer0                                                           
2000438c  PowerCC26X2_module                                                 
200045d4  _hposcCoeffs                                                       
20004610  SemaphoreP_defaultParams                                           
20004618  pinUpperBound                                                      
2000461c  pinLowerBound                                                      
20004624  ClockP_tickPeriod                                                  
20004628  pwm1                                                               
20004634  HwiP_swiPIntNum                                                    
20004700  g_pfnRAMVectors                                                    
20013c00  __stack                                                            
20014000  __STACK_END                                                        
ffffffff  __TI_pprof_out_hndl                                                
ffffffff  __TI_prof_data_size                                                
ffffffff  __TI_prof_data_start                                               
ffffffff  __binit__                                                          
ffffffff  binit                                                              
UNDEFED   ITM_flush                                                          
UNDEFED   ITM_restore                                                        
UNDEFED   __mpu_init                                                         
UNDEFED   _system_post_cinit                                                 

[256 symbols]
