******************************************************************************
                  TI ARM Linker PC v20.2.2                     
******************************************************************************
>> Linked Fri Mar  5 11:27:43 2021

OUTPUT FILE NAME:   <pwmled2_CC26X2R1_LAUNCHXL_nortos_ccs.out>
ENTRY POINT SYMBOL: "resetISR"  address: 00003105


MEMORY CONFIGURATION

         name            origin    length      used     unused   attr    fill
----------------------  --------  ---------  --------  --------  ----  --------
  FLASH                 00000000   00058000  00003516  00054aea  R  X
  GPRAM                 11000000   00002000  00000000  00002000  RW X
  SRAM                  20000000   00014000  00004a5a  0000f5a6  RW X
  LOG_DATA              90000000   00040000  00000000  00040000  R   


SEGMENT ALLOCATION MAP

run origin  load origin   length   init length attrs members
----------  ----------- ---------- ----------- ----- -------
00000000    00000000    0000344e   0000344e    r-x
  00000000    00000000    000000d8   000000d8    r-- .intvecs
  000000d8    000000d8    00003240   00003240    r-x .text
  00003318    00003318    00000136   00000136    r-- .const
00003450    00003450    00000008   00000008    rw-
  00003450    00003450    00000008   00000008    rw- .args
00003458    00003458    00000068   00000068    r--
  00003458    00003458    00000068   00000068    r-- .cinit
00057fa8    00057fa8    00000058   00000058    r--
  00057fa8    00057fa8    00000058   00000058    r-- .ccfg
20000000    20000000    00004582   00000000    rw-
  20000000    20000000    00004000   00000000    rw- .sysmem
  20004000    20004000    000002d4   00000000    rw- .bss
  200042d4    200042d4    000002ae   00000000    rw- .data
20004600    20004600    000000d8   00000000    rw-
  20004600    20004600    000000d8   00000000    rw- .vtable_ram
20013c00    20013c00    00000400   00000000    rw-
  20013c00    20013c00    00000400   00000000    rw- .stack


SECTION ALLOCATION MAP

 output                                  attributes/
section   page    origin      length       input sections
--------  ----  ----------  ----------   ----------------
.intvecs   0    00000000    000000d8     
                  00000000    000000d8     nortos_cc26x2.a : startup_cc13x2_cc26x2_ccs.oem4f (.intvecs)

.text      0    000000d8    00003240     
                  000000d8    000001e0     drivers_cc26x2.a : PINCC26XX.oem4f (.text:PIN_init)
                  000002b8    00000198                      : PowerCC26X2.oem4f (.text:Power_sleep)
                  00000450    00000190                      : PowerCC26X2_calibrateRCOSC.oem4f (.text:calibrateRcoscHf1)
                  000005e0    0000018c                      : PowerCC26X2_calibrateRCOSC.oem4f (.text:runCalibrateFsm)
                  0000076c    00000174                      : PowerCC26X2.oem4f (.text:Power_init)
                  000008e0    00000120                      : PowerCC26X2.oem4f (.text:configureXOSCHF)
                  00000a00    00000114                      : PINCC26XX.oem4f (.text:PINCC26XX_setIoCfg)
                  00000b14    000000f0     driverlib.lib : sys_ctrl.obj (.text:NOROM_SysCtrlStandby)
                  00000c04    000000e0     nortos_cc26x2.a : PowerCC26X2_nortos.oem4f (.text:PowerCC26XX_standbyPolicy)
                  00000ce4    000000dc     drivers_cc26x2.a : PWMTimerCC26XX.oem4f (.text:PWMTimerCC26XX_open)
                  00000dc0    000000d8     nortos_cc26x2.a : SwiP_nortos.oem4f (.text:SwiP_construct)
                  00000e98    000000c0     drivers_cc26x2.a : PowerCC26X2.oem4f (.text:Power_releaseDependency)
                  00000f58    000000bc     nortos_cc26x2.a : TimerPCC26XX_nortos.oem4f (.text:TimerP_construct)
                  00001014    000000b8     drivers_cc26x2.a : PowerCC26X2.oem4f (.text:Power_setDependency)
                  000010cc    000000b4     nortos_cc26x2.a : ClockPTimer_nortos.oem4f (.text:ClockP_startup)
                  00001180    000000ac                     : ClockPTimer_nortos.oem4f (.text:ClockP_workFuncDynamic)
                  0000122c    000000ac     drivers_cc26x2.a : PINCC26XX.oem4f (.text:PIN_open)
                  000012d8    000000ac     driverlib.lib : setup.obj (.text:TrimAfterColdResetWakeupFromShutDown)
                  00001384    000000a0     nortos_cc26x2.a : SemaphoreP_nortos.oem4f (.text:SemaphoreP_pend)
                  00001424    0000009c     drivers_cc26x2.a : PWMTimerCC26XX.oem4f (.text:PWMTimerCC26XX_setDutyAndPeriod)
                  000014c0    0000009c     nortos_cc26x2.a : SwiP_nortos.oem4f (.text:SwiP_dispatch)
                  0000155c    0000009c     rtsv7M4_T_le_v4SPD16_eabi.lib : memcpy_t2.asm.obj (.text)
                  000015f8    00000098     driverlib.lib : setup.obj (.text:NOROM_SetupTrimDevice)
                  00001690    00000096     rtsv7M4_T_le_v4SPD16_eabi.lib : ull_div_t2.asm.obj (.text)
                  00001726    00000002     ti_drivers_config.obj (.text:Board_initHook)
                  00001728    00000088     drivers_cc26x2.a : GPTimerCC26XX.oem4f (.text:GPTimerCC26XX_open)
                  000017b0    00000088     driverlib.lib : osc.obj (.text:NOROM_OSCHF_AttemptToSwitchToXosc)
                  00001838    00000088     drivers_cc26x2.a : PowerCC26X2_calibrateRCOSC.oem4f (.text:calibrateRcoscHf2)
                  000018c0    00000088                      : PowerCC26X2.oem4f (.text:disableLFClockQualifiers)
                  00001948    00000088                      : PowerCC26X2_calibrateRCOSC.oem4f (.text:updateSubSecInc)
                  000019d0    00000084     ti_drivers_config.obj (.text:Board_sendExtFlashByte)
                  00001a54    00000080     nortos_cc26x2.a : ClockPTimer_nortos.oem4f (.text:ClockP_start)
                  00001ad4    00000080                     : HwiPCC26XX_nortos.oem4f (.text:HwiP_construct)
                  00001b54    00000080     driverlib.lib : sys_ctrl.obj (.text:NOROM_SysCtrlSetRechargeBeforePowerDown)
                  00001bd4    00000078     nortos_cc26x2.a : ClockPTimer_nortos.oem4f (.text:ClockP_walkQueueDynamic)
                  00001c4c    00000074     drivers_cc26x2.a : GPTimerCC26XX.oem4f (.text:GPTimerCC26XX_resetHw)
                  00001cc0    00000074                      : PowerCC26X2_calibrateRCOSC.oem4f (.text:PowerCC26X2_auxISR)
                  00001d34    00000070                      : PINCC26XX.oem4f (.text:PIN_add)
                  00001da4    0000006c     driverlib.lib : chipinfo.obj (.text:NOROM_ChipInfo_GetChipType)
                  00001e10    00000068     nortos_cc26x2.a : ClockPTimer_nortos.oem4f (.text:ClockP_usleep)
                  00001e78    00000068     driverlib.lib : osc.obj (.text:NOROM_OSCHF_SwitchToRcOscTurnOffXosc)
                  00001ee0    00000068     nortos_cc26x2.a : SwiP_nortos.oem4f (.text:SwiP_post)
                  00001f48    00000068                     : TimerPCC26XX_nortos.oem4f (.text:TimerP_start)
                  00001fb0    00000068     rtsv7M4_T_le_v4SPD16_eabi.lib : copy_decompress_lzss.c.obj (.text:decompress:lzss:__TI_decompress_lzss)
                  00002018    0000005c     drivers_cc26x2.a : PINCC26XX.oem4f (.text:PIN_remove)
                  00002074    0000005c                      : PWMTimerCC26XX.oem4f (.text:PWMTimerCC26XX_setPeriod)
                  000020d0    00000058                      : GPTimerCC26XX.oem4f (.text:GPTimerCC26XX_stop)
                  00002128    00000058                      : PowerCC26X2_calibrateRCOSC.oem4f (.text:PowerCC26X2_initiateCalibration)
                  00002180    00000054     driverlib.lib : prcm.obj (.text:NOROM_PRCMPowerDomainsAllOff)
                  000021d4    00000050     drivers_cc26x2.a : PWMTimerCC26XX.oem4f (.text:PWMTimerCC26XX_getdutyCounts)
                  00002224    00000050     nortos_cc26x2.a : SemaphoreP_nortos.oem4f (.text:SemaphoreP_construct)
                  00002274    00000050     pwmled2.obj (.text:mainThread)
                  000022c4    0000004e     pwmled2.obj (.text:initializePWM)
                  00002312    00000002     drivers_cc26x2.a : PWMTimerCC26XX.oem4f (.text:PWMTimerCC26XX_init)
                  00002314    0000004c     ti_drivers_config.obj (.text:Board_wakeUpExtFlash)
                  00002360    0000004c     drivers_cc26x2.a : GPTimerCC26XX.oem4f (.text:GPTimerCC26XX_initHw)
                  000023ac    0000004c                      : GPTimerCC26XX.oem4f (.text:GPTimerCC26XX_start)
                  000023f8    0000004c     driverlib.lib : prcm.obj (.text:NOROM_PRCMPowerDomainsAllOn)
                  00002444    00000048     nortos_cc26x2.a : ClockPTimer_nortos.oem4f (.text:ClockP_construct)
                  0000248c    00000048     drivers_cc26x2.a : PWMTimerCC26XX.oem4f (.text:PWMTimerCC26XX_setDuty)
                  000024d4    00000048                      : PowerCC26X2_calibrateRCOSC.oem4f (.text:PowerCC26X2_RCOSC_clockFunc)
                  0000251c    00000048                      : PowerCC26X2.oem4f (.text:switchXOSCHF)
                  00002564    00000044     driverlib.lib : chipinfo.obj (.text:NOROM_ChipInfo_GetHwRevision)
                  000025a8    00000044     drivers_cc26x2.a : PINCC26XX.oem4f (.text:PIN_swi)
                  000025ec    00000044                      : PWM.oem4f (.text:PWM_init)
                  00002630    00000044     nortos_cc26x2.a : SemaphoreP_nortos.oem4f (.text:SemaphoreP_post)
                  00002674    00000044                     : SwiP_nortos.oem4f (.text:SwiP_restore)
                  000026b8    00000044     rtsv7M4_T_le_v4SPD16_eabi.lib : autoinit.c.obj (.text:__TI_auto_init_nobinit_nopinit:__TI_auto_init_nobinit_nopinit)
                  000026fc    00000040     ti_drivers_config.obj (.text:Board_shutDownExtFlash)
                  0000273c    00000040     driverlib.lib : osc.obj (.text:NOROM_OSC_HPOSCRelativeFrequencyOffsetGet)
                  0000277c    00000040     drivers_cc26x2.a : PWM.oem4f (.text:PWM_open)
                  000027bc    00000040     pwmled2.obj (.text:informUserOfStartup)
                  000027fc    0000003c     drivers_cc26x2.a : PINCC26XX.oem4f (.text:PIN_setOutputValue)
                  00002838    00000038                      : PINCC26XX.oem4f (.text:PIN_setConfig)
                  00002870    00000038     nortos_cc26x2.a : TimerPCC26XX_nortos.oem4f (.text:TimerP_getCurrentTick)
                  000028a8    00000038                     : TimerPCC26XX_nortos.oem4f (.text:TimerP_initDevice)
                  000028e0    00000038     drivers_cc26x2.a : PowerCC26X2.oem4f (.text:notify)
                  00002918    00000036     nortos_cc26x2.a : TimerPCC26XX_nortos.oem4f (.text:TimerP_setNextTick)
                  0000294e    00000002                     : SemaphoreP_nortos.oem4f (.text:SemaphoreP_destruct)
                  00002950    00000034                     : ClockPTimer_nortos.oem4f (.text:ClockP_getTicksUntilInterrupt)
                  00002984    00000034     drivers_cc26x2.a : GPTimerCC26XX.oem4f (.text:GPTimerCC26XXSetLoadMatch)
                  000029b8    00000034                      : GPTimerCC26XX.oem4f (.text:GPTimerCC26XX_configureDebugStall)
                  000029ec    00000034     driverlib.lib : aux_sysif.obj (.text:NOROM_AUXSYSIFOpModeChange)
                  00002a20    00000034                   : interrupt.obj (.text:NOROM_IntRegister)
                  00002a54    00000034                   : sys_ctrl.obj (.text:NOROM_SysCtrlIdle)
                  00002a88    00000034     drivers_cc26x2.a : PWMTimerCC26XX.oem4f (.text:PWMTimerCC26XX_getperiodCounts)
                  00002abc    00000030                      : GPTimerCC26XX.oem4f (.text:GPTimerCC26XX_close)
                  00002aec    00000030                      : PINCC26XX.oem4f (.text:PINCC26XX_setMux)
                  00002b1c    00000030                      : PWMTimerCC26XX.oem4f (.text:PWMTimerCC26XX_start)
                  00002b4c    00000030                      : PowerCC26X2.oem4f (.text:Power_releaseConstraint)
                  00002b7c    00000030                      : PowerCC26X2.oem4f (.text:Power_setConstraint)
                  00002bac    00000030     rtsv7M4_T_le_v4SPD16_eabi.lib : boot_cortex_m.c.obj (.text:_c_int00:_c_int00)
                  00002bdc    0000002c     drivers_cc26x2.a : GPTimerCC26XX.oem4f (.text:GPTimerCC26XX_getTimerValue)
                  00002c08    0000002c                      : PWMTimerCC26XX.oem4f (.text:PWMTimerCC26XX_close)
                  00002c34    0000002c                      : PWMTimerCC26XX.oem4f (.text:PWMTimerCC26XX_stop)
                  00002c60    0000002c     nortos_cc26x2.a : TimerPCC26XX_nortos.oem4f (.text:TimerP_setThreshold)
                  00002c8c    0000002c     pwmled2.obj (.text:updateDutyCycle)
                  00002cb8    00000028     drivers_cc26x2.a : PowerCC26X2.oem4f (.text:oscillatorISR)
                  00002ce0    00000024     nortos_cc26x2.a : ClockPTimer_nortos.oem4f (.text:ClockP_getTicks)
                  00002d04    00000024                     : ClockPTimer_nortos.oem4f (.text:ClockP_scheduleNextTick)
                  00002d28    00000024                     : HwiPCC26XX_nortos.oem4f (.text:HwiP_dispatch)
                  00002d4c    00000024     driverlib.lib : osc.obj (.text:NOROM_OSCHF_TurnOnXosc)
                  00002d70    00000024     nortos_cc26x2.a : TimerPCC26XX_nortos.oem4f (.text:TimerP_getMaxTicks)
                  00002d94    00000024     drivers_cc26x2.a : PowerCC26X2_calibrateRCOSC.oem4f (.text:getTdcSemaphore)
                  00002db8    00000024     nortos_cc26x2.a : ClockPTimer_nortos.oem4f (.text:sleepTicks)
                  00002ddc    00000020     ti_drivers_config.obj (.text:Board_init)
                  00002dfc    00000020     nortos_cc26x2.a : ClockPTimer_nortos.oem4f (.text:ClockP_add)
                  00002e1c    00000020     drivers_cc26x2.a : PINCC26XX.oem4f (.text:PINCC26XX_setIoCfgMux)
                  00002e3c    00000020     nortos_cc26x2.a : QueueP_nortos.oem4f (.text:QueueP_put)
                  00002e5c    00000020                     : TimerPCC26XX_nortos.oem4f (.text:TimerP_dynamicStub)
                  00002e7c    0000001e     drivers_cc26x2.a : PINCC26XX.oem4f (.text:PIN_close)
                  00002e9a    0000001e                      : PowerCC26X2.oem4f (.text:Power_getTransitionLatency)
                  00002eb8    0000001e     nortos_cc26x2.a : SemaphoreP_nortos.oem4f (.text:SemaphoreP_constructBinary)
                  00002ed6    0000001e                     : SwiP_nortos.oem4f (.text:SwiP_or)
                  00002ef4    0000001c     driverlib.lib : chipinfo.obj (.text:NOROM_ChipInfo_GetChipFamily)
                  00002f10    0000001c     drivers_cc26x2.a : PINCC26XX.oem4f (.text:PIN_hwi)
                  00002f2c    0000001c     nortos_cc26x2.a : SwiP_nortos.oem4f (.text:SwiP_disable)
                  00002f48    0000001c     rtsv7M4_T_le_v4SPD16_eabi.lib : copy_zero_init.c.obj (.text:decompress:ZI:__TI_zero_init_nomemset:__TI_zero_init_nomemset)
                  00002f64    0000001a     drivers_cc26x2.a : PWMTimerCC26XX.oem4f (.text:PWMTimerCC26XX_control)
                  00002f7e    0000001a                      : PowerCC26X2.oem4f (.text:PowerCC26XX_calibrate)
                  00002f98    0000001a     nortos_cc26x2.a : QueueP_nortos.oem4f (.text:QueueP_get)
                  00002fb2    00000018                     : ClockPTimer_nortos.oem4f (.text:ClockP_destruct)
                  00002fca    00000002                     : SemaphoreP_nortos.oem4f (.text:clkFxn)
                  00002fcc    00000018                     : HwiPCC26XX_nortos.oem4f (.text:HwiP_inISR)
                  00002fe4    00000018     driverlib.lib : chipinfo.obj (.text:NOROM_ChipInfo_GetPackageType)
                  00002ffc    00000018     drivers_cc26x2.a : PowerCC26X2.oem4f (.text:Power_idleFunc)
                  00003014    00000018     nortos_cc26x2.a : TimerPCC26XX_nortos.oem4f (.text:TimerP_startup)
                  0000302c    00000018     rtsv7M4_T_le_v4SPD16_eabi.lib : args_main.c.obj (.text:_args_main)
                  00003044    00000018                                   : ll_mul_t2.asm.obj (.text)
                  0000305c    00000018     drivers_cc26x2.a : PowerCC26X2.oem4f (.text:switchToTCXO)
                  00003074    00000016     driverlib.lib : chipinfo.obj (.text:NOROM_ThisLibraryIsFor_CC13x2_CC26x2_HwRev20AndLater_HaltIfViolated)
                  0000308a    00000016     nortos_cc26x2.a : SwiP_nortos.oem4f (.text:maxbit)
                  000030a0    00000014     drivers_cc26x2.a : PWM.oem4f (.text:PWM_Params_init)
                  000030b4    00000014                      : PowerCC26X2_calibrateRCOSC.oem4f (.text:PowerCC26X2_calibrate)
                  000030c8    00000014                      : PowerCC26X2.oem4f (.text:Power_disablePolicy)
                  000030dc    00000014     nortos_cc26x2.a : SwiP_nortos.oem4f (.text:SwiP_handleHwi)
                  000030f0    00000014                     : TimerPCC26XX_nortos.oem4f (.text:TimerP_getCount64)
                  00003104    00000014                     : startup_cc13x2_cc26x2_ccs.oem4f (.text:resetISR)
                  00003118    00000012     drivers_cc26x2.a : GPTimerCC26XX.oem4f (.text:GPTimerCC26XX_Params_init)
                  0000312a    00000012     nortos_cc26x2.a : HwiPCC26XX_nortos.oem4f (.text:HwiP_Params_init)
                  0000313c    00000012     main_nortos.obj (.text:main)
                  0000314e    00000002     drivers_cc26x2.a : PowerCC26X2.oem4f (.text:emptyClockFunc)
                  00003150    00000010     nortos_cc26x2.a : ClockPTimer_nortos.oem4f (.text:ClockP_Params_init)
                  00003160    00000010                     : ClockPTimer_nortos.oem4f (.text:ClockP_getCpuFreq)
                  00003170    00000010                     : HwiPCC26XX_nortos.oem4f (.text:HwiP_disable)
                  00003180    00000010                     : HwiPCC26XX_nortos.oem4f (.text:HwiP_post)
                  00003190    00000010     drivers_cc26x2.a : PINCC26XX.oem4f (.text:PINCC26XX_getPinCount)
                  000031a0    00000010     nortos_cc26x2.a : PowerCC26X2_nortos.oem4f (.text:PowerCC26XX_schedulerDisable)
                  000031b0    00000010     drivers_cc26x2.a : PowerCC26X2.oem4f (.text:Power_enablePolicy)
                  000031c0    00000010     nortos_cc26x2.a : SemaphoreP_nortos.oem4f (.text:SemaphoreP_Params_init)
                  000031d0    00000010                     : SwiP_nortos.oem4f (.text:SwiP_Params_init)
                  000031e0    00000010                     : TimerPCC26XX_nortos.oem4f (.text:TimerP_Params_init)
                  000031f0    0000000e                     : QueueP_nortos.oem4f (.text:QueueP_empty)
                  000031fe    0000000e                     : QueueP_nortos.oem4f (.text:QueueP_remove)
                  0000320c    0000000e     pwmled2.obj (.text:cleanup)
                  0000321a    0000000e     rtsv7M4_T_le_v4SPD16_eabi.lib : copy_decompress_none.c.obj (.text:decompress:none:__TI_decompress_none)
                  00003228    0000000c     nortos_cc26x2.a : ClockPTimer_nortos.oem4f (.text:ClockP_doTick)
                  00003234    0000000c                     : ClockPTimer_nortos.oem4f (.text:ClockP_getSystemTickPeriod)
                  00003240    0000000c     driverlib.lib : cpu.obj (.text:NOROM_CPUcpsid)
                  0000324c    0000000c                   : cpu.obj (.text:NOROM_CPUcpsie)
                  00003258    0000000c     nortos_cc26x2.a : PowerCC26X2_nortos.oem4f (.text:PowerCC26XX_schedulerRestore)
                  00003264    0000000c     drivers_cc26x2.a : PowerCC26X2.oem4f (.text:Power_getConstraintMask)
                  00003270    0000000c                      : PowerCC26X2.oem4f (.text:Power_getDependencyCount)
                  0000327c    0000000c     nortos_cc26x2.a : SwiP_nortos.oem4f (.text:SwiP_getTrigger)
                  00003288    0000000c                     : TimerPCC26XX_nortos.oem4f (.text:TimerP_getFreq)
                  00003294    0000000a     drivers_cc26x2.a : PWM.oem4f (.text:PWM_setDuty)
                  0000329e    0000000a                      : PWM.oem4f (.text:PWM_start)
                  000032a8    0000000a                      : PWM.oem4f (.text:PWM_stop)
                  000032b2    00000008                      : GPTimerCC26XX.oem4f (.text:GPTimerCC26XX_setLoadValue)
                  000032ba    00000008                      : GPTimerCC26XX.oem4f (.text:GPTimerCC26XX_setMatchValue)
                  000032c2    00000008     nortos_cc26x2.a : HwiPCC26XX_nortos.oem4f (.text:HwiP_restore)
                  000032ca    00000006                     : ClockPTimer_nortos.oem4f (.text:ClockP_stop)
                  000032d0    00000006     drivers_cc26x2.a : GPTimerCC26XX.oem4f (.text:GPTimerCC26XX_getValue)
                  000032d6    00000006     driverlib.lib : cpu.obj (.text:NOROM_CPUdelay)
                  000032dc    00000006     nortos_cc26x2.a : QueueP_nortos.oem4f (.text:QueueP_init)
                  000032e2    00000006     drivers_cc26x2.a : PowerCC26X2.oem4f (.text:delayUs)
                  000032e8    00000004     nortos_cc26x2.a : PowerCC26X2_nortos.oem4f (.text:CPUwfi)
                  000032ec    00000004                     : ClockPTimer_nortos.oem4f (.text:ClockP_isActive)
                  000032f0    00000004                     : ClockPTimer_nortos.oem4f (.text:ClockP_setTimeout)
                  000032f4    00000004                     : HwiPCC26XX_nortos.oem4f (.text:HwiP_enable)
                  000032f8    00000004                     : QueueP_nortos.oem4f (.text:QueueP_head)
                  000032fc    00000004                     : QueueP_nortos.oem4f (.text:QueueP_next)
                  00003300    00000004     rtsv7M4_T_le_v4SPD16_eabi.lib : pre_init.c.obj (.text:_system_pre_init)
                  00003304    00000004                                   : exit.c.obj (.text:abort:abort)
                  00003308    00000004     drivers_cc26x2.a : PowerCC26X2.oem4f (.text:configureRFCoreClocks)
                  0000330c    00000004                      : PowerCC26X2.oem4f (.text:nopResourceHandler)
                  00003310    00000002     nortos_cc26x2.a : startup_cc13x2_cc26x2_ccs.oem4f (.text:faultISR)
                  00003312    00000002                     : startup_cc13x2_cc26x2_ccs.oem4f (.text:intDefaultHandler)
                  00003314    00000002                     : startup_cc13x2_cc26x2_ccs.oem4f (.text:nmiISR)
                  00003316    00000002     rtsv7M4_T_le_v4SPD16_eabi.lib : div0.asm.obj (.text)

.const     0    00003318    00000136     
                  00003318    00000054     drivers_cc26x2.a : PowerCC26X2.oem4f (.const:resourceDB)
                  0000336c    00000024                      : PWMTimerCC26XX.oem4f (.const:PWMTimerCC26XX_fxnTable)
                  00003390    0000001c                      : GPTimerCC26XX.oem4f (.const:GPT_LUT)
                  000033ac    00000018                      : PWM.oem4f (.const:PWM_defaultParams)
                  000033c4    00000014     ti_drivers_config.obj (.const:$P$T1$2)
                  000033d8    00000014     ti_drivers_config.obj (.const:PowerCC26X2_config)
                  000033ec    00000010     nortos_cc26x2.a : SwiP_nortos.oem4f (.const:SwiP_defaultParams)
                  000033fc    0000000c     ti_drivers_config.obj (.const:GPTimerCC26XX_config)
                  00003408    0000000c     ti_drivers_config.obj (.const:PWM_config)
                  00003414    0000000c     ti_drivers_config.obj (.const:gptimerCC26XXHWAttrs)
                  00003420    00000008     driverlib.lib : aux_sysif.obj (.const:$O1$$)
                  00003428    00000008     ti_drivers_config.obj (.const:$P$T0$1)
                  00003430    00000008     ti_drivers_config.obj (.const:BoardGpioInitTable)
                  00003438    00000008     drivers_cc26x2.a : GPTimerCC26XX.oem4f (.const:GPT_DefaultParams)
                  00003440    00000008     ti_drivers_config.obj (.const:PINCC26XX_hwAttrs)
                  00003448    00000004     ti_drivers_config.obj (.const)
                  0000344c    00000002     ti_drivers_config.obj (.const:pwmTimerCC26XXHWAttrs)

.binit     0    00000000    00000000     

.cinit     0    00003458    00000068     
                  00003458    00000031     (.cinit..data.load) [load image, compression = lzss]
                  00003489    00000003     --HOLE-- [fill = 0]
                  0000348c    0000000c     (__TI_handler_table)
                  00003498    00000008     (.cinit..bss.load) [load image, compression = zero_init]
                  000034a0    00000008     (.cinit..vtable_ram.load) [load image, compression = zero_init]
                  000034a8    00000018     (__TI_cinit_table)

.init_array 
*          0    00000000    00000000     UNINITIALIZED

.ccfg      0    00057fa8    00000058     
                  00057fa8    00000058     ti_devices_config.obj (.ccfg:retain)

.sysmem    0    20000000    00004000     UNINITIALIZED
                  20000000    00000010     rtsv7M4_T_le_v4SPD16_eabi.lib : memory.c.obj (.sysmem)
                  20000010    00003ff0     --HOLE--

.bss       0    20004000    000002d4     UNINITIALIZED
                  20004000    000000a0     nortos_cc26x2.a : ClockPTimer_nortos.oem4f (.bss:ClockP_module)
                  200040a0    0000007c     (.common:pinHandleTable)
                  2000411c    00000050     drivers_cc26x2.a : PINCC26XX.oem4f (.bss:pinSemaphore)
                  2000416c    0000004c     (.common:gptimerCC26XXObjects)
                  200041b8    00000034                      : PINCC26XX.oem4f (.bss:pinSwi)
                  200041ec    00000020     nortos_cc26x2.a : SwiP_nortos.oem4f (.bss:SwiP_readyList)
                  2000420c    00000020     drivers_cc26x2.a : PINCC26XX.oem4f (.bss:pinGpioConfigTable)
                  2000422c    00000020     (.common:pwmTimerCC26XXObjects)
                  2000424c    0000001c     nortos_cc26x2.a : SwiP_nortos.oem4f (.bss:SwiP_hwiStruct)
                  20004268    0000001c                     : TimerPCC26XX_nortos.oem4f (.bss:TimerP_hwiStruct)
                  20004284    0000001c     drivers_cc26x2.a : PINCC26XX.oem4f (.bss:pinHwi)
                  200042a0    0000000d     nortos_cc26x2.a : SwiP_nortos.oem4f (.bss)
                  200042ad    00000001     (.common:driverlib_release_0_59848)
                  200042ae    00000002     --HOLE--
                  200042b0    0000000c     drivers_cc26x2.a : PWMTimerCC26XX.oem4f (.bss:pinState)
                  200042bc    00000008     nortos_cc26x2.a : ClockPTimer_nortos.oem4f (.bss:timerFreq)
                  200042c4    00000004     drivers_cc26x2.a : PINCC26XX.oem4f (.bss)
                  200042c8    00000004     nortos_cc26x2.a : ClockPTimer_nortos.oem4f (.bss)
                  200042cc    00000004                     : PowerCC26X2_nortos.oem4f (.bss)
                  200042d0    00000004                     : TimerPCC26XX_nortos.oem4f (.bss)

.vtable_ram 
*          0    20004600    000000d8     UNINITIALIZED
                  20004600    000000d8     driverlib.lib : interrupt.obj (.vtable_ram)

.data      0    200042d4    000002ae     UNINITIALIZED
                  200042d4    00000170     drivers_cc26x2.a : PowerCC26X2.oem4f (.data:PowerCC26X2_module)
                  20004444    000000d8     nortos_cc26x2.a : HwiPCC26XX_nortos.oem4f (.data:HwiP_dispatchTable)
                  2000451c    00000024     driverlib.lib : osc.obj (.data:$O1$$)
                  20004540    0000000c     nortos_cc26x2.a : ClockPTimer_nortos.oem4f (.data:ClockP_defaultParams)
                  2000454c    0000000c                     : TimerPCC26XX_nortos.oem4f (.data:TimerP_defaultParams)
                  20004558    00000008                     : SemaphoreP_nortos.oem4f (.data:SemaphoreP_defaultParams)
                  20004560    00000008     drivers_cc26x2.a : PINCC26XX.oem4f (.data)
                  20004568    00000008     nortos_cc26x2.a : ClockPTimer_nortos.oem4f (.data)
                  20004570    00000004     drivers_cc26x2.a : PWMTimerCC26XX.oem4f (.data)
                  20004574    00000004     nortos_cc26x2.a : HwiPCC26XX_nortos.oem4f (.data)
                  20004578    00000004     pwmled2.obj (.data)
                  2000457c    00000003     nortos_cc26x2.a : SemaphoreP_nortos.oem4f (.data)
                  2000457f    00000001     drivers_cc26x2.a : PWM.oem4f (.data)
                  20004580    00000001     nortos_cc26x2.a : SwiP_nortos.oem4f (.data)
                  20004581    00000001                     : TimerPCC26XX_nortos.oem4f (.data)

.stack     0    20013c00    00000400     UNINITIALIZED
                  20013c00    00000004     rtsv7M4_T_le_v4SPD16_eabi.lib : boot_cortex_m.c.obj (.stack)
                  20013c04    000003fc     --HOLE--

.log_data 
*          0    90000000    00000000     COPY SECTION

__llvm_prf_cnts 
*          0    20000000    00000000     UNINITIALIZED

.args      0    00003450    00000008     
                  00003450    00000008     --HOLE-- [fill = 0]

MODULE SUMMARY

       Module                             code    ro data   rw data
       ------                             ----    -------   -------
    .\
       pwmled2.obj                        280     0         4      
       main_nortos.obj                    18      0         0      
    +--+----------------------------------+-------+---------+---------+
       Total:                             298     0         4      
                                                                   
    .\syscfg\
       ti_drivers_config.obj              306     106       108    
       ti_devices_config.obj              0       88        0      
    +--+----------------------------------+-------+---------+---------+
       Total:                             306     194       108    
                                                                   
    C:/ti/simplelink_cc13x2_26x2_sdk_4_40_04_04/kernel/nortos/lib/ccs/m4f/nortos_cc26x2.a
       ClockPTimer_nortos.oem4f           1062    0         192    
       SwiP_nortos.oem4f                  672     16        74     
       TimerPCC26XX_nortos.oem4f          642     0         45     
       HwiPCC26XX_nortos.oem4f            250     0         220    
       SemaphoreP_nortos.oem4f            358     0         11     
       PowerCC26X2_nortos.oem4f           256     0         4      
       startup_cc13x2_cc26x2_ccs.oem4f    26      216       0      
       QueueP_nortos.oem4f                100     0         0      
    +--+----------------------------------+-------+---------+---------+
       Total:                             3366    232       546    
                                                                   
    C:/ti/simplelink_cc13x2_26x2_sdk_4_40_04_04/source/ti/devices/cc13x2_cc26x2/driverlib/bin/ccs/driverlib.lib
       sys_ctrl.obj                       420     0         0      
       osc.obj                            340     0         36     
       setup.obj                          324     0         0      
       interrupt.obj                      52      0         216    
       chipinfo.obj                       250     0         0      
       prcm.obj                           160     0         0      
       aux_sysif.obj                      52      8         0      
       cpu.obj                            30      0         0      
       driverlib_release.obj              0       0         1      
    +--+----------------------------------+-------+---------+---------+
       Total:                             1628    8         253    
                                                                   
    C:/ti/simplelink_cc13x2_26x2_sdk_4_40_04_04/source/ti/drivers/lib/ccs/m4f/drivers_cc26x2.a
       PowerCC26X2.oem4f                  2024    84        368    
       PINCC26XX.oem4f                    1470    0         328    
       PowerCC26X2_calibrateRCOSC.oem4f   1400    0         0      
       PWMTimerCC26XX.oem4f               836     36        16     
       GPTimerCC26XX.oem4f                728     36        0      
       PWM.oem4f                          182     24        1      
    +--+----------------------------------+-------+---------+---------+
       Total:                             6640    180       713    
                                                                   
    C:\ti\ccs1020\ccs\tools\compiler\ti-cgt-arm_20.2.2.LTS\lib\rtsv7M4_T_le_v4SPD16_eabi.lib
       memcpy_t2.asm.obj                  156     0         0      
       ull_div_t2.asm.obj                 150     0         0      
       copy_decompress_lzss.c.obj         104     0         0      
       autoinit.c.obj                     68      0         0      
       boot_cortex_m.c.obj                48      0         0      
       copy_zero_init.c.obj               28      0         0      
       args_main.c.obj                    24      0         0      
       ll_mul_t2.asm.obj                  24      0         0      
       copy_decompress_none.c.obj         14      0         0      
       exit.c.obj                         4       0         0      
       pre_init.c.obj                     4       0         0      
       div0.asm.obj                       2       0         0      
    +--+----------------------------------+-------+---------+---------+
       Total:                             626     0         0      
                                                                   
       Heap:                              0       0         16384  
       Stack:                             0       0         1024   
       Linker Generated:                  0       101       0      
    +--+----------------------------------+-------+---------+---------+
       Grand Total:                       12864   715       19032  


LINKER GENERATED COPY TABLES

__TI_cinit_table @ 000034a8 records: 3, size/record: 8, table size: 24
	.data: load addr=00003458, load size=00000031 bytes, run addr=200042d4, run size=000002ae bytes, compression=lzss
	.bss: load addr=00003498, load size=00000008 bytes, run addr=20004000, run size=000002d4 bytes, compression=zero_init
	.vtable_ram: load addr=000034a0, load size=00000008 bytes, run addr=20004600, run size=000000d8 bytes, compression=zero_init


LINKER GENERATED HANDLER TABLE

__TI_handler_table @ 0000348c records: 3, size/record: 4, table size: 12
	index: 0, handler: __TI_zero_init
	index: 1, handler: __TI_decompress_lzss
	index: 2, handler: __TI_decompress_none


GLOBAL SYMBOLS: SORTED ALPHABETICALLY BY Name 

address   name                                                               
-------   ----                                                               
00003430  BoardGpioInitTable                                                 
00002ddd  Board_init                                                         
00001727  Board_initHook                                                     
000019d1  Board_sendExtFlashByte                                             
000026fd  Board_shutDownExtFlash                                             
00002315  Board_wakeUpExtFlash                                               
00003305  C$$EXIT                                                            
0000344a  CONFIG_GPTIMER_0_CONST                                             
00003448  CONFIG_PWM_1_CONST                                                 
00003151  ClockP_Params_init                                                 
00002dfd  ClockP_add                                                         
00002445  ClockP_construct                                                   
00002fb3  ClockP_destruct                                                    
00003229  ClockP_doTick                                                      
00003161  ClockP_getCpuFreq                                                  
00003235  ClockP_getSystemTickPeriod                                         
00002ce1  ClockP_getTicks                                                    
00002951  ClockP_getTicksUntilInterrupt                                      
000032ed  ClockP_isActive                                                    
00002d05  ClockP_scheduleNextTick                                            
000032f1  ClockP_setTimeout                                                  
00001a55  ClockP_start                                                       
000010cd  ClockP_startup                                                     
000032cb  ClockP_stop                                                        
2000456c  ClockP_tickPeriod                                                  
00001e11  ClockP_usleep                                                      
00001bd5  ClockP_walkQueueDynamic                                            
00001181  ClockP_workFuncDynamic                                             
00003119  GPTimerCC26XX_Params_init                                          
00002abd  GPTimerCC26XX_close                                                
000033fc  GPTimerCC26XX_config                                               
000029b9  GPTimerCC26XX_configureDebugStall                                  
000032d1  GPTimerCC26XX_getValue                                             
00001729  GPTimerCC26XX_open                                                 
000032b3  GPTimerCC26XX_setLoadValue                                         
000032bb  GPTimerCC26XX_setMatchValue                                        
000023ad  GPTimerCC26XX_start                                                
000020d1  GPTimerCC26XX_stop                                                 
0000344b  GPTimer_count                                                      
0000312b  HwiP_Params_init                                                   
00001ad5  HwiP_construct                                                     
00003171  HwiP_disable                                                       
000032f5  HwiP_enable                                                        
00002fcd  HwiP_inISR                                                         
00003181  HwiP_post                                                          
000032c3  HwiP_restore                                                       
20004574  HwiP_swiPIntNum                                                    
UNDEFED   ITM_flush                                                          
UNDEFED   ITM_restore                                                        
000029ed  NOROM_AUXSYSIFOpModeChange                                         
00003241  NOROM_CPUcpsid                                                     
0000324d  NOROM_CPUcpsie                                                     
000032d7  NOROM_CPUdelay                                                     
00002ef5  NOROM_ChipInfo_GetChipFamily                                       
00001da5  NOROM_ChipInfo_GetChipType                                         
00002565  NOROM_ChipInfo_GetHwRevision                                       
00002fe5  NOROM_ChipInfo_GetPackageType                                      
00002a21  NOROM_IntRegister                                                  
000017b1  NOROM_OSCHF_AttemptToSwitchToXosc                                  
00001e79  NOROM_OSCHF_SwitchToRcOscTurnOffXosc                               
00002d4d  NOROM_OSCHF_TurnOnXosc                                             
0000273d  NOROM_OSC_HPOSCRelativeFrequencyOffsetGet                          
00002181  NOROM_PRCMPowerDomainsAllOff                                       
000023f9  NOROM_PRCMPowerDomainsAllOn                                        
000015f9  NOROM_SetupTrimDevice                                              
00002a55  NOROM_SysCtrlIdle                                                  
00001b55  NOROM_SysCtrlSetRechargeBeforePowerDown                            
00000b15  NOROM_SysCtrlStandby                                               
00003075  NOROM_ThisLibraryIsFor_CC13x2_CC26x2_HwRev20AndLater_HaltIfViolated
000032f5  NoRTOS_start                                                       
00003191  PINCC26XX_getPinCount                                              
00003440  PINCC26XX_hwAttrs                                                  
00002aed  PINCC26XX_setMux                                                   
00001d35  PIN_add                                                            
00002e7d  PIN_close                                                          
000000d9  PIN_init                                                           
0000122d  PIN_open                                                           
00002019  PIN_remove                                                         
00002839  PIN_setConfig                                                      
000027fd  PIN_setOutputValue                                                 
00002c09  PWMTimerCC26XX_close                                               
00002f65  PWMTimerCC26XX_control                                             
0000336c  PWMTimerCC26XX_fxnTable                                            
00002313  PWMTimerCC26XX_init                                                
00000ce5  PWMTimerCC26XX_open                                                
0000248d  PWMTimerCC26XX_setDuty                                             
00001425  PWMTimerCC26XX_setDutyAndPeriod                                    
00002075  PWMTimerCC26XX_setPeriod                                           
00002b1d  PWMTimerCC26XX_start                                               
00002c35  PWMTimerCC26XX_stop                                                
000030a1  PWM_Params_init                                                    
00003408  PWM_config                                                         
00003449  PWM_count                                                          
000033ac  PWM_defaultParams                                                  
000025ed  PWM_init                                                           
0000277d  PWM_open                                                           
00003295  PWM_setDuty                                                        
0000329f  PWM_start                                                          
000032a9  PWM_stop                                                           
000024d5  PowerCC26X2_RCOSC_clockFunc                                        
00001cc1  PowerCC26X2_auxISR                                                 
000030b5  PowerCC26X2_calibrate                                              
000033d8  PowerCC26X2_config                                                 
00002129  PowerCC26X2_initiateCalibration                                    
200042d4  PowerCC26X2_module                                                 
00002f7f  PowerCC26XX_calibrate                                              
000031a1  PowerCC26XX_schedulerDisable                                       
00003259  PowerCC26XX_schedulerRestore                                       
00000c05  PowerCC26XX_standbyPolicy                                          
000030c9  Power_disablePolicy                                                
000031b1  Power_enablePolicy                                                 
00003265  Power_getConstraintMask                                            
00003271  Power_getDependencyCount                                           
00002e9b  Power_getTransitionLatency                                         
00002ffd  Power_idleFunc                                                     
0000076d  Power_init                                                         
00002b4d  Power_releaseConstraint                                            
00000e99  Power_releaseDependency                                            
00002b7d  Power_setConstraint                                                
00001015  Power_setDependency                                                
000002b9  Power_sleep                                                        
000031f1  QueueP_empty                                                       
00002f99  QueueP_get                                                         
000032f9  QueueP_head                                                        
000032dd  QueueP_init                                                        
000032fd  QueueP_next                                                        
00002e3d  QueueP_put                                                         
000031ff  QueueP_remove                                                      
000031c1  SemaphoreP_Params_init                                             
00002225  SemaphoreP_construct                                               
00002eb9  SemaphoreP_constructBinary                                         
20004558  SemaphoreP_defaultParams                                           
0000294f  SemaphoreP_destruct                                                
00001385  SemaphoreP_pend                                                    
00002631  SemaphoreP_post                                                    
000031d1  SwiP_Params_init                                                   
00000dc1  SwiP_construct                                                     
00002f2d  SwiP_disable                                                       
000014c1  SwiP_dispatch                                                      
0000327d  SwiP_getTrigger                                                    
00002ed7  SwiP_or                                                            
00001ee1  SwiP_post                                                          
00002675  SwiP_restore                                                       
000031e1  TimerP_Params_init                                                 
00000f59  TimerP_construct                                                   
00002e5d  TimerP_dynamicStub                                                 
000030f1  TimerP_getCount64                                                  
00002871  TimerP_getCurrentTick                                              
00003289  TimerP_getFreq                                                     
00002d71  TimerP_getMaxTicks                                                 
000028a9  TimerP_initDevice                                                  
00002919  TimerP_setNextTick                                                 
00002c61  TimerP_setThreshold                                                
00001f49  TimerP_start                                                       
00003015  TimerP_startup                                                     
20014000  __STACK_END                                                        
00000400  __STACK_SIZE                                                       
00004000  __SYSMEM_SIZE                                                      
000034a8  __TI_CINIT_Base                                                    
000034c0  __TI_CINIT_Limit                                                   
0000348c  __TI_Handler_Table_Base                                            
00003498  __TI_Handler_Table_Limit                                           
000026b9  __TI_auto_init_nobinit_nopinit                                     
00001fb1  __TI_decompress_lzss                                               
0000321b  __TI_decompress_none                                               
ffffffff  __TI_pprof_out_hndl                                                
ffffffff  __TI_prof_data_size                                                
ffffffff  __TI_prof_data_start                                               
00000000  __TI_static_base__                                                 
00002f49  __TI_zero_init_nomemset                                            
00003317  __aeabi_idiv0                                                      
00003317  __aeabi_ldiv0                                                      
00003045  __aeabi_lmul                                                       
0000155d  __aeabi_memcpy                                                     
0000155d  __aeabi_memcpy4                                                    
0000155d  __aeabi_memcpy8                                                    
00001691  __aeabi_uldivmod                                                   
ffffffff  __binit__                                                          
00003450  __c_args__                                                         
00057fa8  __ccfg                                                             
UNDEFED   __mpu_init                                                         
20013c00  __stack                                                            
20000000  __start___llvm_prf_cnts                                            
20000000  __stop___llvm_prf_cnts                                             
0000302d  _args_main                                                         
00002bad  _c_int00                                                           
2000451c  _hposcCoeffs                                                       
20000000  _sys_memory                                                        
UNDEFED   _system_post_cinit                                                 
00003301  _system_pre_init                                                   
00003305  abort                                                              
ffffffff  binit                                                              
0000320d  cleanup                                                            
00002fcb  clkFxn                                                             
200042ad  driverlib_release_0_59848                                          
20004600  g_pfnRAMVectors                                                    
00000000  g_pfnVectors                                                       
00003414  gptimerCC26XXHWAttrs                                               
2000416c  gptimerCC26XXObjects                                               
000027bd  informUserOfStartup                                                
000022c5  initializePWM                                                      
0000313d  main                                                               
00002275  mainThread                                                         
0000155d  memcpy                                                             
200040a0  pinHandleTable                                                     
20004564  pinLowerBound                                                      
20004560  pinUpperBound                                                      
20004578  pwm1                                                               
0000344c  pwmTimerCC26XXHWAttrs                                              
2000422c  pwmTimerCC26XXObjects                                              
00003105  resetISR                                                           
00003318  resourceDB                                                         
00002c8d  updateDutyCycle                                                    
00001e11  usleep                                                             


GLOBAL SYMBOLS: SORTED BY Symbol Address 

address   name                                                               
-------   ----                                                               
00000000  __TI_static_base__                                                 
00000000  g_pfnVectors                                                       
000000d9  PIN_init                                                           
000002b9  Power_sleep                                                        
00000400  __STACK_SIZE                                                       
0000076d  Power_init                                                         
00000b15  NOROM_SysCtrlStandby                                               
00000c05  PowerCC26XX_standbyPolicy                                          
00000ce5  PWMTimerCC26XX_open                                                
00000dc1  SwiP_construct                                                     
00000e99  Power_releaseDependency                                            
00000f59  TimerP_construct                                                   
00001015  Power_setDependency                                                
000010cd  ClockP_startup                                                     
00001181  ClockP_workFuncDynamic                                             
0000122d  PIN_open                                                           
00001385  SemaphoreP_pend                                                    
00001425  PWMTimerCC26XX_setDutyAndPeriod                                    
000014c1  SwiP_dispatch                                                      
0000155d  __aeabi_memcpy                                                     
0000155d  __aeabi_memcpy4                                                    
0000155d  __aeabi_memcpy8                                                    
0000155d  memcpy                                                             
000015f9  NOROM_SetupTrimDevice                                              
00001691  __aeabi_uldivmod                                                   
00001727  Board_initHook                                                     
00001729  GPTimerCC26XX_open                                                 
000017b1  NOROM_OSCHF_AttemptToSwitchToXosc                                  
000019d1  Board_sendExtFlashByte                                             
00001a55  ClockP_start                                                       
00001ad5  HwiP_construct                                                     
00001b55  NOROM_SysCtrlSetRechargeBeforePowerDown                            
00001bd5  ClockP_walkQueueDynamic                                            
00001cc1  PowerCC26X2_auxISR                                                 
00001d35  PIN_add                                                            
00001da5  NOROM_ChipInfo_GetChipType                                         
00001e11  ClockP_usleep                                                      
00001e11  usleep                                                             
00001e79  NOROM_OSCHF_SwitchToRcOscTurnOffXosc                               
00001ee1  SwiP_post                                                          
00001f49  TimerP_start                                                       
00001fb1  __TI_decompress_lzss                                               
00002019  PIN_remove                                                         
00002075  PWMTimerCC26XX_setPeriod                                           
000020d1  GPTimerCC26XX_stop                                                 
00002129  PowerCC26X2_initiateCalibration                                    
00002181  NOROM_PRCMPowerDomainsAllOff                                       
00002225  SemaphoreP_construct                                               
00002275  mainThread                                                         
000022c5  initializePWM                                                      
00002313  PWMTimerCC26XX_init                                                
00002315  Board_wakeUpExtFlash                                               
000023ad  GPTimerCC26XX_start                                                
000023f9  NOROM_PRCMPowerDomainsAllOn                                        
00002445  ClockP_construct                                                   
0000248d  PWMTimerCC26XX_setDuty                                             
000024d5  PowerCC26X2_RCOSC_clockFunc                                        
00002565  NOROM_ChipInfo_GetHwRevision                                       
000025ed  PWM_init                                                           
00002631  SemaphoreP_post                                                    
00002675  SwiP_restore                                                       
000026b9  __TI_auto_init_nobinit_nopinit                                     
000026fd  Board_shutDownExtFlash                                             
0000273d  NOROM_OSC_HPOSCRelativeFrequencyOffsetGet                          
0000277d  PWM_open                                                           
000027bd  informUserOfStartup                                                
000027fd  PIN_setOutputValue                                                 
00002839  PIN_setConfig                                                      
00002871  TimerP_getCurrentTick                                              
000028a9  TimerP_initDevice                                                  
00002919  TimerP_setNextTick                                                 
0000294f  SemaphoreP_destruct                                                
00002951  ClockP_getTicksUntilInterrupt                                      
000029b9  GPTimerCC26XX_configureDebugStall                                  
000029ed  NOROM_AUXSYSIFOpModeChange                                         
00002a21  NOROM_IntRegister                                                  
00002a55  NOROM_SysCtrlIdle                                                  
00002abd  GPTimerCC26XX_close                                                
00002aed  PINCC26XX_setMux                                                   
00002b1d  PWMTimerCC26XX_start                                               
00002b4d  Power_releaseConstraint                                            
00002b7d  Power_setConstraint                                                
00002bad  _c_int00                                                           
00002c09  PWMTimerCC26XX_close                                               
00002c35  PWMTimerCC26XX_stop                                                
00002c61  TimerP_setThreshold                                                
00002c8d  updateDutyCycle                                                    
00002ce1  ClockP_getTicks                                                    
00002d05  ClockP_scheduleNextTick                                            
00002d4d  NOROM_OSCHF_TurnOnXosc                                             
00002d71  TimerP_getMaxTicks                                                 
00002ddd  Board_init                                                         
00002dfd  ClockP_add                                                         
00002e3d  QueueP_put                                                         
00002e5d  TimerP_dynamicStub                                                 
00002e7d  PIN_close                                                          
00002e9b  Power_getTransitionLatency                                         
00002eb9  SemaphoreP_constructBinary                                         
00002ed7  SwiP_or                                                            
00002ef5  NOROM_ChipInfo_GetChipFamily                                       
00002f2d  SwiP_disable                                                       
00002f49  __TI_zero_init_nomemset                                            
00002f65  PWMTimerCC26XX_control                                             
00002f7f  PowerCC26XX_calibrate                                              
00002f99  QueueP_get                                                         
00002fb3  ClockP_destruct                                                    
00002fcb  clkFxn                                                             
00002fcd  HwiP_inISR                                                         
00002fe5  NOROM_ChipInfo_GetPackageType                                      
00002ffd  Power_idleFunc                                                     
00003015  TimerP_startup                                                     
0000302d  _args_main                                                         
00003045  __aeabi_lmul                                                       
00003075  NOROM_ThisLibraryIsFor_CC13x2_CC26x2_HwRev20AndLater_HaltIfViolated
000030a1  PWM_Params_init                                                    
000030b5  PowerCC26X2_calibrate                                              
000030c9  Power_disablePolicy                                                
000030f1  TimerP_getCount64                                                  
00003105  resetISR                                                           
00003119  GPTimerCC26XX_Params_init                                          
0000312b  HwiP_Params_init                                                   
0000313d  main                                                               
00003151  ClockP_Params_init                                                 
00003161  ClockP_getCpuFreq                                                  
00003171  HwiP_disable                                                       
00003181  HwiP_post                                                          
00003191  PINCC26XX_getPinCount                                              
000031a1  PowerCC26XX_schedulerDisable                                       
000031b1  Power_enablePolicy                                                 
000031c1  SemaphoreP_Params_init                                             
000031d1  SwiP_Params_init                                                   
000031e1  TimerP_Params_init                                                 
000031f1  QueueP_empty                                                       
000031ff  QueueP_remove                                                      
0000320d  cleanup                                                            
0000321b  __TI_decompress_none                                               
00003229  ClockP_doTick                                                      
00003235  ClockP_getSystemTickPeriod                                         
00003241  NOROM_CPUcpsid                                                     
0000324d  NOROM_CPUcpsie                                                     
00003259  PowerCC26XX_schedulerRestore                                       
00003265  Power_getConstraintMask                                            
00003271  Power_getDependencyCount                                           
0000327d  SwiP_getTrigger                                                    
00003289  TimerP_getFreq                                                     
00003295  PWM_setDuty                                                        
0000329f  PWM_start                                                          
000032a9  PWM_stop                                                           
000032b3  GPTimerCC26XX_setLoadValue                                         
000032bb  GPTimerCC26XX_setMatchValue                                        
000032c3  HwiP_restore                                                       
000032cb  ClockP_stop                                                        
000032d1  GPTimerCC26XX_getValue                                             
000032d7  NOROM_CPUdelay                                                     
000032dd  QueueP_init                                                        
000032ed  ClockP_isActive                                                    
000032f1  ClockP_setTimeout                                                  
000032f5  HwiP_enable                                                        
000032f5  NoRTOS_start                                                       
000032f9  QueueP_head                                                        
000032fd  QueueP_next                                                        
00003301  _system_pre_init                                                   
00003305  C$$EXIT                                                            
00003305  abort                                                              
00003317  __aeabi_idiv0                                                      
00003317  __aeabi_ldiv0                                                      
00003318  resourceDB                                                         
0000336c  PWMTimerCC26XX_fxnTable                                            
000033ac  PWM_defaultParams                                                  
000033d8  PowerCC26X2_config                                                 
000033fc  GPTimerCC26XX_config                                               
00003408  PWM_config                                                         
00003414  gptimerCC26XXHWAttrs                                               
00003430  BoardGpioInitTable                                                 
00003440  PINCC26XX_hwAttrs                                                  
00003448  CONFIG_PWM_1_CONST                                                 
00003449  PWM_count                                                          
0000344a  CONFIG_GPTIMER_0_CONST                                             
0000344b  GPTimer_count                                                      
0000344c  pwmTimerCC26XXHWAttrs                                              
00003450  __c_args__                                                         
0000348c  __TI_Handler_Table_Base                                            
00003498  __TI_Handler_Table_Limit                                           
000034a8  __TI_CINIT_Base                                                    
000034c0  __TI_CINIT_Limit                                                   
00004000  __SYSMEM_SIZE                                                      
00057fa8  __ccfg                                                             
20000000  __start___llvm_prf_cnts                                            
20000000  __stop___llvm_prf_cnts                                             
20000000  _sys_memory                                                        
200040a0  pinHandleTable                                                     
2000416c  gptimerCC26XXObjects                                               
2000422c  pwmTimerCC26XXObjects                                              
200042ad  driverlib_release_0_59848                                          
200042d4  PowerCC26X2_module                                                 
2000451c  _hposcCoeffs                                                       
20004558  SemaphoreP_defaultParams                                           
20004560  pinUpperBound                                                      
20004564  pinLowerBound                                                      
2000456c  ClockP_tickPeriod                                                  
20004574  HwiP_swiPIntNum                                                    
20004578  pwm1                                                               
20004600  g_pfnRAMVectors                                                    
20013c00  __stack                                                            
20014000  __STACK_END                                                        
ffffffff  __TI_pprof_out_hndl                                                
ffffffff  __TI_prof_data_size                                                
ffffffff  __TI_prof_data_start                                               
ffffffff  __binit__                                                          
ffffffff  binit                                                              
UNDEFED   ITM_flush                                                          
UNDEFED   ITM_restore                                                        
UNDEFED   __mpu_init                                                         
UNDEFED   _system_post_cinit                                                 

[214 symbols]
