<?xml version="1.0" encoding="ISO-8859-1" ?>
<link_info>
   <banner>TI ARM Linker PC v20.2.2.LTS</banner>
   <copyright>Copyright (c) 1996-2018 Texas Instruments Incorporated</copyright>
   <link_time>0x6042781f</link_time>
   <link_errors>0x0</link_errors>
   <output_file>pwmled2_CC26X2R1_LAUNCHXL_nortos_ccs.out</output_file>
   <entry_point>
      <name>resetISR</name>
      <address>0x3105</address>
   </entry_point>
   <input_file_list>
      <input_file id="fl-2">
         <path>.\</path>
         <kind>object</kind>
         <file>main_nortos.obj</file>
         <name>main_nortos.obj</name>
      </input_file>
      <input_file id="fl-3">
         <path>.\</path>
         <kind>object</kind>
         <file>pwmled2.obj</file>
         <name>pwmled2.obj</name>
      </input_file>
      <input_file id="fl-4">
         <path>.\syscfg\</path>
         <kind>object</kind>
         <file>ti_devices_config.obj</file>
         <name>ti_devices_config.obj</name>
      </input_file>
      <input_file id="fl-5">
         <path>.\syscfg\</path>
         <kind>object</kind>
         <file>ti_drivers_config.obj</file>
         <name>ti_drivers_config.obj</name>
      </input_file>
      <input_file id="fl-e">
         <kind>object</kind>
         <file>&lt;internal&gt;</file>
         <name>&lt;internal&gt;</name>
      </input_file>
      <input_file id="fl-f">
         <path>C:\ti\simplelink_cc13x2_26x2_sdk_4_40_04_04\source\ti\drivers\lib\ccs\m4f\</path>
         <kind>archive</kind>
         <file>drivers_cc26x2.a</file>
         <name>PWM.oem4f</name>
      </input_file>
      <input_file id="fl-10">
         <path>C:\ti\simplelink_cc13x2_26x2_sdk_4_40_04_04\source\ti\drivers\lib\ccs\m4f\</path>
         <kind>archive</kind>
         <file>drivers_cc26x2.a</file>
         <name>PINCC26XX.oem4f</name>
      </input_file>
      <input_file id="fl-11">
         <path>C:\ti\simplelink_cc13x2_26x2_sdk_4_40_04_04\source\ti\drivers\lib\ccs\m4f\</path>
         <kind>archive</kind>
         <file>drivers_cc26x2.a</file>
         <name>PowerCC26X2.oem4f</name>
      </input_file>
      <input_file id="fl-12">
         <path>C:\ti\simplelink_cc13x2_26x2_sdk_4_40_04_04\source\ti\drivers\lib\ccs\m4f\</path>
         <kind>archive</kind>
         <file>drivers_cc26x2.a</file>
         <name>PowerCC26X2_calibrateRCOSC.oem4f</name>
      </input_file>
      <input_file id="fl-13">
         <path>C:\ti\simplelink_cc13x2_26x2_sdk_4_40_04_04\source\ti\drivers\lib\ccs\m4f\</path>
         <kind>archive</kind>
         <file>drivers_cc26x2.a</file>
         <name>PWMTimerCC26XX.oem4f</name>
      </input_file>
      <input_file id="fl-14">
         <path>C:\ti\simplelink_cc13x2_26x2_sdk_4_40_04_04\source\ti\drivers\lib\ccs\m4f\</path>
         <kind>archive</kind>
         <file>drivers_cc26x2.a</file>
         <name>TemperatureCC26X2.oem4f</name>
      </input_file>
      <input_file id="fl-15">
         <path>C:\ti\simplelink_cc13x2_26x2_sdk_4_40_04_04\source\ti\drivers\lib\ccs\m4f\</path>
         <kind>archive</kind>
         <file>drivers_cc26x2.a</file>
         <name>GPTimerCC26XX.oem4f</name>
      </input_file>
      <input_file id="fl-16">
         <path>C:\ti\simplelink_cc13x2_26x2_sdk_4_40_04_04\source\ti\drivers\lib\ccs\m4f\</path>
         <kind>archive</kind>
         <file>drivers_cc26x2.a</file>
         <name>List.oem4f</name>
      </input_file>
      <input_file id="fl-17">
         <path>C:\ti\simplelink_cc13x2_26x2_sdk_4_40_04_04\kernel\nortos\lib\ccs\m4f\</path>
         <kind>archive</kind>
         <file>nortos_cc26x2.a</file>
         <name>posix_sleep.oem4f</name>
      </input_file>
      <input_file id="fl-18">
         <path>C:\ti\simplelink_cc13x2_26x2_sdk_4_40_04_04\kernel\nortos\lib\ccs\m4f\</path>
         <kind>archive</kind>
         <file>nortos_cc26x2.a</file>
         <name>NoRTOS.oem4f</name>
      </input_file>
      <input_file id="fl-19">
         <path>C:\ti\simplelink_cc13x2_26x2_sdk_4_40_04_04\kernel\nortos\lib\ccs\m4f\</path>
         <kind>archive</kind>
         <file>nortos_cc26x2.a</file>
         <name>SemaphoreP_nortos.oem4f</name>
      </input_file>
      <input_file id="fl-1a">
         <path>C:\ti\simplelink_cc13x2_26x2_sdk_4_40_04_04\kernel\nortos\lib\ccs\m4f\</path>
         <kind>archive</kind>
         <file>nortos_cc26x2.a</file>
         <name>SwiP_nortos.oem4f</name>
      </input_file>
      <input_file id="fl-1b">
         <path>C:\ti\simplelink_cc13x2_26x2_sdk_4_40_04_04\kernel\nortos\lib\ccs\m4f\</path>
         <kind>archive</kind>
         <file>nortos_cc26x2.a</file>
         <name>ClockPTimer_nortos.oem4f</name>
      </input_file>
      <input_file id="fl-1c">
         <path>C:\ti\simplelink_cc13x2_26x2_sdk_4_40_04_04\kernel\nortos\lib\ccs\m4f\</path>
         <kind>archive</kind>
         <file>nortos_cc26x2.a</file>
         <name>TimerPCC26XX_nortos.oem4f</name>
      </input_file>
      <input_file id="fl-1d">
         <path>C:\ti\simplelink_cc13x2_26x2_sdk_4_40_04_04\kernel\nortos\lib\ccs\m4f\</path>
         <kind>archive</kind>
         <file>nortos_cc26x2.a</file>
         <name>HwiPCC26XX_nortos.oem4f</name>
      </input_file>
      <input_file id="fl-1e">
         <path>C:\ti\simplelink_cc13x2_26x2_sdk_4_40_04_04\kernel\nortos\lib\ccs\m4f\</path>
         <kind>archive</kind>
         <file>nortos_cc26x2.a</file>
         <name>PowerCC26X2_nortos.oem4f</name>
      </input_file>
      <input_file id="fl-1f">
         <path>C:\ti\simplelink_cc13x2_26x2_sdk_4_40_04_04\kernel\nortos\lib\ccs\m4f\</path>
         <kind>archive</kind>
         <file>nortos_cc26x2.a</file>
         <name>startup_cc13x2_cc26x2_ccs.oem4f</name>
      </input_file>
      <input_file id="fl-20">
         <path>C:\ti\simplelink_cc13x2_26x2_sdk_4_40_04_04\kernel\nortos\lib\ccs\m4f\</path>
         <kind>archive</kind>
         <file>nortos_cc26x2.a</file>
         <name>QueueP_nortos.oem4f</name>
      </input_file>
      <input_file id="fl-21">
         <path>C:\ti\simplelink_cc13x2_26x2_sdk_4_40_04_04\source\ti\devices\cc13x2_cc26x2\driverlib\bin\ccs\</path>
         <kind>archive</kind>
         <file>driverlib.lib</file>
         <name>chipinfo.obj</name>
      </input_file>
      <input_file id="fl-22">
         <path>C:\ti\simplelink_cc13x2_26x2_sdk_4_40_04_04\source\ti\devices\cc13x2_cc26x2\driverlib\bin\ccs\</path>
         <kind>archive</kind>
         <file>driverlib.lib</file>
         <name>cpu.obj</name>
      </input_file>
      <input_file id="fl-23">
         <path>C:\ti\simplelink_cc13x2_26x2_sdk_4_40_04_04\source\ti\devices\cc13x2_cc26x2\driverlib\bin\ccs\</path>
         <kind>archive</kind>
         <file>driverlib.lib</file>
         <name>driverlib_release.obj</name>
      </input_file>
      <input_file id="fl-24">
         <path>C:\ti\simplelink_cc13x2_26x2_sdk_4_40_04_04\source\ti\devices\cc13x2_cc26x2\driverlib\bin\ccs\</path>
         <kind>archive</kind>
         <file>driverlib.lib</file>
         <name>interrupt.obj</name>
      </input_file>
      <input_file id="fl-25">
         <path>C:\ti\simplelink_cc13x2_26x2_sdk_4_40_04_04\source\ti\devices\cc13x2_cc26x2\driverlib\bin\ccs\</path>
         <kind>archive</kind>
         <file>driverlib.lib</file>
         <name>osc.obj</name>
      </input_file>
      <input_file id="fl-26">
         <path>C:\ti\simplelink_cc13x2_26x2_sdk_4_40_04_04\source\ti\devices\cc13x2_cc26x2\driverlib\bin\ccs\</path>
         <kind>archive</kind>
         <file>driverlib.lib</file>
         <name>prcm.obj</name>
      </input_file>
      <input_file id="fl-27">
         <path>C:\ti\simplelink_cc13x2_26x2_sdk_4_40_04_04\source\ti\devices\cc13x2_cc26x2\driverlib\bin\ccs\</path>
         <kind>archive</kind>
         <file>driverlib.lib</file>
         <name>setup.obj</name>
      </input_file>
      <input_file id="fl-28">
         <path>C:\ti\simplelink_cc13x2_26x2_sdk_4_40_04_04\source\ti\devices\cc13x2_cc26x2\driverlib\bin\ccs\</path>
         <kind>archive</kind>
         <file>driverlib.lib</file>
         <name>sys_ctrl.obj</name>
      </input_file>
      <input_file id="fl-29">
         <path>C:\ti\simplelink_cc13x2_26x2_sdk_4_40_04_04\source\ti\devices\cc13x2_cc26x2\driverlib\bin\ccs\</path>
         <kind>archive</kind>
         <file>driverlib.lib</file>
         <name>aux_sysif.obj</name>
      </input_file>
      <input_file id="fl-df">
         <path>C:\ti\ccs1020\ccs\tools\compiler\ti-cgt-arm_20.2.2.LTS\lib\</path>
         <kind>archive</kind>
         <file>rtsv7M4_T_le_v4SPD16_eabi.lib</file>
         <name>ll_asr_t2.asm.obj</name>
      </input_file>
      <input_file id="fl-e0">
         <path>C:\ti\ccs1020\ccs\tools\compiler\ti-cgt-arm_20.2.2.LTS\lib\</path>
         <kind>archive</kind>
         <file>rtsv7M4_T_le_v4SPD16_eabi.lib</file>
         <name>ll_mul_t2.asm.obj</name>
      </input_file>
      <input_file id="fl-e1">
         <path>C:\ti\ccs1020\ccs\tools\compiler\ti-cgt-arm_20.2.2.LTS\lib\</path>
         <kind>archive</kind>
         <file>rtsv7M4_T_le_v4SPD16_eabi.lib</file>
         <name>memcpy_t2.asm.obj</name>
      </input_file>
      <input_file id="fl-e2">
         <path>C:\ti\ccs1020\ccs\tools\compiler\ti-cgt-arm_20.2.2.LTS\lib\</path>
         <kind>archive</kind>
         <file>rtsv7M4_T_le_v4SPD16_eabi.lib</file>
         <name>ll_div_t2.asm.obj</name>
      </input_file>
      <input_file id="fl-e3">
         <path>C:\ti\ccs1020\ccs\tools\compiler\ti-cgt-arm_20.2.2.LTS\lib\</path>
         <kind>archive</kind>
         <file>rtsv7M4_T_le_v4SPD16_eabi.lib</file>
         <name>ull_div_t2.asm.obj</name>
      </input_file>
      <input_file id="fl-e4">
         <path>C:\ti\ccs1020\ccs\tools\compiler\ti-cgt-arm_20.2.2.LTS\lib\</path>
         <kind>archive</kind>
         <file>rtsv7M4_T_le_v4SPD16_eabi.lib</file>
         <name>memset_t2.asm.obj</name>
      </input_file>
      <input_file id="fl-e5">
         <path>C:\ti\ccs1020\ccs\tools\compiler\ti-cgt-arm_20.2.2.LTS\lib\</path>
         <kind>archive</kind>
         <file>rtsv7M4_T_le_v4SPD16_eabi.lib</file>
         <name>copy_zero_init.c.obj</name>
      </input_file>
      <input_file id="fl-e6">
         <path>C:\ti\ccs1020\ccs\tools\compiler\ti-cgt-arm_20.2.2.LTS\lib\</path>
         <kind>archive</kind>
         <file>rtsv7M4_T_le_v4SPD16_eabi.lib</file>
         <name>copy_decompress_none.c.obj</name>
      </input_file>
      <input_file id="fl-e7">
         <path>C:\ti\ccs1020\ccs\tools\compiler\ti-cgt-arm_20.2.2.LTS\lib\</path>
         <kind>archive</kind>
         <file>rtsv7M4_T_le_v4SPD16_eabi.lib</file>
         <name>copy_decompress_lzss.c.obj</name>
      </input_file>
      <input_file id="fl-e8">
         <path>C:\ti\ccs1020\ccs\tools\compiler\ti-cgt-arm_20.2.2.LTS\lib\</path>
         <kind>archive</kind>
         <file>rtsv7M4_T_le_v4SPD16_eabi.lib</file>
         <name>memory.c.obj</name>
      </input_file>
      <input_file id="fl-e9">
         <path>C:\ti\ccs1020\ccs\tools\compiler\ti-cgt-arm_20.2.2.LTS\lib\</path>
         <kind>archive</kind>
         <file>rtsv7M4_T_le_v4SPD16_eabi.lib</file>
         <name>boot_cortex_m.c.obj</name>
      </input_file>
      <input_file id="fl-ea">
         <path>C:\ti\ccs1020\ccs\tools\compiler\ti-cgt-arm_20.2.2.LTS\lib\</path>
         <kind>archive</kind>
         <file>rtsv7M4_T_le_v4SPD16_eabi.lib</file>
         <name>div0.asm.obj</name>
      </input_file>
      <input_file id="fl-eb">
         <path>C:\ti\ccs1020\ccs\tools\compiler\ti-cgt-arm_20.2.2.LTS\lib\</path>
         <kind>archive</kind>
         <file>rtsv7M4_T_le_v4SPD16_eabi.lib</file>
         <name>autoinit.c.obj</name>
      </input_file>
      <input_file id="fl-ec">
         <path>C:\ti\ccs1020\ccs\tools\compiler\ti-cgt-arm_20.2.2.LTS\lib\</path>
         <kind>archive</kind>
         <file>rtsv7M4_T_le_v4SPD16_eabi.lib</file>
         <name>pre_init.c.obj</name>
      </input_file>
      <input_file id="fl-ed">
         <path>C:\ti\ccs1020\ccs\tools\compiler\ti-cgt-arm_20.2.2.LTS\lib\</path>
         <kind>archive</kind>
         <file>rtsv7M4_T_le_v4SPD16_eabi.lib</file>
         <name>cpy_tbl.c.obj</name>
      </input_file>
      <input_file id="fl-ee">
         <path>C:\ti\ccs1020\ccs\tools\compiler\ti-cgt-arm_20.2.2.LTS\lib\</path>
         <kind>archive</kind>
         <file>rtsv7M4_T_le_v4SPD16_eabi.lib</file>
         <name>exit.c.obj</name>
      </input_file>
      <input_file id="fl-ef">
         <path>C:\ti\ccs1020\ccs\tools\compiler\ti-cgt-arm_20.2.2.LTS\lib\</path>
         <kind>archive</kind>
         <file>rtsv7M4_T_le_v4SPD16_eabi.lib</file>
         <name>_lock.c.obj</name>
      </input_file>
      <input_file id="fl-f0">
         <path>C:\ti\ccs1020\ccs\tools\compiler\ti-cgt-arm_20.2.2.LTS\lib\</path>
         <kind>archive</kind>
         <file>rtsv7M4_T_le_v4SPD16_eabi.lib</file>
         <name>args_main.c.obj</name>
      </input_file>
   </input_file_list>
   <object_component_list>
      <object_component id="oc-1d">
         <name>.intvecs</name>
         <load_address>0x0</load_address>
         <run_address>0x0</run_address>
         <size>0xd8</size>
         <input_file_ref idref="fl-1f"/>
      </object_component>
      <object_component id="oc-1b4">
         <name>.text:PIN_init</name>
         <load_address>0xd8</load_address>
         <run_address>0xd8</run_address>
         <size>0x1e0</size>
         <input_file_ref idref="fl-10"/>
      </object_component>
      <object_component id="oc-565">
         <name>.text:Power_sleep</name>
         <load_address>0x2b8</load_address>
         <run_address>0x2b8</run_address>
         <size>0x198</size>
         <input_file_ref idref="fl-11"/>
      </object_component>
      <object_component id="oc-3cd">
         <name>.text:calibrateRcoscHf1</name>
         <load_address>0x450</load_address>
         <run_address>0x450</run_address>
         <size>0x190</size>
         <input_file_ref idref="fl-12"/>
      </object_component>
      <object_component id="oc-5a7">
         <name>.text:runCalibrateFsm</name>
         <load_address>0x5e0</load_address>
         <run_address>0x5e0</run_address>
         <size>0x18c</size>
         <input_file_ref idref="fl-12"/>
      </object_component>
      <object_component id="oc-1ae">
         <name>.text:Power_init</name>
         <load_address>0x76c</load_address>
         <run_address>0x76c</run_address>
         <size>0x174</size>
         <input_file_ref idref="fl-11"/>
      </object_component>
      <object_component id="oc-3e8">
         <name>.text:configureXOSCHF</name>
         <load_address>0x8e0</load_address>
         <run_address>0x8e0</run_address>
         <size>0x120</size>
         <input_file_ref idref="fl-11"/>
      </object_component>
      <object_component id="oc-282">
         <name>.text:PINCC26XX_setIoCfg</name>
         <load_address>0xa00</load_address>
         <run_address>0xa00</run_address>
         <size>0x114</size>
         <input_file_ref idref="fl-10"/>
      </object_component>
      <object_component id="oc-692">
         <name>.text:NOROM_SysCtrlStandby</name>
         <load_address>0xb14</load_address>
         <run_address>0xb14</run_address>
         <size>0xf0</size>
         <input_file_ref idref="fl-28"/>
      </object_component>
      <object_component id="oc-3a3">
         <name>.text:PowerCC26XX_standbyPolicy</name>
         <load_address>0xc04</load_address>
         <run_address>0xc04</run_address>
         <size>0xe0</size>
         <input_file_ref idref="fl-1e"/>
      </object_component>
      <object_component id="oc-706">
         <name>.text:PWMTimerCC26XX_open</name>
         <load_address>0xce4</load_address>
         <run_address>0xce4</run_address>
         <size>0xdc</size>
         <input_file_ref idref="fl-13"/>
      </object_component>
      <object_component id="oc-29a">
         <name>.text:SwiP_construct</name>
         <load_address>0xdc0</load_address>
         <run_address>0xdc0</run_address>
         <size>0xd8</size>
         <input_file_ref idref="fl-1a"/>
      </object_component>
      <object_component id="oc-6b3">
         <name>.text:Power_releaseDependency</name>
         <load_address>0xe98</load_address>
         <run_address>0xe98</run_address>
         <size>0xc0</size>
         <input_file_ref idref="fl-11"/>
      </object_component>
      <object_component id="oc-4bb">
         <name>.text:TimerP_construct</name>
         <load_address>0xf58</load_address>
         <run_address>0xf58</run_address>
         <size>0xbc</size>
         <input_file_ref idref="fl-1c"/>
      </object_component>
      <object_component id="oc-276">
         <name>.text:Power_setDependency</name>
         <load_address>0x1014</load_address>
         <run_address>0x1014</run_address>
         <size>0xb8</size>
         <input_file_ref idref="fl-11"/>
      </object_component>
      <object_component id="oc-321">
         <name>.text:ClockP_startup</name>
         <load_address>0x10cc</load_address>
         <run_address>0x10cc</run_address>
         <size>0xb4</size>
         <input_file_ref idref="fl-1b"/>
      </object_component>
      <object_component id="oc-4cd">
         <name>.text:ClockP_workFuncDynamic</name>
         <load_address>0x1180</load_address>
         <run_address>0x1180</run_address>
         <size>0xac</size>
         <input_file_ref idref="fl-1b"/>
      </object_component>
      <object_component id="oc-2da">
         <name>.text:PIN_open</name>
         <load_address>0x122c</load_address>
         <run_address>0x122c</run_address>
         <size>0xac</size>
         <input_file_ref idref="fl-10"/>
      </object_component>
      <object_component id="oc-c6">
         <name>.text:TrimAfterColdResetWakeupFromShutDown</name>
         <load_address>0x12d8</load_address>
         <run_address>0x12d8</run_address>
         <size>0xac</size>
         <input_file_ref idref="fl-27"/>
      </object_component>
      <object_component id="oc-46f">
         <name>.text:SemaphoreP_pend</name>
         <load_address>0x1384</load_address>
         <run_address>0x1384</run_address>
         <size>0xa0</size>
         <input_file_ref idref="fl-19"/>
      </object_component>
      <object_component id="oc-718">
         <name>.text:PWMTimerCC26XX_setDutyAndPeriod</name>
         <load_address>0x1424</load_address>
         <run_address>0x1424</run_address>
         <size>0x9c</size>
         <input_file_ref idref="fl-13"/>
      </object_component>
      <object_component id="oc-5e8">
         <name>.text:SwiP_dispatch</name>
         <load_address>0x14c0</load_address>
         <run_address>0x14c0</run_address>
         <size>0x9c</size>
         <input_file_ref idref="fl-1a"/>
      </object_component>
      <object_component id="oc-5c">
         <name>.text</name>
         <load_address>0x155c</load_address>
         <run_address>0x155c</run_address>
         <size>0x9c</size>
         <input_file_ref idref="fl-e1"/>
      </object_component>
      <object_component id="oc-7a">
         <name>.text:NOROM_SetupTrimDevice</name>
         <load_address>0x15f8</load_address>
         <run_address>0x15f8</run_address>
         <size>0x98</size>
         <input_file_ref idref="fl-27"/>
      </object_component>
      <object_component id="oc-315">
         <name>.text</name>
         <load_address>0x1690</load_address>
         <run_address>0x1690</run_address>
         <size>0x96</size>
         <input_file_ref idref="fl-e3"/>
      </object_component>
      <object_component id="oc-1c0">
         <name>.text:Board_initHook</name>
         <load_address>0x1726</load_address>
         <run_address>0x1726</run_address>
         <size>0x2</size>
         <input_file_ref idref="fl-5"/>
      </object_component>
      <object_component id="oc-7a4">
         <name>.text:GPTimerCC26XX_open</name>
         <load_address>0x1728</load_address>
         <run_address>0x1728</run_address>
         <size>0x88</size>
         <input_file_ref idref="fl-15"/>
      </object_component>
      <object_component id="oc-589">
         <name>.text:NOROM_OSCHF_AttemptToSwitchToXosc</name>
         <load_address>0x17b0</load_address>
         <run_address>0x17b0</run_address>
         <size>0x88</size>
         <input_file_ref idref="fl-25"/>
      </object_component>
      <object_component id="oc-3c7">
         <name>.text:calibrateRcoscHf2</name>
         <load_address>0x1838</load_address>
         <run_address>0x1838</run_address>
         <size>0x88</size>
         <input_file_ref idref="fl-12"/>
      </object_component>
      <object_component id="oc-3c0">
         <name>.text:disableLFClockQualifiers</name>
         <load_address>0x18c0</load_address>
         <run_address>0x18c0</run_address>
         <size>0x88</size>
         <input_file_ref idref="fl-11"/>
      </object_component>
      <object_component id="oc-3d3">
         <name>.text:updateSubSecInc</name>
         <load_address>0x1948</load_address>
         <run_address>0x1948</run_address>
         <size>0x88</size>
         <input_file_ref idref="fl-12"/>
      </object_component>
      <object_component id="oc-2e0">
         <name>.text:Board_sendExtFlashByte</name>
         <load_address>0x19d0</load_address>
         <run_address>0x19d0</run_address>
         <size>0x84</size>
         <input_file_ref idref="fl-5"/>
      </object_component>
      <object_component id="oc-376">
         <name>.text:ClockP_start</name>
         <load_address>0x1a54</load_address>
         <run_address>0x1a54</run_address>
         <size>0x80</size>
         <input_file_ref idref="fl-1b"/>
      </object_component>
      <object_component id="oc-226">
         <name>.text:HwiP_construct</name>
         <load_address>0x1ad4</load_address>
         <run_address>0x1ad4</run_address>
         <size>0x80</size>
         <input_file_ref idref="fl-1d"/>
      </object_component>
      <object_component id="oc-76e">
         <name>.text:NOROM_SysCtrlSetRechargeBeforePowerDown</name>
         <load_address>0x1b54</load_address>
         <run_address>0x1b54</run_address>
         <size>0x80</size>
         <input_file_ref idref="fl-28"/>
      </object_component>
      <object_component id="oc-65d">
         <name>.text:ClockP_walkQueueDynamic</name>
         <load_address>0x1bd4</load_address>
         <run_address>0x1bd4</run_address>
         <size>0x78</size>
         <input_file_ref idref="fl-1b"/>
      </object_component>
      <object_component id="oc-7f5">
         <name>.text:GPTimerCC26XX_resetHw</name>
         <load_address>0x1c4c</load_address>
         <run_address>0x1c4c</run_address>
         <size>0x74</size>
         <input_file_ref idref="fl-15"/>
      </object_component>
      <object_component id="oc-24d">
         <name>.text:PowerCC26X2_auxISR</name>
         <load_address>0x1cc0</load_address>
         <run_address>0x1cc0</run_address>
         <size>0x74</size>
         <input_file_ref idref="fl-12"/>
      </object_component>
      <object_component id="oc-7aa">
         <name>.text:PIN_add</name>
         <load_address>0x1d34</load_address>
         <run_address>0x1d34</run_address>
         <size>0x70</size>
         <input_file_ref idref="fl-10"/>
      </object_component>
      <object_component id="oc-264">
         <name>.text:NOROM_ChipInfo_GetChipType</name>
         <load_address>0x1da4</load_address>
         <run_address>0x1da4</run_address>
         <size>0x6c</size>
         <input_file_ref idref="fl-21"/>
      </object_component>
      <object_component id="oc-1e3">
         <name>.text:ClockP_usleep</name>
         <load_address>0x1e10</load_address>
         <run_address>0x1e10</run_address>
         <size>0x68</size>
         <input_file_ref idref="fl-1b"/>
      </object_component>
      <object_component id="oc-5b5">
         <name>.text:NOROM_OSCHF_SwitchToRcOscTurnOffXosc</name>
         <load_address>0x1e78</load_address>
         <run_address>0x1e78</run_address>
         <size>0x68</size>
         <input_file_ref idref="fl-25"/>
      </object_component>
      <object_component id="oc-5ef">
         <name>.text:SwiP_post</name>
         <load_address>0x1ee0</load_address>
         <run_address>0x1ee0</run_address>
         <size>0x68</size>
         <input_file_ref idref="fl-1a"/>
      </object_component>
      <object_component id="oc-739">
         <name>.text:TimerP_start</name>
         <load_address>0x1f48</load_address>
         <run_address>0x1f48</run_address>
         <size>0x68</size>
         <input_file_ref idref="fl-1c"/>
      </object_component>
      <object_component id="oc-20">
         <name>.text:decompress:lzss:__TI_decompress_lzss</name>
         <load_address>0x1fb0</load_address>
         <run_address>0x1fb0</run_address>
         <size>0x68</size>
         <input_file_ref idref="fl-e7"/>
      </object_component>
      <object_component id="oc-483">
         <name>.text:PIN_remove</name>
         <load_address>0x2018</load_address>
         <run_address>0x2018</run_address>
         <size>0x5c</size>
         <input_file_ref idref="fl-10"/>
      </object_component>
      <object_component id="oc-712">
         <name>.text:PWMTimerCC26XX_setPeriod</name>
         <load_address>0x2074</load_address>
         <run_address>0x2074</run_address>
         <size>0x5c</size>
         <input_file_ref idref="fl-13"/>
      </object_component>
      <object_component id="oc-7d4">
         <name>.text:GPTimerCC26XX_stop</name>
         <load_address>0x20d0</load_address>
         <run_address>0x20d0</run_address>
         <size>0x58</size>
         <input_file_ref idref="fl-15"/>
      </object_component>
      <object_component id="oc-57e">
         <name>.text:PowerCC26X2_initiateCalibration</name>
         <load_address>0x2128</load_address>
         <run_address>0x2128</run_address>
         <size>0x58</size>
         <input_file_ref idref="fl-12"/>
      </object_component>
      <object_component id="oc-774">
         <name>.text:NOROM_PRCMPowerDomainsAllOff</name>
         <load_address>0x2180</load_address>
         <run_address>0x2180</run_address>
         <size>0x54</size>
         <input_file_ref idref="fl-26"/>
      </object_component>
      <object_component id="oc-7b4">
         <name>.text:PWMTimerCC26XX_getdutyCounts</name>
         <load_address>0x21d4</load_address>
         <run_address>0x21d4</run_address>
         <size>0x50</size>
         <input_file_ref idref="fl-13"/>
      </object_component>
      <object_component id="oc-40e">
         <name>.text:SemaphoreP_construct</name>
         <load_address>0x2224</load_address>
         <run_address>0x2224</run_address>
         <size>0x50</size>
         <input_file_ref idref="fl-19"/>
      </object_component>
      <object_component id="oc-163">
         <name>.text:mainThread</name>
         <load_address>0x2274</load_address>
         <run_address>0x2274</run_address>
         <size>0x50</size>
         <input_file_ref idref="fl-3"/>
      </object_component>
      <object_component id="oc-1d1">
         <name>.text:initializePWM</name>
         <load_address>0x22c4</load_address>
         <run_address>0x22c4</run_address>
         <size>0x4e</size>
         <input_file_ref idref="fl-3"/>
      </object_component>
      <object_component id="oc-700">
         <name>.text:PWMTimerCC26XX_init</name>
         <load_address>0x2312</load_address>
         <run_address>0x2312</run_address>
         <size>0x2</size>
         <input_file_ref idref="fl-13"/>
      </object_component>
      <object_component id="oc-2d4">
         <name>.text:Board_wakeUpExtFlash</name>
         <load_address>0x2314</load_address>
         <run_address>0x2314</run_address>
         <size>0x4c</size>
         <input_file_ref idref="fl-5"/>
      </object_component>
      <object_component id="oc-804">
         <name>.text:GPTimerCC26XX_initHw</name>
         <load_address>0x2360</load_address>
         <run_address>0x2360</run_address>
         <size>0x4c</size>
         <input_file_ref idref="fl-15"/>
      </object_component>
      <object_component id="oc-7da">
         <name>.text:GPTimerCC26XX_start</name>
         <load_address>0x23ac</load_address>
         <run_address>0x23ac</run_address>
         <size>0x4c</size>
         <input_file_ref idref="fl-15"/>
      </object_component>
      <object_component id="oc-3fe">
         <name>.text:NOROM_PRCMPowerDomainsAllOn</name>
         <load_address>0x23f8</load_address>
         <run_address>0x23f8</run_address>
         <size>0x4c</size>
         <input_file_ref idref="fl-26"/>
      </object_component>
      <object_component id="oc-21a">
         <name>.text:ClockP_construct</name>
         <load_address>0x2444</load_address>
         <run_address>0x2444</run_address>
         <size>0x48</size>
         <input_file_ref idref="fl-1b"/>
      </object_component>
      <object_component id="oc-70c">
         <name>.text:PWMTimerCC26XX_setDuty</name>
         <load_address>0x248c</load_address>
         <run_address>0x248c</run_address>
         <size>0x48</size>
         <input_file_ref idref="fl-13"/>
      </object_component>
      <object_component id="oc-241">
         <name>.text:PowerCC26X2_RCOSC_clockFunc</name>
         <load_address>0x24d4</load_address>
         <run_address>0x24d4</run_address>
         <size>0x48</size>
         <input_file_ref idref="fl-12"/>
      </object_component>
      <object_component id="oc-3b7">
         <name>.text:switchXOSCHF</name>
         <load_address>0x251c</load_address>
         <run_address>0x251c</run_address>
         <size>0x48</size>
         <input_file_ref idref="fl-11"/>
      </object_component>
      <object_component id="oc-118">
         <name>.text:NOROM_ChipInfo_GetHwRevision</name>
         <load_address>0x2564</load_address>
         <run_address>0x2564</run_address>
         <size>0x44</size>
         <input_file_ref idref="fl-21"/>
      </object_component>
      <object_component id="oc-2b8">
         <name>.text:PIN_swi</name>
         <load_address>0x25a8</load_address>
         <run_address>0x25a8</run_address>
         <size>0x44</size>
         <input_file_ref idref="fl-10"/>
      </object_component>
      <object_component id="oc-2f6">
         <name>.text:PWM_init</name>
         <load_address>0x25ec</load_address>
         <run_address>0x25ec</run_address>
         <size>0x44</size>
         <input_file_ref idref="fl-f"/>
      </object_component>
      <object_component id="oc-47b">
         <name>.text:SemaphoreP_post</name>
         <load_address>0x2630</load_address>
         <run_address>0x2630</run_address>
         <size>0x44</size>
         <input_file_ref idref="fl-19"/>
      </object_component>
      <object_component id="oc-766">
         <name>.text:SwiP_restore</name>
         <load_address>0x2674</load_address>
         <run_address>0x2674</run_address>
         <size>0x44</size>
         <input_file_ref idref="fl-1a"/>
      </object_component>
      <object_component id="oc-176">
         <name>.text:__TI_auto_init_nobinit_nopinit:__TI_auto_init_nobinit_nopinit</name>
         <load_address>0x26b8</load_address>
         <run_address>0x26b8</run_address>
         <size>0x44</size>
         <input_file_ref idref="fl-eb"/>
      </object_component>
      <object_component id="oc-1ba">
         <name>.text:Board_shutDownExtFlash</name>
         <load_address>0x26fc</load_address>
         <run_address>0x26fc</run_address>
         <size>0x40</size>
         <input_file_ref idref="fl-5"/>
      </object_component>
      <object_component id="oc-5a0">
         <name>.text:NOROM_OSC_HPOSCRelativeFrequencyOffsetGet</name>
         <load_address>0x273c</load_address>
         <run_address>0x273c</run_address>
         <size>0x40</size>
         <input_file_ref idref="fl-25"/>
      </object_component>
      <object_component id="oc-302">
         <name>.text:PWM_open</name>
         <load_address>0x277c</load_address>
         <run_address>0x277c</run_address>
         <size>0x40</size>
         <input_file_ref idref="fl-f"/>
      </object_component>
      <object_component id="oc-1d7">
         <name>.text:informUserOfStartup</name>
         <load_address>0x27bc</load_address>
         <run_address>0x27bc</run_address>
         <size>0x40</size>
         <input_file_ref idref="fl-3"/>
      </object_component>
      <object_component id="oc-464">
         <name>.text:PIN_setOutputValue</name>
         <load_address>0x27fc</load_address>
         <run_address>0x27fc</run_address>
         <size>0x3c</size>
         <input_file_ref idref="fl-10"/>
      </object_component>
      <object_component id="oc-475">
         <name>.text:PIN_setConfig</name>
         <load_address>0x2838</load_address>
         <run_address>0x2838</run_address>
         <size>0x38</size>
         <input_file_ref idref="fl-10"/>
      </object_component>
      <object_component id="oc-513">
         <name>.text:TimerP_getCurrentTick</name>
         <load_address>0x2870</load_address>
         <run_address>0x2870</run_address>
         <size>0x38</size>
         <input_file_ref idref="fl-1c"/>
      </object_component>
      <object_component id="oc-63f">
         <name>.text:TimerP_initDevice</name>
         <load_address>0x28a8</load_address>
         <run_address>0x28a8</run_address>
         <size>0x38</size>
         <input_file_ref idref="fl-1c"/>
      </object_component>
      <object_component id="oc-595">
         <name>.text:notify</name>
         <load_address>0x28e0</load_address>
         <run_address>0x28e0</run_address>
         <size>0x38</size>
         <input_file_ref idref="fl-11"/>
      </object_component>
      <object_component id="oc-670">
         <name>.text:TimerP_setNextTick</name>
         <load_address>0x2918</load_address>
         <run_address>0x2918</run_address>
         <size>0x36</size>
         <input_file_ref idref="fl-1c"/>
      </object_component>
      <object_component id="oc-4e3">
         <name>.text:SemaphoreP_destruct</name>
         <load_address>0x294e</load_address>
         <run_address>0x294e</run_address>
         <size>0x2</size>
         <input_file_ref idref="fl-19"/>
      </object_component>
      <object_component id="oc-553">
         <name>.text:ClockP_getTicksUntilInterrupt</name>
         <load_address>0x2950</load_address>
         <run_address>0x2950</run_address>
         <size>0x34</size>
         <input_file_ref idref="fl-1b"/>
      </object_component>
      <object_component id="oc-81b">
         <name>.text:GPTimerCC26XXSetLoadMatch</name>
         <load_address>0x2984</load_address>
         <run_address>0x2984</run_address>
         <size>0x34</size>
         <input_file_ref idref="fl-15"/>
      </object_component>
      <object_component id="oc-796">
         <name>.text:GPTimerCC26XX_configureDebugStall</name>
         <load_address>0x29b8</load_address>
         <run_address>0x29b8</run_address>
         <size>0x34</size>
         <input_file_ref idref="fl-15"/>
      </object_component>
      <object_component id="oc-11f">
         <name>.text:NOROM_AUXSYSIFOpModeChange</name>
         <load_address>0x29ec</load_address>
         <run_address>0x29ec</run_address>
         <size>0x34</size>
         <input_file_ref idref="fl-29"/>
      </object_component>
      <object_component id="oc-381">
         <name>.text:NOROM_IntRegister</name>
         <load_address>0x2a20</load_address>
         <run_address>0x2a20</run_address>
         <size>0x34</size>
         <input_file_ref idref="fl-24"/>
      </object_component>
      <object_component id="oc-571">
         <name>.text:NOROM_SysCtrlIdle</name>
         <load_address>0x2a54</load_address>
         <run_address>0x2a54</run_address>
         <size>0x34</size>
         <input_file_ref idref="fl-28"/>
      </object_component>
      <object_component id="oc-7c1">
         <name>.text:PWMTimerCC26XX_getperiodCounts</name>
         <load_address>0x2a88</load_address>
         <run_address>0x2a88</run_address>
         <size>0x34</size>
         <input_file_ref idref="fl-13"/>
      </object_component>
      <object_component id="oc-78c">
         <name>.text:GPTimerCC26XX_close</name>
         <load_address>0x2abc</load_address>
         <run_address>0x2abc</run_address>
         <size>0x30</size>
         <input_file_ref idref="fl-15"/>
      </object_component>
      <object_component id="oc-7e1">
         <name>.text:PINCC26XX_setMux</name>
         <load_address>0x2aec</load_address>
         <run_address>0x2aec</run_address>
         <size>0x30</size>
         <input_file_ref idref="fl-10"/>
      </object_component>
      <object_component id="oc-71e">
         <name>.text:PWMTimerCC26XX_start</name>
         <load_address>0x2b1c</load_address>
         <run_address>0x2b1c</run_address>
         <size>0x30</size>
         <input_file_ref idref="fl-13"/>
      </object_component>
      <object_component id="oc-58f">
         <name>.text:Power_releaseConstraint</name>
         <load_address>0x2b4c</load_address>
         <run_address>0x2b4c</run_address>
         <size>0x30</size>
         <input_file_ref idref="fl-11"/>
      </object_component>
      <object_component id="oc-22c">
         <name>.text:Power_setConstraint</name>
         <load_address>0x2b7c</load_address>
         <run_address>0x2b7c</run_address>
         <size>0x30</size>
         <input_file_ref idref="fl-11"/>
      </object_component>
      <object_component id="oc-df">
         <name>.text:_c_int00:_c_int00</name>
         <load_address>0x2bac</load_address>
         <run_address>0x2bac</run_address>
         <size>0x30</size>
         <input_file_ref idref="fl-e9"/>
      </object_component>
      <object_component id="oc-824">
         <name>.text:GPTimerCC26XX_getTimerValue</name>
         <load_address>0x2bdc</load_address>
         <run_address>0x2bdc</run_address>
         <size>0x2c</size>
         <input_file_ref idref="fl-15"/>
      </object_component>
      <object_component id="oc-6f4">
         <name>.text:PWMTimerCC26XX_close</name>
         <load_address>0x2c08</load_address>
         <run_address>0x2c08</run_address>
         <size>0x2c</size>
         <input_file_ref idref="fl-13"/>
      </object_component>
      <object_component id="oc-724">
         <name>.text:PWMTimerCC26XX_stop</name>
         <load_address>0x2c34</load_address>
         <run_address>0x2c34</run_address>
         <size>0x2c</size>
         <input_file_ref idref="fl-13"/>
      </object_component>
      <object_component id="oc-755">
         <name>.text:TimerP_setThreshold</name>
         <load_address>0x2c60</load_address>
         <run_address>0x2c60</run_address>
         <size>0x2c</size>
         <input_file_ref idref="fl-1c"/>
      </object_component>
      <object_component id="oc-1dd">
         <name>.text:updateDutyCycle</name>
         <load_address>0x2c8c</load_address>
         <run_address>0x2c8c</run_address>
         <size>0x2c</size>
         <input_file_ref idref="fl-3"/>
      </object_component>
      <object_component id="oc-247">
         <name>.text:oscillatorISR</name>
         <load_address>0x2cb8</load_address>
         <run_address>0x2cb8</run_address>
         <size>0x28</size>
         <input_file_ref idref="fl-11"/>
      </object_component>
      <object_component id="oc-51f">
         <name>.text:ClockP_getTicks</name>
         <load_address>0x2ce0</load_address>
         <run_address>0x2ce0</run_address>
         <size>0x24</size>
         <input_file_ref idref="fl-1b"/>
      </object_component>
      <object_component id="oc-519">
         <name>.text:ClockP_scheduleNextTick</name>
         <load_address>0x2d04</load_address>
         <run_address>0x2d04</run_address>
         <size>0x24</size>
         <input_file_ref idref="fl-1b"/>
      </object_component>
      <object_component id="oc-38a">
         <name>.text:HwiP_dispatch</name>
         <load_address>0x2d28</load_address>
         <run_address>0x2d28</run_address>
         <size>0x24</size>
         <input_file_ref idref="fl-1d"/>
      </object_component>
      <object_component id="oc-3b1">
         <name>.text:NOROM_OSCHF_TurnOnXosc</name>
         <load_address>0x2d4c</load_address>
         <run_address>0x2d4c</run_address>
         <size>0x24</size>
         <input_file_ref idref="fl-25"/>
      </object_component>
      <object_component id="oc-4c1">
         <name>.text:TimerP_getMaxTicks</name>
         <load_address>0x2d70</load_address>
         <run_address>0x2d70</run_address>
         <size>0x24</size>
         <input_file_ref idref="fl-1c"/>
      </object_component>
      <object_component id="oc-69d">
         <name>.text:getTdcSemaphore</name>
         <load_address>0x2d94</load_address>
         <run_address>0x2d94</run_address>
         <size>0x24</size>
         <input_file_ref idref="fl-12"/>
      </object_component>
      <object_component id="oc-32d">
         <name>.text:sleepTicks</name>
         <load_address>0x2db8</load_address>
         <run_address>0x2db8</run_address>
         <size>0x24</size>
         <input_file_ref idref="fl-1b"/>
      </object_component>
      <object_component id="oc-157">
         <name>.text:Board_init</name>
         <load_address>0x2ddc</load_address>
         <run_address>0x2ddc</run_address>
         <size>0x20</size>
         <input_file_ref idref="fl-5"/>
      </object_component>
      <object_component id="oc-5fa">
         <name>.text:ClockP_add</name>
         <load_address>0x2dfc</load_address>
         <run_address>0x2dfc</run_address>
         <size>0x20</size>
         <input_file_ref idref="fl-1b"/>
      </object_component>
      <object_component id="oc-288">
         <name>.text:PINCC26XX_setIoCfgMux</name>
         <load_address>0x2e1c</load_address>
         <run_address>0x2e1c</run_address>
         <size>0x20</size>
         <input_file_ref idref="fl-10"/>
      </object_component>
      <object_component id="oc-370">
         <name>.text:QueueP_put</name>
         <load_address>0x2e3c</load_address>
         <run_address>0x2e3c</run_address>
         <size>0x20</size>
         <input_file_ref idref="fl-20"/>
      </object_component>
      <object_component id="oc-651">
         <name>.text:TimerP_dynamicStub</name>
         <load_address>0x2e5c</load_address>
         <run_address>0x2e5c</run_address>
         <size>0x20</size>
         <input_file_ref idref="fl-1c"/>
      </object_component>
      <object_component id="oc-2e6">
         <name>.text:PIN_close</name>
         <load_address>0x2e7c</load_address>
         <run_address>0x2e7c</run_address>
         <size>0x1e</size>
         <input_file_ref idref="fl-10"/>
      </object_component>
      <object_component id="oc-559">
         <name>.text:Power_getTransitionLatency</name>
         <load_address>0x2e9a</load_address>
         <run_address>0x2e9a</run_address>
         <size>0x1e</size>
         <input_file_ref idref="fl-11"/>
      </object_component>
      <object_component id="oc-27c">
         <name>.text:SemaphoreP_constructBinary</name>
         <load_address>0x2eb8</load_address>
         <run_address>0x2eb8</run_address>
         <size>0x1e</size>
         <input_file_ref idref="fl-19"/>
      </object_component>
      <object_component id="oc-446">
         <name>.text:SwiP_or</name>
         <load_address>0x2ed6</load_address>
         <run_address>0x2ed6</run_address>
         <size>0x1e</size>
         <input_file_ref idref="fl-1a"/>
      </object_component>
      <object_component id="oc-112">
         <name>.text:NOROM_ChipInfo_GetChipFamily</name>
         <load_address>0x2ef4</load_address>
         <run_address>0x2ef4</run_address>
         <size>0x1c</size>
         <input_file_ref idref="fl-21"/>
      </object_component>
      <object_component id="oc-2af">
         <name>.text:PIN_hwi</name>
         <load_address>0x2f10</load_address>
         <run_address>0x2f10</run_address>
         <size>0x1c</size>
         <input_file_ref idref="fl-10"/>
      </object_component>
      <object_component id="oc-75c">
         <name>.text:SwiP_disable</name>
         <load_address>0x2f2c</load_address>
         <run_address>0x2f2c</run_address>
         <size>0x1c</size>
         <input_file_ref idref="fl-1a"/>
      </object_component>
      <object_component id="oc-68">
         <name>.text:decompress:ZI:__TI_zero_init_nomemset:__TI_zero_init_nomemset</name>
         <load_address>0x2f48</load_address>
         <run_address>0x2f48</run_address>
         <size>0x1c</size>
         <input_file_ref idref="fl-e5"/>
      </object_component>
      <object_component id="oc-6fa">
         <name>.text:PWMTimerCC26XX_control</name>
         <load_address>0x2f64</load_address>
         <run_address>0x2f64</run_address>
         <size>0x1a</size>
         <input_file_ref idref="fl-13"/>
      </object_component>
      <object_component id="oc-3a9">
         <name>.text:PowerCC26XX_calibrate</name>
         <load_address>0x2f7e</load_address>
         <run_address>0x2f7e</run_address>
         <size>0x1a</size>
         <input_file_ref idref="fl-11"/>
      </object_component>
      <object_component id="oc-6d3">
         <name>.text:QueueP_get</name>
         <load_address>0x2f98</load_address>
         <run_address>0x2f98</run_address>
         <size>0x1a</size>
         <input_file_ref idref="fl-20"/>
      </object_component>
      <object_component id="oc-60c">
         <name>.text:ClockP_destruct</name>
         <load_address>0x2fb2</load_address>
         <run_address>0x2fb2</run_address>
         <size>0x18</size>
         <input_file_ref idref="fl-1b"/>
      </object_component>
      <object_component id="oc-612">
         <name>.text:clkFxn</name>
         <load_address>0x2fca</load_address>
         <run_address>0x2fca</run_address>
         <size>0x2</size>
         <input_file_ref idref="fl-19"/>
      </object_component>
      <object_component id="oc-61a">
         <name>.text:HwiP_inISR</name>
         <load_address>0x2fcc</load_address>
         <run_address>0x2fcc</run_address>
         <size>0x18</size>
         <input_file_ref idref="fl-1d"/>
      </object_component>
      <object_component id="oc-26a">
         <name>.text:NOROM_ChipInfo_GetPackageType</name>
         <load_address>0x2fe4</load_address>
         <run_address>0x2fe4</run_address>
         <size>0x18</size>
         <input_file_ref idref="fl-21"/>
      </object_component>
      <object_component id="oc-6c3">
         <name>.text:Power_idleFunc</name>
         <load_address>0x2ffc</load_address>
         <run_address>0x2ffc</run_address>
         <size>0x18</size>
         <input_file_ref idref="fl-11"/>
      </object_component>
      <object_component id="oc-645">
         <name>.text:TimerP_startup</name>
         <load_address>0x3014</load_address>
         <run_address>0x3014</run_address>
         <size>0x18</size>
         <input_file_ref idref="fl-1c"/>
      </object_component>
      <object_component id="oc-137">
         <name>.text:_args_main</name>
         <load_address>0x302c</load_address>
         <run_address>0x302c</run_address>
         <size>0x18</size>
         <input_file_ref idref="fl-f0"/>
      </object_component>
      <object_component id="oc-66a">
         <name>.text</name>
         <load_address>0x3044</load_address>
         <run_address>0x3044</run_address>
         <size>0x18</size>
         <input_file_ref idref="fl-e0"/>
      </object_component>
      <object_component id="oc-235">
         <name>.text:switchToTCXO</name>
         <load_address>0x305c</load_address>
         <run_address>0x305c</run_address>
         <size>0x18</size>
         <input_file_ref idref="fl-11"/>
      </object_component>
      <object_component id="oc-c0">
         <name>.text:NOROM_ThisLibraryIsFor_CC13x2_CC26x2_HwRev20AndLater_HaltIfViolated</name>
         <load_address>0x3074</load_address>
         <run_address>0x3074</run_address>
         <size>0x16</size>
         <input_file_ref idref="fl-21"/>
      </object_component>
      <object_component id="oc-6cd">
         <name>.text:maxbit</name>
         <load_address>0x308a</load_address>
         <run_address>0x308a</run_address>
         <size>0x16</size>
         <input_file_ref idref="fl-1a"/>
      </object_component>
      <object_component id="oc-2fc">
         <name>.text:PWM_Params_init</name>
         <load_address>0x30a0</load_address>
         <run_address>0x30a0</run_address>
         <size>0x14</size>
         <input_file_ref idref="fl-f"/>
      </object_component>
      <object_component id="oc-3d9">
         <name>.text:PowerCC26X2_calibrate</name>
         <load_address>0x30b4</load_address>
         <run_address>0x30b4</run_address>
         <size>0x14</size>
         <input_file_ref idref="fl-12"/>
      </object_component>
      <object_component id="oc-620">
         <name>.text:Power_disablePolicy</name>
         <load_address>0x30c8</load_address>
         <run_address>0x30c8</run_address>
         <size>0x14</size>
         <input_file_ref idref="fl-11"/>
      </object_component>
      <object_component id="oc-435">
         <name>.text:SwiP_handleHwi</name>
         <load_address>0x30dc</load_address>
         <run_address>0x30dc</run_address>
         <size>0x14</size>
         <input_file_ref idref="fl-1a"/>
      </object_component>
      <object_component id="oc-327">
         <name>.text:TimerP_getCount64</name>
         <load_address>0x30f0</load_address>
         <run_address>0x30f0</run_address>
         <size>0x14</size>
         <input_file_ref idref="fl-1c"/>
      </object_component>
      <object_component id="oc-2d">
         <name>.text:resetISR</name>
         <load_address>0x3104</load_address>
         <run_address>0x3104</run_address>
         <size>0x14</size>
         <input_file_ref idref="fl-1f"/>
      </object_component>
      <object_component id="oc-79e">
         <name>.text:GPTimerCC26XX_Params_init</name>
         <load_address>0x3118</load_address>
         <run_address>0x3118</run_address>
         <size>0x12</size>
         <input_file_ref idref="fl-15"/>
      </object_component>
      <object_component id="oc-28e">
         <name>.text:HwiP_Params_init</name>
         <load_address>0x312a</load_address>
         <run_address>0x312a</run_address>
         <size>0x12</size>
         <input_file_ref idref="fl-1d"/>
      </object_component>
      <object_component id="oc-12d">
         <name>.text:main</name>
         <load_address>0x313c</load_address>
         <run_address>0x313c</run_address>
         <size>0x12</size>
         <input_file_ref idref="fl-2"/>
      </object_component>
      <object_component id="oc-23b">
         <name>.text:emptyClockFunc</name>
         <load_address>0x314e</load_address>
         <run_address>0x314e</run_address>
         <size>0x2</size>
         <input_file_ref idref="fl-11"/>
      </object_component>
      <object_component id="oc-220">
         <name>.text:ClockP_Params_init</name>
         <load_address>0x3150</load_address>
         <run_address>0x3150</run_address>
         <size>0x10</size>
         <input_file_ref idref="fl-1b"/>
      </object_component>
      <object_component id="oc-814">
         <name>.text:ClockP_getCpuFreq</name>
         <load_address>0x3160</load_address>
         <run_address>0x3160</run_address>
         <size>0x10</size>
         <input_file_ref idref="fl-1b"/>
      </object_component>
      <object_component id="oc-395">
         <name>.text:HwiP_disable</name>
         <load_address>0x3170</load_address>
         <run_address>0x3170</run_address>
         <size>0x10</size>
         <input_file_ref idref="fl-1d"/>
      </object_component>
      <object_component id="oc-6e0">
         <name>.text:HwiP_post</name>
         <load_address>0x3180</load_address>
         <run_address>0x3180</run_address>
         <size>0x10</size>
         <input_file_ref idref="fl-1d"/>
      </object_component>
      <object_component id="oc-270">
         <name>.text:PINCC26XX_getPinCount</name>
         <load_address>0x3190</load_address>
         <run_address>0x3190</run_address>
         <size>0x10</size>
         <input_file_ref idref="fl-10"/>
      </object_component>
      <object_component id="oc-680">
         <name>.text:PowerCC26XX_schedulerDisable</name>
         <load_address>0x31a0</load_address>
         <run_address>0x31a0</run_address>
         <size>0x10</size>
         <input_file_ref idref="fl-1e"/>
      </object_component>
      <object_component id="oc-600">
         <name>.text:Power_enablePolicy</name>
         <load_address>0x31b0</load_address>
         <run_address>0x31b0</run_address>
         <size>0x10</size>
         <input_file_ref idref="fl-11"/>
      </object_component>
      <object_component id="oc-408">
         <name>.text:SemaphoreP_Params_init</name>
         <load_address>0x31c0</load_address>
         <run_address>0x31c0</run_address>
         <size>0x10</size>
         <input_file_ref idref="fl-19"/>
      </object_component>
      <object_component id="oc-294">
         <name>.text:SwiP_Params_init</name>
         <load_address>0x31d0</load_address>
         <run_address>0x31d0</run_address>
         <size>0x10</size>
         <input_file_ref idref="fl-1a"/>
      </object_component>
      <object_component id="oc-4b5">
         <name>.text:TimerP_Params_init</name>
         <load_address>0x31e0</load_address>
         <run_address>0x31e0</run_address>
         <size>0x10</size>
         <input_file_ref idref="fl-1c"/>
      </object_component>
      <object_component id="oc-6d9">
         <name>.text:QueueP_empty</name>
         <load_address>0x31f0</load_address>
         <run_address>0x31f0</run_address>
         <size>0xe</size>
         <input_file_ref idref="fl-20"/>
      </object_component>
      <object_component id="oc-6ea">
         <name>.text:QueueP_remove</name>
         <load_address>0x31fe</load_address>
         <run_address>0x31fe</run_address>
         <size>0xe</size>
         <input_file_ref idref="fl-20"/>
      </object_component>
      <object_component id="oc-1e9">
         <name>.text:cleanup</name>
         <load_address>0x320c</load_address>
         <run_address>0x320c</run_address>
         <size>0xe</size>
         <input_file_ref idref="fl-3"/>
      </object_component>
      <object_component id="oc-26">
         <name>.text:decompress:none:__TI_decompress_none</name>
         <load_address>0x321a</load_address>
         <run_address>0x321a</run_address>
         <size>0xe</size>
         <input_file_ref idref="fl-e6"/>
      </object_component>
      <object_component id="oc-4d3">
         <name>.text:ClockP_doTick</name>
         <load_address>0x3228</load_address>
         <run_address>0x3228</run_address>
         <size>0xc</size>
         <input_file_ref idref="fl-1b"/>
      </object_component>
      <object_component id="oc-214">
         <name>.text:ClockP_getSystemTickPeriod</name>
         <load_address>0x3234</load_address>
         <run_address>0x3234</run_address>
         <size>0xc</size>
         <input_file_ref idref="fl-1b"/>
      </object_component>
      <object_component id="oc-74">
         <name>.text:NOROM_CPUcpsid</name>
         <load_address>0x3240</load_address>
         <run_address>0x3240</run_address>
         <size>0xc</size>
         <input_file_ref idref="fl-22"/>
      </object_component>
      <object_component id="oc-1ca">
         <name>.text:NOROM_CPUcpsie</name>
         <load_address>0x324c</load_address>
         <run_address>0x324c</run_address>
         <size>0xc</size>
         <input_file_ref idref="fl-22"/>
      </object_component>
      <object_component id="oc-686">
         <name>.text:PowerCC26XX_schedulerRestore</name>
         <load_address>0x3258</load_address>
         <run_address>0x3258</run_address>
         <size>0xc</size>
         <input_file_ref idref="fl-1e"/>
      </object_component>
      <object_component id="oc-54d">
         <name>.text:Power_getConstraintMask</name>
         <load_address>0x3264</load_address>
         <run_address>0x3264</run_address>
         <size>0xc</size>
         <input_file_ref idref="fl-11"/>
      </object_component>
      <object_component id="oc-68c">
         <name>.text:Power_getDependencyCount</name>
         <load_address>0x3270</load_address>
         <run_address>0x3270</run_address>
         <size>0xc</size>
         <input_file_ref idref="fl-11"/>
      </object_component>
      <object_component id="oc-44f">
         <name>.text:SwiP_getTrigger</name>
         <load_address>0x327c</load_address>
         <run_address>0x327c</run_address>
         <size>0xc</size>
         <input_file_ref idref="fl-1a"/>
      </object_component>
      <object_component id="oc-4c7">
         <name>.text:TimerP_getFreq</name>
         <load_address>0x3288</load_address>
         <run_address>0x3288</run_address>
         <size>0xc</size>
         <input_file_ref idref="fl-1c"/>
      </object_component>
      <object_component id="oc-31a">
         <name>.text:PWM_setDuty</name>
         <load_address>0x3294</load_address>
         <run_address>0x3294</run_address>
         <size>0xa</size>
         <input_file_ref idref="fl-f"/>
      </object_component>
      <object_component id="oc-308">
         <name>.text:PWM_start</name>
         <load_address>0x329e</load_address>
         <run_address>0x329e</run_address>
         <size>0xa</size>
         <input_file_ref idref="fl-f"/>
      </object_component>
      <object_component id="oc-33e">
         <name>.text:PWM_stop</name>
         <load_address>0x32a8</load_address>
         <run_address>0x32a8</run_address>
         <size>0xa</size>
         <input_file_ref idref="fl-f"/>
      </object_component>
      <object_component id="oc-7c7">
         <name>.text:GPTimerCC26XX_setLoadValue</name>
         <load_address>0x32b2</load_address>
         <run_address>0x32b2</run_address>
         <size>0x8</size>
         <input_file_ref idref="fl-15"/>
      </object_component>
      <object_component id="oc-7ba">
         <name>.text:GPTimerCC26XX_setMatchValue</name>
         <load_address>0x32ba</load_address>
         <run_address>0x32ba</run_address>
         <size>0x8</size>
         <input_file_ref idref="fl-15"/>
      </object_component>
      <object_component id="oc-39b">
         <name>.text:HwiP_restore</name>
         <load_address>0x32c2</load_address>
         <run_address>0x32c2</run_address>
         <size>0x8</size>
         <input_file_ref idref="fl-1d"/>
      </object_component>
      <object_component id="oc-56b">
         <name>.text:ClockP_stop</name>
         <load_address>0x32ca</load_address>
         <run_address>0x32ca</run_address>
         <size>0x6</size>
         <input_file_ref idref="fl-1b"/>
      </object_component>
      <object_component id="oc-7ce">
         <name>.text:GPTimerCC26XX_getValue</name>
         <load_address>0x32d0</load_address>
         <run_address>0x32d0</run_address>
         <size>0x6</size>
         <input_file_ref idref="fl-15"/>
      </object_component>
      <object_component id="oc-46a">
         <name>.text:NOROM_CPUdelay</name>
         <load_address>0x32d6</load_address>
         <run_address>0x32d6</run_address>
         <size>0x6</size>
         <input_file_ref idref="fl-22"/>
      </object_component>
      <object_component id="oc-423">
         <name>.text:QueueP_init</name>
         <load_address>0x32dc</load_address>
         <run_address>0x32dc</run_address>
         <size>0x6</size>
         <input_file_ref idref="fl-20"/>
      </object_component>
      <object_component id="oc-5af">
         <name>.text:delayUs</name>
         <load_address>0x32e2</load_address>
         <run_address>0x32e2</run_address>
         <size>0x6</size>
         <input_file_ref idref="fl-11"/>
      </object_component>
      <object_component id="oc-577">
         <name>.text:CPUwfi</name>
         <load_address>0x32e8</load_address>
         <run_address>0x32e8</run_address>
         <size>0x4</size>
         <input_file_ref idref="fl-1e"/>
      </object_component>
      <object_component id="oc-606">
         <name>.text:ClockP_isActive</name>
         <load_address>0x32ec</load_address>
         <run_address>0x32ec</run_address>
         <size>0x4</size>
         <input_file_ref idref="fl-1b"/>
      </object_component>
      <object_component id="oc-55f">
         <name>.text:ClockP_setTimeout</name>
         <load_address>0x32f0</load_address>
         <run_address>0x32f0</run_address>
         <size>0x4</size>
         <input_file_ref idref="fl-1b"/>
      </object_component>
      <object_component id="oc-15d">
         <name>.text:HwiP_enable</name>
         <load_address>0x32f4</load_address>
         <run_address>0x32f4</run_address>
         <size>0x4</size>
         <input_file_ref idref="fl-1d"/>
      </object_component>
      <object_component id="oc-747">
         <name>.text:QueueP_head</name>
         <load_address>0x32f8</load_address>
         <run_address>0x32f8</run_address>
         <size>0x4</size>
         <input_file_ref idref="fl-20"/>
      </object_component>
      <object_component id="oc-74d">
         <name>.text:QueueP_next</name>
         <load_address>0x32fc</load_address>
         <run_address>0x32fc</run_address>
         <size>0x4</size>
         <input_file_ref idref="fl-20"/>
      </object_component>
      <object_component id="oc-127">
         <name>.text:_system_pre_init</name>
         <load_address>0x3300</load_address>
         <run_address>0x3300</run_address>
         <size>0x4</size>
         <input_file_ref idref="fl-ec"/>
      </object_component>
      <object_component id="oc-16a">
         <name>.text:abort:abort</name>
         <load_address>0x3304</load_address>
         <run_address>0x3304</run_address>
         <size>0x4</size>
         <input_file_ref idref="fl-ee"/>
      </object_component>
      <object_component id="oc-3e2">
         <name>.text:configureRFCoreClocks</name>
         <load_address>0x3308</load_address>
         <run_address>0x3308</run_address>
         <size>0x4</size>
         <input_file_ref idref="fl-11"/>
      </object_component>
      <object_component id="oc-3ee">
         <name>.text:nopResourceHandler</name>
         <load_address>0x330c</load_address>
         <run_address>0x330c</run_address>
         <size>0x4</size>
         <input_file_ref idref="fl-11"/>
      </object_component>
      <object_component id="oc-42">
         <name>.text:faultISR</name>
         <load_address>0x3310</load_address>
         <run_address>0x3310</run_address>
         <size>0x2</size>
         <input_file_ref idref="fl-1f"/>
      </object_component>
      <object_component id="oc-48">
         <name>.text:intDefaultHandler</name>
         <load_address>0x3312</load_address>
         <run_address>0x3312</run_address>
         <size>0x2</size>
         <input_file_ref idref="fl-1f"/>
      </object_component>
      <object_component id="oc-3c">
         <name>.text:nmiISR</name>
         <load_address>0x3314</load_address>
         <run_address>0x3314</run_address>
         <size>0x2</size>
         <input_file_ref idref="fl-1f"/>
      </object_component>
      <object_component id="oc-4ae">
         <name>.text</name>
         <load_address>0x3316</load_address>
         <run_address>0x3316</run_address>
         <size>0x2</size>
         <input_file_ref idref="fl-ea"/>
      </object_component>
      <object_component id="oc-404">
         <name>.const:resourceDB</name>
         <load_address>0x3318</load_address>
         <run_address>0x3318</run_address>
         <size>0x54</size>
         <input_file_ref idref="fl-11"/>
      </object_component>
      <object_component id="oc-62c">
         <name>.const:PWMTimerCC26XX_fxnTable</name>
         <load_address>0x336c</load_address>
         <run_address>0x336c</run_address>
         <size>0x24</size>
         <input_file_ref idref="fl-13"/>
      </object_component>
      <object_component id="oc-7ff">
         <name>.const:GPT_LUT</name>
         <load_address>0x3390</load_address>
         <run_address>0x3390</run_address>
         <size>0x1c</size>
         <input_file_ref idref="fl-15"/>
      </object_component>
      <object_component id="oc-4a7">
         <name>.const:PWM_defaultParams</name>
         <load_address>0x33ac</load_address>
         <run_address>0x33ac</run_address>
         <size>0x18</size>
         <input_file_ref idref="fl-f"/>
      </object_component>
      <object_component id="oc-2ec">
         <name>.const:$P$T1$2</name>
         <load_address>0x33c4</load_address>
         <run_address>0x33c4</run_address>
         <size>0x14</size>
         <input_file_ref idref="fl-5"/>
      </object_component>
      <object_component id="oc-232">
         <name>.const:PowerCC26X2_config</name>
         <load_address>0x33d8</load_address>
         <run_address>0x33d8</run_address>
         <size>0x14</size>
         <input_file_ref idref="fl-5"/>
      </object_component>
      <object_component id="oc-41e">
         <name>.const:SwiP_defaultParams</name>
         <load_address>0x33ec</load_address>
         <run_address>0x33ec</run_address>
         <size>0x10</size>
         <input_file_ref idref="fl-1a"/>
      </object_component>
      <object_component id="oc-80a">
         <name>.const:GPTimerCC26XX_config</name>
         <load_address>0x33fc</load_address>
         <run_address>0x33fc</run_address>
         <size>0xc</size>
         <input_file_ref idref="fl-5"/>
      </object_component>
      <object_component id="oc-4a3">
         <name>.const:PWM_config</name>
         <load_address>0x3408</load_address>
         <run_address>0x3408</run_address>
         <size>0xc</size>
         <input_file_ref idref="fl-5"/>
      </object_component>
      <object_component id="oc-83a">
         <name>.const:gptimerCC26XXHWAttrs</name>
         <load_address>0x3414</load_address>
         <run_address>0x3414</run_address>
         <size>0xc</size>
         <input_file_ref idref="fl-5"/>
      </object_component>
      <object_component id="oc-149">
         <name>.const:$O1$$</name>
         <load_address>0x3420</load_address>
         <run_address>0x3420</run_address>
         <size>0x8</size>
         <input_file_ref idref="fl-29"/>
      </object_component>
      <object_component id="oc-46b">
         <name>.const:$P$T0$1</name>
         <load_address>0x3428</load_address>
         <run_address>0x3428</run_address>
         <size>0x8</size>
         <input_file_ref idref="fl-5"/>
      </object_component>
      <object_component id="oc-1c6">
         <name>.const:BoardGpioInitTable</name>
         <load_address>0x3430</load_address>
         <run_address>0x3430</run_address>
         <size>0x8</size>
         <input_file_ref idref="fl-5"/>
      </object_component>
      <object_component id="oc-80d">
         <name>.const:GPT_DefaultParams</name>
         <load_address>0x3438</load_address>
         <run_address>0x3438</run_address>
         <size>0x8</size>
         <input_file_ref idref="fl-15"/>
      </object_component>
      <object_component id="oc-2a9">
         <name>.const:PINCC26XX_hwAttrs</name>
         <load_address>0x3440</load_address>
         <run_address>0x3440</run_address>
         <size>0x8</size>
         <input_file_ref idref="fl-5"/>
      </object_component>
      <object_component id="oc-4a0">
         <name>.const</name>
         <load_address>0x3448</load_address>
         <run_address>0x3448</run_address>
         <size>0x4</size>
         <input_file_ref idref="fl-5"/>
      </object_component>
      <object_component id="oc-630">
         <name>.const:pwmTimerCC26XXHWAttrs</name>
         <load_address>0x344c</load_address>
         <run_address>0x344c</run_address>
         <size>0x2</size>
         <input_file_ref idref="fl-5"/>
      </object_component>
      <object_component id="oc-849">
         <name>.binit</name>
         <load_address>0x0</load_address>
         <run_address>0x0</run_address>
         <size>0x0</size>
      </object_component>
      <object_component id="oc-87e">
         <name>.cinit..data.load</name>
         <load_address>0x3458</load_address>
         <run_address>0x3458</run_address>
         <size>0x31</size>
      </object_component>
      <object_component id="oc-87b">
         <name>__TI_handler_table</name>
         <load_address>0x348c</load_address>
         <run_address>0x348c</run_address>
         <size>0xc</size>
      </object_component>
      <object_component id="oc-87f">
         <name>.cinit..bss.load</name>
         <load_address>0x3498</load_address>
         <run_address>0x3498</run_address>
         <size>0x8</size>
      </object_component>
      <object_component id="oc-87d">
         <name>.cinit..vtable_ram.load</name>
         <load_address>0x34a0</load_address>
         <run_address>0x34a0</run_address>
         <size>0x8</size>
      </object_component>
      <object_component id="oc-87c">
         <name>__TI_cinit_table</name>
         <load_address>0x34a8</load_address>
         <run_address>0x34a8</run_address>
         <size>0x18</size>
      </object_component>
      <object_component id="oc-33">
         <name>.ccfg:retain</name>
         <load_address>0x57fa8</load_address>
         <run_address>0x57fa8</run_address>
         <size>0x58</size>
         <input_file_ref idref="fl-4"/>
      </object_component>
      <object_component id="oc-528">
         <name>.vtable_ram</name>
         <uninitialized>true</uninitialized>
         <run_address>0x20004600</run_address>
         <size>0xd8</size>
         <input_file_ref idref="fl-24"/>
      </object_component>
      <object_component id="oc-1ef">
         <name>.data</name>
         <load_address>0x20004578</load_address>
         <run_address>0x20004578</run_address>
         <size>0x4</size>
         <input_file_ref idref="fl-3"/>
      </object_component>
      <object_component id="oc-49d">
         <name>.data</name>
         <load_address>0x2000457f</load_address>
         <run_address>0x2000457f</run_address>
         <size>0x1</size>
         <input_file_ref idref="fl-f"/>
      </object_component>
      <object_component id="oc-2a0">
         <name>.data</name>
         <load_address>0x20004560</load_address>
         <run_address>0x20004560</run_address>
         <size>0x8</size>
         <input_file_ref idref="fl-10"/>
      </object_component>
      <object_component id="oc-256">
         <name>.data:PowerCC26X2_module</name>
         <load_address>0x200042d4</load_address>
         <run_address>0x200042d4</run_address>
         <size>0x170</size>
         <input_file_ref idref="fl-11"/>
      </object_component>
      <object_component id="oc-792">
         <name>.data</name>
         <load_address>0x20004570</load_address>
         <run_address>0x20004570</run_address>
         <size>0x4</size>
         <input_file_ref idref="fl-13"/>
      </object_component>
      <object_component id="oc-5c6">
         <name>.data</name>
         <load_address>0x2000457c</load_address>
         <run_address>0x2000457c</run_address>
         <size>0x3</size>
         <input_file_ref idref="fl-19"/>
      </object_component>
      <object_component id="oc-5c2">
         <name>.data:SemaphoreP_defaultParams</name>
         <load_address>0x20004558</load_address>
         <run_address>0x20004558</run_address>
         <size>0x8</size>
         <input_file_ref idref="fl-19"/>
      </object_component>
      <object_component id="oc-429">
         <name>.data</name>
         <load_address>0x20004580</load_address>
         <run_address>0x20004580</run_address>
         <size>0x1</size>
         <input_file_ref idref="fl-1a"/>
      </object_component>
      <object_component id="oc-339">
         <name>.data</name>
         <load_address>0x20004568</load_address>
         <run_address>0x20004568</run_address>
         <size>0x8</size>
         <input_file_ref idref="fl-1b"/>
      </object_component>
      <object_component id="oc-37c">
         <name>.data:ClockP_defaultParams</name>
         <load_address>0x20004540</load_address>
         <run_address>0x20004540</run_address>
         <size>0xc</size>
         <input_file_ref idref="fl-1b"/>
      </object_component>
      <object_component id="oc-64b">
         <name>.data</name>
         <load_address>0x20004581</load_address>
         <run_address>0x20004581</run_address>
         <size>0x1</size>
         <input_file_ref idref="fl-1c"/>
      </object_component>
      <object_component id="oc-63a">
         <name>.data:TimerP_defaultParams</name>
         <load_address>0x2000454c</load_address>
         <run_address>0x2000454c</run_address>
         <size>0xc</size>
         <input_file_ref idref="fl-1c"/>
      </object_component>
      <object_component id="oc-387">
         <name>.data:HwiP_dispatchTable</name>
         <load_address>0x20004444</load_address>
         <run_address>0x20004444</run_address>
         <size>0xd8</size>
         <input_file_ref idref="fl-1d"/>
      </object_component>
      <object_component id="oc-390">
         <name>.data</name>
         <load_address>0x20004574</load_address>
         <run_address>0x20004574</run_address>
         <size>0x4</size>
         <input_file_ref idref="fl-1d"/>
      </object_component>
      <object_component id="oc-585">
         <name>.data:$O1$$</name>
         <load_address>0x2000451c</load_address>
         <run_address>0x2000451c</run_address>
         <size>0x24</size>
         <input_file_ref idref="fl-25"/>
      </object_component>
      <object_component id="oc-2a6">
         <name>.bss</name>
         <uninitialized>true</uninitialized>
         <run_address>0x200042c4</run_address>
         <size>0x4</size>
         <input_file_ref idref="fl-10"/>
      </object_component>
      <object_component id="oc-2a3">
         <name>.bss:pinGpioConfigTable</name>
         <uninitialized>true</uninitialized>
         <run_address>0x2000420c</run_address>
         <size>0x20</size>
         <input_file_ref idref="fl-10"/>
      </object_component>
      <object_component id="oc-2ac">
         <name>.bss:pinHwi</name>
         <uninitialized>true</uninitialized>
         <run_address>0x20004284</run_address>
         <size>0x1c</size>
         <input_file_ref idref="fl-10"/>
      </object_component>
      <object_component id="oc-2b5">
         <name>.bss:pinSwi</name>
         <uninitialized>true</uninitialized>
         <run_address>0x200041b8</run_address>
         <size>0x34</size>
         <input_file_ref idref="fl-10"/>
      </object_component>
      <object_component id="oc-2be">
         <name>.bss:pinSemaphore</name>
         <uninitialized>true</uninitialized>
         <run_address>0x2000411c</run_address>
         <size>0x50</size>
         <input_file_ref idref="fl-10"/>
      </object_component>
      <object_component id="oc-7b0">
         <name>.bss:pinState</name>
         <uninitialized>true</uninitialized>
         <run_address>0x200042b0</run_address>
         <size>0xc</size>
         <input_file_ref idref="fl-13"/>
      </object_component>
      <object_component id="oc-42f">
         <name>.bss</name>
         <uninitialized>true</uninitialized>
         <run_address>0x200042a0</run_address>
         <size>0xd</size>
         <input_file_ref idref="fl-1a"/>
      </object_component>
      <object_component id="oc-432">
         <name>.bss:SwiP_hwiStruct</name>
         <uninitialized>true</uninitialized>
         <run_address>0x2000424c</run_address>
         <size>0x1c</size>
         <input_file_ref idref="fl-1a"/>
      </object_component>
      <object_component id="oc-42c">
         <name>.bss:SwiP_readyList</name>
         <uninitialized>true</uninitialized>
         <run_address>0x200041ec</run_address>
         <size>0x20</size>
         <input_file_ref idref="fl-1a"/>
      </object_component>
      <object_component id="oc-333">
         <name>.bss:ClockP_module</name>
         <uninitialized>true</uninitialized>
         <run_address>0x20004000</run_address>
         <size>0xa0</size>
         <input_file_ref idref="fl-1b"/>
      </object_component>
      <object_component id="oc-4d9">
         <name>.bss:timerFreq</name>
         <uninitialized>true</uninitialized>
         <run_address>0x200042bc</run_address>
         <size>0x8</size>
         <input_file_ref idref="fl-1b"/>
      </object_component>
      <object_component id="oc-336">
         <name>.bss</name>
         <uninitialized>true</uninitialized>
         <run_address>0x200042c8</run_address>
         <size>0x4</size>
         <input_file_ref idref="fl-1b"/>
      </object_component>
      <object_component id="oc-657">
         <name>.bss</name>
         <uninitialized>true</uninitialized>
         <run_address>0x200042d0</run_address>
         <size>0x4</size>
         <input_file_ref idref="fl-1c"/>
      </object_component>
      <object_component id="oc-64e">
         <name>.bss:TimerP_hwiStruct</name>
         <uninitialized>true</uninitialized>
         <run_address>0x20004268</run_address>
         <size>0x1c</size>
         <input_file_ref idref="fl-1c"/>
      </object_component>
      <object_component id="oc-762">
         <name>.bss</name>
         <uninitialized>true</uninitialized>
         <run_address>0x200042cc</run_address>
         <size>0x4</size>
         <input_file_ref idref="fl-1e"/>
      </object_component>
      <object_component id="oc-62f">
         <name>.common:pwmTimerCC26XXObjects</name>
         <uninitialized>true</uninitialized>
         <run_address>0x2000422c</run_address>
         <size>0x20</size>
      </object_component>
      <object_component id="oc-839">
         <name>.common:gptimerCC26XXObjects</name>
         <uninitialized>true</uninitialized>
         <run_address>0x2000416c</run_address>
         <size>0x4c</size>
      </object_component>
      <object_component id="oc-2c1">
         <name>.common:pinHandleTable</name>
         <uninitialized>true</uninitialized>
         <run_address>0x200040a0</run_address>
         <size>0x7c</size>
      </object_component>
      <object_component id="oc-253">
         <name>.common:driverlib_release_0_59848</name>
         <uninitialized>true</uninitialized>
         <run_address>0x200042ad</run_address>
         <size>0x1</size>
      </object_component>
      <object_component id="oc-36">
         <name>.sysmem</name>
         <uninitialized>true</uninitialized>
         <run_address>0x20000000</run_address>
         <size>0x10</size>
         <input_file_ref idref="fl-e8"/>
      </object_component>
      <object_component id="oc-882">
         <name>.sysmem</name>
         <uninitialized>true</uninitialized>
         <run_address>0x20000000</run_address>
         <size>0x0</size>
      </object_component>
      <object_component id="oc-39">
         <name>.stack</name>
         <uninitialized>true</uninitialized>
         <run_address>0x20013c00</run_address>
         <size>0x4</size>
         <input_file_ref idref="fl-e9"/>
      </object_component>
      <object_component id="oc-881">
         <name>.stack</name>
         <uninitialized>true</uninitialized>
         <run_address>0x20013c00</run_address>
         <size>0x0</size>
      </object_component>
      <object_component id="oc-fd">
         <name>.debug_info</name>
         <load_address>0x0</load_address>
         <run_address>0x0</run_address>
         <size>0x320</size>
         <input_file_ref idref="fl-2"/>
      </object_component>
      <object_component id="oc-12f">
         <name>.debug_info</name>
         <load_address>0x320</load_address>
         <run_address>0x320</run_address>
         <size>0x18a</size>
         <input_file_ref idref="fl-2"/>
[...]
         <name>GPTimerCC26XX_getValue</name>
         <value>0x32d1</value>
         <object_component_ref idref="oc-7ce"/>
      </symbol>
      <symbol id="sm-66a">
         <name>GPTimerCC26XX_start</name>
         <value>0x23ad</value>
         <object_component_ref idref="oc-7da"/>
      </symbol>
      <symbol id="sm-66b">
         <name>GPTimerCC26XX_setLoadValue</name>
         <value>0x32b3</value>
         <object_component_ref idref="oc-7c7"/>
      </symbol>
      <symbol id="sm-66c">
         <name>GPTimerCC26XX_stop</name>
         <value>0x20d1</value>
         <object_component_ref idref="oc-7d4"/>
      </symbol>
      <symbol id="sm-66d">
         <name>GPTimerCC26XX_Params_init</name>
         <value>0x3119</value>
         <object_component_ref idref="oc-79e"/>
      </symbol>
      <symbol id="sm-66e">
         <name>GPTimerCC26XX_setMatchValue</name>
         <value>0x32bb</value>
         <object_component_ref idref="oc-7ba"/>
      </symbol>
      <symbol id="sm-66f">
         <name>GPTimerCC26XX_open</name>
         <value>0x1729</value>
         <object_component_ref idref="oc-7a4"/>
      </symbol>
      <symbol id="sm-670">
         <name>GPTimerCC26XX_configureDebugStall</name>
         <value>0x29b9</value>
         <object_component_ref idref="oc-796"/>
      </symbol>
      <symbol id="sm-671">
         <name>GPTimerCC26XX_close</name>
         <value>0x2abd</value>
         <object_component_ref idref="oc-78c"/>
      </symbol>
      <symbol id="sm-6e6">
         <name>SemaphoreP_defaultParams</name>
         <value>0x20004558</value>
         <object_component_ref idref="oc-5c2"/>
      </symbol>
      <symbol id="sm-6e7">
         <name>SemaphoreP_construct</name>
         <value>0x2225</value>
         <object_component_ref idref="oc-40e"/>
      </symbol>
      <symbol id="sm-6e8">
         <name>SemaphoreP_destruct</name>
         <value>0x294f</value>
         <object_component_ref idref="oc-4e3"/>
      </symbol>
      <symbol id="sm-6e9">
         <name>SemaphoreP_post</name>
         <value>0x2631</value>
         <object_component_ref idref="oc-47b"/>
      </symbol>
      <symbol id="sm-6ea">
         <name>SemaphoreP_pend</name>
         <value>0x1385</value>
         <object_component_ref idref="oc-46f"/>
      </symbol>
      <symbol id="sm-6eb">
         <name>SemaphoreP_constructBinary</name>
         <value>0x2eb9</value>
         <object_component_ref idref="oc-27c"/>
      </symbol>
      <symbol id="sm-6ec">
         <name>SemaphoreP_Params_init</name>
         <value>0x31c1</value>
         <object_component_ref idref="oc-408"/>
      </symbol>
      <symbol id="sm-6ed">
         <name>clkFxn</name>
         <value>0x2fcb</value>
         <object_component_ref idref="oc-612"/>
      </symbol>
      <symbol id="sm-7a3">
         <name>SwiP_disable</name>
         <value>0x2f2d</value>
         <object_component_ref idref="oc-75c"/>
      </symbol>
      <symbol id="sm-7a4">
         <name>SwiP_restore</name>
         <value>0x2675</value>
         <object_component_ref idref="oc-766"/>
      </symbol>
      <symbol id="sm-7a5">
         <name>SwiP_or</name>
         <value>0x2ed7</value>
         <object_component_ref idref="oc-446"/>
      </symbol>
      <symbol id="sm-7a6">
         <name>SwiP_getTrigger</name>
         <value>0x327d</value>
         <object_component_ref idref="oc-44f"/>
      </symbol>
      <symbol id="sm-7a7">
         <name>SwiP_construct</name>
         <value>0xdc1</value>
         <object_component_ref idref="oc-29a"/>
      </symbol>
      <symbol id="sm-7a8">
         <name>SwiP_Params_init</name>
         <value>0x31d1</value>
         <object_component_ref idref="oc-294"/>
      </symbol>
      <symbol id="sm-7a9">
         <name>SwiP_post</name>
         <value>0x1ee1</value>
         <object_component_ref idref="oc-5ef"/>
      </symbol>
      <symbol id="sm-7aa">
         <name>SwiP_dispatch</name>
         <value>0x14c1</value>
         <object_component_ref idref="oc-5e8"/>
      </symbol>
      <symbol id="sm-8ad">
         <name>ClockP_doTick</name>
         <value>0x3229</value>
         <object_component_ref idref="oc-4d3"/>
      </symbol>
      <symbol id="sm-8ae">
         <name>ClockP_setTimeout</name>
         <value>0x32f1</value>
         <object_component_ref idref="oc-55f"/>
      </symbol>
      <symbol id="sm-8af">
         <name>ClockP_startup</name>
         <value>0x10cd</value>
         <object_component_ref idref="oc-321"/>
      </symbol>
      <symbol id="sm-8b0">
         <name>ClockP_stop</name>
         <value>0x32cb</value>
         <object_component_ref idref="oc-56b"/>
      </symbol>
      <symbol id="sm-8b1">
         <name>ClockP_construct</name>
         <value>0x2445</value>
         <object_component_ref idref="oc-21a"/>
      </symbol>
      <symbol id="sm-8b2">
         <name>ClockP_scheduleNextTick</name>
         <value>0x2d05</value>
         <object_component_ref idref="oc-519"/>
      </symbol>
      <symbol id="sm-8b3">
         <name>ClockP_getTicksUntilInterrupt</name>
         <value>0x2951</value>
         <object_component_ref idref="oc-553"/>
      </symbol>
      <symbol id="sm-8b4">
         <name>ClockP_tickPeriod</name>
         <value>0x2000456c</value>
         <object_component_ref idref="oc-339"/>
      </symbol>
      <symbol id="sm-8b5">
         <name>ClockP_Params_init</name>
         <value>0x3151</value>
         <object_component_ref idref="oc-220"/>
      </symbol>
      <symbol id="sm-8b6">
         <name>ClockP_usleep</name>
         <value>0x1e11</value>
         <object_component_ref idref="oc-1e3"/>
      </symbol>
      <symbol id="sm-8b7">
         <name>ClockP_workFuncDynamic</name>
         <value>0x1181</value>
         <object_component_ref idref="oc-4cd"/>
      </symbol>
      <symbol id="sm-8b8">
         <name>ClockP_walkQueueDynamic</name>
         <value>0x1bd5</value>
         <object_component_ref idref="oc-65d"/>
      </symbol>
      <symbol id="sm-8b9">
         <name>ClockP_destruct</name>
         <value>0x2fb3</value>
         <object_component_ref idref="oc-60c"/>
      </symbol>
      <symbol id="sm-8ba">
         <name>ClockP_start</name>
         <value>0x1a55</value>
         <object_component_ref idref="oc-376"/>
      </symbol>
      <symbol id="sm-8bb">
         <name>ClockP_isActive</name>
         <value>0x32ed</value>
         <object_component_ref idref="oc-606"/>
      </symbol>
      <symbol id="sm-8bc">
         <name>ClockP_getSystemTickPeriod</name>
         <value>0x3235</value>
         <object_component_ref idref="oc-214"/>
      </symbol>
      <symbol id="sm-8bd">
         <name>ClockP_getCpuFreq</name>
         <value>0x3161</value>
         <object_component_ref idref="oc-814"/>
      </symbol>
      <symbol id="sm-8be">
         <name>ClockP_getTicks</name>
         <value>0x2ce1</value>
         <object_component_ref idref="oc-51f"/>
      </symbol>
      <symbol id="sm-8bf">
         <name>ClockP_add</name>
         <value>0x2dfd</value>
         <object_component_ref idref="oc-5fa"/>
      </symbol>
      <symbol id="sm-966">
         <name>TimerP_setNextTick</name>
         <value>0x2919</value>
         <object_component_ref idref="oc-670"/>
      </symbol>
      <symbol id="sm-967">
         <name>TimerP_getCurrentTick</name>
         <value>0x2871</value>
         <object_component_ref idref="oc-513"/>
      </symbol>
      <symbol id="sm-968">
         <name>TimerP_getCount64</name>
         <value>0x30f1</value>
         <object_component_ref idref="oc-327"/>
      </symbol>
      <symbol id="sm-969">
         <name>TimerP_setThreshold</name>
         <value>0x2c61</value>
         <object_component_ref idref="oc-755"/>
      </symbol>
      <symbol id="sm-96a">
         <name>TimerP_dynamicStub</name>
         <value>0x2e5d</value>
         <object_component_ref idref="oc-651"/>
      </symbol>
      <symbol id="sm-96b">
         <name>TimerP_getMaxTicks</name>
         <value>0x2d71</value>
         <object_component_ref idref="oc-4c1"/>
      </symbol>
      <symbol id="sm-96c">
         <name>TimerP_construct</name>
         <value>0xf59</value>
         <object_component_ref idref="oc-4bb"/>
      </symbol>
      <symbol id="sm-96d">
         <name>TimerP_getFreq</name>
         <value>0x3289</value>
         <object_component_ref idref="oc-4c7"/>
      </symbol>
      <symbol id="sm-96e">
         <name>TimerP_initDevice</name>
         <value>0x28a9</value>
         <object_component_ref idref="oc-63f"/>
      </symbol>
      <symbol id="sm-96f">
         <name>TimerP_startup</name>
         <value>0x3015</value>
         <object_component_ref idref="oc-645"/>
      </symbol>
      <symbol id="sm-970">
         <name>TimerP_start</name>
         <value>0x1f49</value>
         <object_component_ref idref="oc-739"/>
      </symbol>
      <symbol id="sm-971">
         <name>TimerP_Params_init</name>
         <value>0x31e1</value>
         <object_component_ref idref="oc-4b5"/>
      </symbol>
      <symbol id="sm-9dc">
         <name>HwiP_construct</name>
         <value>0x1ad5</value>
         <object_component_ref idref="oc-226"/>
      </symbol>
      <symbol id="sm-9dd">
         <name>HwiP_inISR</name>
         <value>0x2fcd</value>
         <object_component_ref idref="oc-61a"/>
      </symbol>
      <symbol id="sm-9de">
         <name>HwiP_swiPIntNum</name>
         <value>0x20004574</value>
         <object_component_ref idref="oc-390"/>
      </symbol>
      <symbol id="sm-9df">
         <name>HwiP_Params_init</name>
         <value>0x312b</value>
         <object_component_ref idref="oc-28e"/>
      </symbol>
      <symbol id="sm-9e0">
         <name>HwiP_disable</name>
         <value>0x3171</value>
         <object_component_ref idref="oc-395"/>
      </symbol>
      <symbol id="sm-9e1">
         <name>HwiP_post</name>
         <value>0x3181</value>
         <object_component_ref idref="oc-6e0"/>
      </symbol>
      <symbol id="sm-9e2">
         <name>HwiP_enable</name>
         <value>0x32f5</value>
         <object_component_ref idref="oc-15d"/>
      </symbol>
      <symbol id="sm-9e3">
         <name>HwiP_restore</name>
         <value>0x32c3</value>
         <object_component_ref idref="oc-39b"/>
      </symbol>
      <symbol id="sm-a1d">
         <name>PowerCC26XX_schedulerDisable</name>
         <value>0x31a1</value>
         <object_component_ref idref="oc-680"/>
      </symbol>
      <symbol id="sm-a1e">
         <name>PowerCC26XX_schedulerRestore</name>
         <value>0x3259</value>
         <object_component_ref idref="oc-686"/>
      </symbol>
      <symbol id="sm-a1f">
         <name>PowerCC26XX_standbyPolicy</name>
         <value>0xc05</value>
         <object_component_ref idref="oc-3a3"/>
      </symbol>
      <symbol id="sm-a50">
         <name>resetISR</name>
         <value>0x3105</value>
         <object_component_ref idref="oc-2d"/>
      </symbol>
      <symbol id="sm-a51">
         <name>g_pfnVectors</name>
         <value>0x0</value>
         <object_component_ref idref="oc-1d"/>
      </symbol>
      <symbol id="sm-a8e">
         <name>QueueP_next</name>
         <value>0x32fd</value>
         <object_component_ref idref="oc-74d"/>
      </symbol>
      <symbol id="sm-a8f">
         <name>QueueP_put</name>
         <value>0x2e3d</value>
         <object_component_ref idref="oc-370"/>
      </symbol>
      <symbol id="sm-a90">
         <name>QueueP_remove</name>
         <value>0x31ff</value>
         <object_component_ref idref="oc-6ea"/>
      </symbol>
      <symbol id="sm-a91">
         <name>QueueP_head</name>
         <value>0x32f9</value>
         <object_component_ref idref="oc-747"/>
      </symbol>
      <symbol id="sm-a92">
         <name>QueueP_init</name>
         <value>0x32dd</value>
         <object_component_ref idref="oc-423"/>
      </symbol>
      <symbol id="sm-a93">
         <name>QueueP_empty</name>
         <value>0x31f1</value>
         <object_component_ref idref="oc-6d9"/>
      </symbol>
      <symbol id="sm-a94">
         <name>QueueP_get</name>
         <value>0x2f99</value>
         <object_component_ref idref="oc-6d3"/>
      </symbol>
      <symbol id="sm-ae4">
         <name>NOROM_ChipInfo_GetChipType</name>
         <value>0x1da5</value>
         <object_component_ref idref="oc-264"/>
      </symbol>
      <symbol id="sm-ae5">
         <name>NOROM_ChipInfo_GetHwRevision</name>
         <value>0x2565</value>
         <object_component_ref idref="oc-118"/>
      </symbol>
      <symbol id="sm-ae6">
         <name>NOROM_ChipInfo_GetChipFamily</name>
         <value>0x2ef5</value>
         <object_component_ref idref="oc-112"/>
      </symbol>
      <symbol id="sm-ae7">
         <name>NOROM_ChipInfo_GetPackageType</name>
         <value>0x2fe5</value>
         <object_component_ref idref="oc-26a"/>
      </symbol>
      <symbol id="sm-ae8">
         <name>NOROM_ThisLibraryIsFor_CC13x2_CC26x2_HwRev20AndLater_HaltIfViolated</name>
         <value>0x3075</value>
         <object_component_ref idref="oc-c0"/>
      </symbol>
      <symbol id="sm-afc">
         <name>NOROM_CPUdelay</name>
         <value>0x32d7</value>
         <object_component_ref idref="oc-46a"/>
      </symbol>
      <symbol id="sm-afd">
         <name>NOROM_CPUcpsie</name>
         <value>0x324d</value>
         <object_component_ref idref="oc-1ca"/>
      </symbol>
      <symbol id="sm-afe">
         <name>NOROM_CPUcpsid</name>
         <value>0x3241</value>
         <object_component_ref idref="oc-74"/>
      </symbol>
      <symbol id="sm-b04">
         <name>driverlib_release_0_59848</name>
         <value>0x200042ad</value>
      </symbol>
      <symbol id="sm-b1c">
         <name>NOROM_IntRegister</name>
         <value>0x2a21</value>
         <object_component_ref idref="oc-381"/>
      </symbol>
      <symbol id="sm-b1d">
         <name>g_pfnRAMVectors</name>
         <value>0x20004600</value>
         <object_component_ref idref="oc-528"/>
      </symbol>
      <symbol id="sm-b6b">
         <name>NOROM_OSCHF_TurnOnXosc</name>
         <value>0x2d4d</value>
         <object_component_ref idref="oc-3b1"/>
      </symbol>
      <symbol id="sm-b6c">
         <name>NOROM_OSCHF_AttemptToSwitchToXosc</name>
         <value>0x17b1</value>
         <object_component_ref idref="oc-589"/>
      </symbol>
      <symbol id="sm-b6d">
         <name>_hposcCoeffs</name>
         <value>0x2000451c</value>
         <object_component_ref idref="oc-585"/>
      </symbol>
      <symbol id="sm-b6e">
         <name>NOROM_OSCHF_SwitchToRcOscTurnOffXosc</name>
         <value>0x1e79</value>
         <object_component_ref idref="oc-5b5"/>
      </symbol>
      <symbol id="sm-b6f">
         <name>NOROM_OSC_HPOSCRelativeFrequencyOffsetGet</name>
         <value>0x273d</value>
         <object_component_ref idref="oc-5a0"/>
      </symbol>
      <symbol id="sm-b91">
         <name>NOROM_PRCMPowerDomainsAllOn</name>
         <value>0x23f9</value>
         <object_component_ref idref="oc-3fe"/>
      </symbol>
      <symbol id="sm-b92">
         <name>NOROM_PRCMPowerDomainsAllOff</name>
         <value>0x2181</value>
         <object_component_ref idref="oc-774"/>
      </symbol>
      <symbol id="sm-bc0">
         <name>NOROM_SetupTrimDevice</name>
         <value>0x15f9</value>
         <object_component_ref idref="oc-7a"/>
      </symbol>
      <symbol id="sm-bfa">
         <name>NOROM_SysCtrlSetRechargeBeforePowerDown</name>
         <value>0x1b55</value>
         <object_component_ref idref="oc-76e"/>
      </symbol>
      <symbol id="sm-bfb">
         <name>NOROM_SysCtrlIdle</name>
         <value>0x2a55</value>
         <object_component_ref idref="oc-571"/>
      </symbol>
      <symbol id="sm-bfc">
         <name>NOROM_SysCtrlStandby</name>
         <value>0xb15</value>
         <object_component_ref idref="oc-692"/>
      </symbol>
      <symbol id="sm-c19">
         <name>NOROM_AUXSYSIFOpModeChange</name>
         <value>0x29ed</value>
         <object_component_ref idref="oc-11f"/>
      </symbol>
      <symbol id="sm-c23">
         <name>__aeabi_lmul</name>
         <value>0x3045</value>
         <object_component_ref idref="oc-66a"/>
      </symbol>
      <symbol id="sm-c3e">
         <name>memcpy</name>
         <value>0x155d</value>
         <object_component_ref idref="oc-5c"/>
      </symbol>
      <symbol id="sm-c3f">
         <name>__aeabi_memcpy</name>
         <value>0x155d</value>
         <object_component_ref idref="oc-5c"/>
      </symbol>
      <symbol id="sm-c40">
         <name>__aeabi_memcpy8</name>
         <value>0x155d</value>
         <object_component_ref idref="oc-5c"/>
      </symbol>
      <symbol id="sm-c41">
         <name>__aeabi_memcpy4</name>
         <value>0x155d</value>
         <object_component_ref idref="oc-5c"/>
      </symbol>
      <symbol id="sm-c4f">
         <name>__aeabi_uldivmod</name>
         <value>0x1691</value>
         <object_component_ref idref="oc-315"/>
      </symbol>
      <symbol id="sm-c64">
         <name>__TI_zero_init_nomemset</name>
         <value>0x2f49</value>
         <object_component_ref idref="oc-68"/>
      </symbol>
      <symbol id="sm-c7b">
         <name>__TI_decompress_none</name>
         <value>0x321b</value>
         <object_component_ref idref="oc-26"/>
      </symbol>
      <symbol id="sm-c9e">
         <name>__TI_decompress_lzss</name>
         <value>0x1fb1</value>
         <object_component_ref idref="oc-20"/>
      </symbol>
      <symbol id="sm-cb3">
         <name>_sys_memory</name>
         <value>0x20000000</value>
         <object_component_ref idref="oc-36"/>
      </symbol>
      <symbol id="sm-cc6">
         <name>__stack</name>
         <value>0x20013c00</value>
         <object_component_ref idref="oc-39"/>
      </symbol>
      <symbol id="sm-cc7">
         <name>_c_int00</name>
         <value>0x2bad</value>
         <object_component_ref idref="oc-df"/>
      </symbol>
      <symbol id="sm-cd1">
         <name>__aeabi_idiv0</name>
         <value>0x3317</value>
         <object_component_ref idref="oc-4ae"/>
      </symbol>
      <symbol id="sm-cd2">
         <name>__aeabi_ldiv0</name>
         <value>0x3317</value>
         <object_component_ref idref="oc-4ae"/>
      </symbol>
      <symbol id="sm-cfa">
         <name>__TI_auto_init_nobinit_nopinit</name>
         <value>0x26b9</value>
         <object_component_ref idref="oc-176"/>
      </symbol>
      <symbol id="sm-d04">
         <name>_system_pre_init</name>
         <value>0x3301</value>
         <object_component_ref idref="oc-127"/>
      </symbol>
      <symbol id="sm-d10">
         <name>C$$EXIT</name>
         <value>0x3305</value>
         <object_component_ref idref="oc-16a"/>
      </symbol>
      <symbol id="sm-d11">
         <name>abort</name>
         <value>0x3305</value>
         <object_component_ref idref="oc-16a"/>
      </symbol>
      <symbol id="sm-d26">
         <name>_args_main</name>
         <value>0x302d</value>
         <object_component_ref idref="oc-137"/>
      </symbol>
      <symbol id="sm-d27">
         <name>__TI_static_base__</name>
         <value>0x0</value>
      </symbol>
      <symbol id="sm-d2a">
         <name>ITM_flush</name>
         <value>0x0</value>
      </symbol>
      <symbol id="sm-d2b">
         <name>ITM_restore</name>
         <value>0x0</value>
      </symbol>
      <symbol id="sm-d2c">
         <name>__mpu_init</name>
         <value>0x0</value>
      </symbol>
      <symbol id="sm-d2d">
         <name>_system_post_cinit</name>
         <value>0x0</value>
      </symbol>
      <symbol id="sm-d2e">
         <name>usleep</name>
         <value>0x1e11</value>
      </symbol>
      <symbol id="sm-d2f">
         <name>NoRTOS_start</name>
         <value>0x32f5</value>
      </symbol>
   </symbol_table>
   <title>Link successful</title>
</link_info>
