<?xml version="1.0" encoding="ISO-8859-1" ?>
<link_info>
   <banner>TI ARM Linker PC v20.2.2.LTS</banner>
   <copyright>Copyright (c) 1996-2018 Texas Instruments Incorporated</copyright>
   <link_time>0x60371b09</link_time>
   <link_errors>0x0</link_errors>
   <output_file>pwmled2_CC26X2R1_LAUNCHXL_nortos_ccs.out</output_file>
   <entry_point>
      <name>resetISR</name>
      <address>0x307d</address>
   </entry_point>
   <input_file_list>
      <input_file id="fl-2">
         <path>.\</path>
         <kind>object</kind>
         <file>main_nortos.obj</file>
         <name>main_nortos.obj</name>
      </input_file>
      <input_file id="fl-3">
         <path>.\</path>
         <kind>object</kind>
         <file>pwmled2.obj</file>
         <name>pwmled2.obj</name>
      </input_file>
      <input_file id="fl-4">
         <path>.\syscfg\</path>
         <kind>object</kind>
         <file>ti_devices_config.obj</file>
         <name>ti_devices_config.obj</name>
      </input_file>
      <input_file id="fl-5">
         <path>.\syscfg\</path>
         <kind>object</kind>
         <file>ti_drivers_config.obj</file>
         <name>ti_drivers_config.obj</name>
      </input_file>
      <input_file id="fl-e">
         <kind>object</kind>
         <file>&lt;internal&gt;</file>
         <name>&lt;internal&gt;</name>
      </input_file>
      <input_file id="fl-f">
         <path>C:\ti\simplelink_cc13x2_26x2_sdk_4_40_04_04\source\ti\drivers\lib\ccs\m4f\</path>
         <kind>archive</kind>
         <file>drivers_cc26x2.a</file>
         <name>PWM.oem4f</name>
      </input_file>
      <input_file id="fl-10">
         <path>C:\ti\simplelink_cc13x2_26x2_sdk_4_40_04_04\source\ti\drivers\lib\ccs\m4f\</path>
         <kind>archive</kind>
         <file>drivers_cc26x2.a</file>
         <name>PINCC26XX.oem4f</name>
      </input_file>
      <input_file id="fl-11">
         <path>C:\ti\simplelink_cc13x2_26x2_sdk_4_40_04_04\source\ti\drivers\lib\ccs\m4f\</path>
         <kind>archive</kind>
         <file>drivers_cc26x2.a</file>
         <name>PowerCC26X2.oem4f</name>
      </input_file>
      <input_file id="fl-12">
         <path>C:\ti\simplelink_cc13x2_26x2_sdk_4_40_04_04\source\ti\drivers\lib\ccs\m4f\</path>
         <kind>archive</kind>
         <file>drivers_cc26x2.a</file>
         <name>PowerCC26X2_calibrateRCOSC.oem4f</name>
      </input_file>
      <input_file id="fl-13">
         <path>C:\ti\simplelink_cc13x2_26x2_sdk_4_40_04_04\source\ti\drivers\lib\ccs\m4f\</path>
         <kind>archive</kind>
         <file>drivers_cc26x2.a</file>
         <name>PWMTimerCC26XX.oem4f</name>
      </input_file>
      <input_file id="fl-14">
         <path>C:\ti\simplelink_cc13x2_26x2_sdk_4_40_04_04\source\ti\drivers\lib\ccs\m4f\</path>
         <kind>archive</kind>
         <file>drivers_cc26x2.a</file>
         <name>TemperatureCC26X2.oem4f</name>
      </input_file>
      <input_file id="fl-15">
         <path>C:\ti\simplelink_cc13x2_26x2_sdk_4_40_04_04\source\ti\drivers\lib\ccs\m4f\</path>
         <kind>archive</kind>
         <file>drivers_cc26x2.a</file>
         <name>GPTimerCC26XX.oem4f</name>
      </input_file>
      <input_file id="fl-16">
         <path>C:\ti\simplelink_cc13x2_26x2_sdk_4_40_04_04\source\ti\drivers\lib\ccs\m4f\</path>
         <kind>archive</kind>
         <file>drivers_cc26x2.a</file>
         <name>List.oem4f</name>
      </input_file>
      <input_file id="fl-17">
         <path>C:\ti\simplelink_cc13x2_26x2_sdk_4_40_04_04\kernel\nortos\lib\ccs\m4f\</path>
         <kind>archive</kind>
         <file>nortos_cc26x2.a</file>
         <name>posix_sleep.oem4f</name>
      </input_file>
      <input_file id="fl-18">
         <path>C:\ti\simplelink_cc13x2_26x2_sdk_4_40_04_04\kernel\nortos\lib\ccs\m4f\</path>
         <kind>archive</kind>
         <file>nortos_cc26x2.a</file>
         <name>NoRTOS.oem4f</name>
      </input_file>
      <input_file id="fl-19">
         <path>C:\ti\simplelink_cc13x2_26x2_sdk_4_40_04_04\kernel\nortos\lib\ccs\m4f\</path>
         <kind>archive</kind>
         <file>nortos_cc26x2.a</file>
         <name>SemaphoreP_nortos.oem4f</name>
      </input_file>
      <input_file id="fl-1a">
         <path>C:\ti\simplelink_cc13x2_26x2_sdk_4_40_04_04\kernel\nortos\lib\ccs\m4f\</path>
         <kind>archive</kind>
         <file>nortos_cc26x2.a</file>
         <name>SwiP_nortos.oem4f</name>
      </input_file>
      <input_file id="fl-1b">
         <path>C:\ti\simplelink_cc13x2_26x2_sdk_4_40_04_04\kernel\nortos\lib\ccs\m4f\</path>
         <kind>archive</kind>
         <file>nortos_cc26x2.a</file>
         <name>ClockPTimer_nortos.oem4f</name>
      </input_file>
      <input_file id="fl-1c">
         <path>C:\ti\simplelink_cc13x2_26x2_sdk_4_40_04_04\kernel\nortos\lib\ccs\m4f\</path>
         <kind>archive</kind>
         <file>nortos_cc26x2.a</file>
         <name>TimerPCC26XX_nortos.oem4f</name>
      </input_file>
      <input_file id="fl-1d">
         <path>C:\ti\simplelink_cc13x2_26x2_sdk_4_40_04_04\kernel\nortos\lib\ccs\m4f\</path>
         <kind>archive</kind>
         <file>nortos_cc26x2.a</file>
         <name>HwiPCC26XX_nortos.oem4f</name>
      </input_file>
      <input_file id="fl-1e">
         <path>C:\ti\simplelink_cc13x2_26x2_sdk_4_40_04_04\kernel\nortos\lib\ccs\m4f\</path>
         <kind>archive</kind>
         <file>nortos_cc26x2.a</file>
         <name>PowerCC26X2_nortos.oem4f</name>
      </input_file>
      <input_file id="fl-1f">
         <path>C:\ti\simplelink_cc13x2_26x2_sdk_4_40_04_04\kernel\nortos\lib\ccs\m4f\</path>
         <kind>archive</kind>
         <file>nortos_cc26x2.a</file>
         <name>startup_cc13x2_cc26x2_ccs.oem4f</name>
      </input_file>
      <input_file id="fl-20">
         <path>C:\ti\simplelink_cc13x2_26x2_sdk_4_40_04_04\kernel\nortos\lib\ccs\m4f\</path>
         <kind>archive</kind>
         <file>nortos_cc26x2.a</file>
         <name>QueueP_nortos.oem4f</name>
      </input_file>
      <input_file id="fl-21">
         <path>C:\ti\simplelink_cc13x2_26x2_sdk_4_40_04_04\source\ti\devices\cc13x2_cc26x2\driverlib\bin\ccs\</path>
         <kind>archive</kind>
         <file>driverlib.lib</file>
         <name>chipinfo.obj</name>
      </input_file>
      <input_file id="fl-22">
         <path>C:\ti\simplelink_cc13x2_26x2_sdk_4_40_04_04\source\ti\devices\cc13x2_cc26x2\driverlib\bin\ccs\</path>
         <kind>archive</kind>
         <file>driverlib.lib</file>
         <name>cpu.obj</name>
      </input_file>
      <input_file id="fl-23">
         <path>C:\ti\simplelink_cc13x2_26x2_sdk_4_40_04_04\source\ti\devices\cc13x2_cc26x2\driverlib\bin\ccs\</path>
         <kind>archive</kind>
         <file>driverlib.lib</file>
         <name>driverlib_release.obj</name>
      </input_file>
      <input_file id="fl-24">
         <path>C:\ti\simplelink_cc13x2_26x2_sdk_4_40_04_04\source\ti\devices\cc13x2_cc26x2\driverlib\bin\ccs\</path>
         <kind>archive</kind>
         <file>driverlib.lib</file>
         <name>interrupt.obj</name>
      </input_file>
      <input_file id="fl-25">
         <path>C:\ti\simplelink_cc13x2_26x2_sdk_4_40_04_04\source\ti\devices\cc13x2_cc26x2\driverlib\bin\ccs\</path>
         <kind>archive</kind>
         <file>driverlib.lib</file>
         <name>osc.obj</name>
      </input_file>
      <input_file id="fl-26">
         <path>C:\ti\simplelink_cc13x2_26x2_sdk_4_40_04_04\source\ti\devices\cc13x2_cc26x2\driverlib\bin\ccs\</path>
         <kind>archive</kind>
         <file>driverlib.lib</file>
         <name>prcm.obj</name>
      </input_file>
      <input_file id="fl-27">
         <path>C:\ti\simplelink_cc13x2_26x2_sdk_4_40_04_04\source\ti\devices\cc13x2_cc26x2\driverlib\bin\ccs\</path>
         <kind>archive</kind>
         <file>driverlib.lib</file>
         <name>setup.obj</name>
      </input_file>
      <input_file id="fl-28">
         <path>C:\ti\simplelink_cc13x2_26x2_sdk_4_40_04_04\source\ti\devices\cc13x2_cc26x2\driverlib\bin\ccs\</path>
         <kind>archive</kind>
         <file>driverlib.lib</file>
         <name>sys_ctrl.obj</name>
      </input_file>
      <input_file id="fl-29">
         <path>C:\ti\simplelink_cc13x2_26x2_sdk_4_40_04_04\source\ti\devices\cc13x2_cc26x2\driverlib\bin\ccs\</path>
         <kind>archive</kind>
         <file>driverlib.lib</file>
         <name>aux_sysif.obj</name>
      </input_file>
      <input_file id="fl-df">
         <path>C:\ti\ccs1020\ccs\tools\compiler\ti-cgt-arm_20.2.2.LTS\lib\</path>
         <kind>archive</kind>
         <file>rtsv7M4_T_le_v4SPD16_eabi.lib</file>
         <name>ll_asr_t2.asm.obj</name>
      </input_file>
      <input_file id="fl-e0">
         <path>C:\ti\ccs1020\ccs\tools\compiler\ti-cgt-arm_20.2.2.LTS\lib\</path>
         <kind>archive</kind>
         <file>rtsv7M4_T_le_v4SPD16_eabi.lib</file>
         <name>ll_mul_t2.asm.obj</name>
      </input_file>
      <input_file id="fl-e1">
         <path>C:\ti\ccs1020\ccs\tools\compiler\ti-cgt-arm_20.2.2.LTS\lib\</path>
         <kind>archive</kind>
         <file>rtsv7M4_T_le_v4SPD16_eabi.lib</file>
         <name>memcpy_t2.asm.obj</name>
      </input_file>
      <input_file id="fl-e2">
         <path>C:\ti\ccs1020\ccs\tools\compiler\ti-cgt-arm_20.2.2.LTS\lib\</path>
         <kind>archive</kind>
         <file>rtsv7M4_T_le_v4SPD16_eabi.lib</file>
         <name>ll_div_t2.asm.obj</name>
      </input_file>
      <input_file id="fl-e3">
         <path>C:\ti\ccs1020\ccs\tools\compiler\ti-cgt-arm_20.2.2.LTS\lib\</path>
         <kind>archive</kind>
         <file>rtsv7M4_T_le_v4SPD16_eabi.lib</file>
         <name>ull_div_t2.asm.obj</name>
      </input_file>
      <input_file id="fl-e4">
         <path>C:\ti\ccs1020\ccs\tools\compiler\ti-cgt-arm_20.2.2.LTS\lib\</path>
         <kind>archive</kind>
         <file>rtsv7M4_T_le_v4SPD16_eabi.lib</file>
         <name>memset_t2.asm.obj</name>
      </input_file>
      <input_file id="fl-e5">
         <path>C:\ti\ccs1020\ccs\tools\compiler\ti-cgt-arm_20.2.2.LTS\lib\</path>
         <kind>archive</kind>
         <file>rtsv7M4_T_le_v4SPD16_eabi.lib</file>
         <name>copy_zero_init.c.obj</name>
      </input_file>
      <input_file id="fl-e6">
         <path>C:\ti\ccs1020\ccs\tools\compiler\ti-cgt-arm_20.2.2.LTS\lib\</path>
         <kind>archive</kind>
         <file>rtsv7M4_T_le_v4SPD16_eabi.lib</file>
         <name>copy_decompress_none.c.obj</name>
      </input_file>
      <input_file id="fl-e7">
         <path>C:\ti\ccs1020\ccs\tools\compiler\ti-cgt-arm_20.2.2.LTS\lib\</path>
         <kind>archive</kind>
         <file>rtsv7M4_T_le_v4SPD16_eabi.lib</file>
         <name>copy_decompress_lzss.c.obj</name>
      </input_file>
      <input_file id="fl-e8">
         <path>C:\ti\ccs1020\ccs\tools\compiler\ti-cgt-arm_20.2.2.LTS\lib\</path>
         <kind>archive</kind>
         <file>rtsv7M4_T_le_v4SPD16_eabi.lib</file>
         <name>memory.c.obj</name>
      </input_file>
      <input_file id="fl-e9">
         <path>C:\ti\ccs1020\ccs\tools\compiler\ti-cgt-arm_20.2.2.LTS\lib\</path>
         <kind>archive</kind>
         <file>rtsv7M4_T_le_v4SPD16_eabi.lib</file>
         <name>boot_cortex_m.c.obj</name>
      </input_file>
      <input_file id="fl-ea">
         <path>C:\ti\ccs1020\ccs\tools\compiler\ti-cgt-arm_20.2.2.LTS\lib\</path>
         <kind>archive</kind>
         <file>rtsv7M4_T_le_v4SPD16_eabi.lib</file>
         <name>div0.asm.obj</name>
      </input_file>
      <input_file id="fl-eb">
         <path>C:\ti\ccs1020\ccs\tools\compiler\ti-cgt-arm_20.2.2.LTS\lib\</path>
         <kind>archive</kind>
         <file>rtsv7M4_T_le_v4SPD16_eabi.lib</file>
         <name>autoinit.c.obj</name>
      </input_file>
      <input_file id="fl-ec">
         <path>C:\ti\ccs1020\ccs\tools\compiler\ti-cgt-arm_20.2.2.LTS\lib\</path>
         <kind>archive</kind>
         <file>rtsv7M4_T_le_v4SPD16_eabi.lib</file>
         <name>pre_init.c.obj</name>
      </input_file>
      <input_file id="fl-ed">
         <path>C:\ti\ccs1020\ccs\tools\compiler\ti-cgt-arm_20.2.2.LTS\lib\</path>
         <kind>archive</kind>
         <file>rtsv7M4_T_le_v4SPD16_eabi.lib</file>
         <name>cpy_tbl.c.obj</name>
      </input_file>
      <input_file id="fl-ee">
         <path>C:\ti\ccs1020\ccs\tools\compiler\ti-cgt-arm_20.2.2.LTS\lib\</path>
         <kind>archive</kind>
         <file>rtsv7M4_T_le_v4SPD16_eabi.lib</file>
         <name>exit.c.obj</name>
      </input_file>
      <input_file id="fl-ef">
         <path>C:\ti\ccs1020\ccs\tools\compiler\ti-cgt-arm_20.2.2.LTS\lib\</path>
         <kind>archive</kind>
         <file>rtsv7M4_T_le_v4SPD16_eabi.lib</file>
         <name>_lock.c.obj</name>
      </input_file>
      <input_file id="fl-f0">
         <path>C:\ti\ccs1020\ccs\tools\compiler\ti-cgt-arm_20.2.2.LTS\lib\</path>
         <kind>archive</kind>
         <file>rtsv7M4_T_le_v4SPD16_eabi.lib</file>
         <name>args_main.c.obj</name>
      </input_file>
   </input_file_list>
   <object_component_list>
      <object_component id="oc-1d">
         <name>.intvecs</name>
         <load_address>0x0</load_address>
         <run_address>0x0</run_address>
         <size>0xd8</size>
         <input_file_ref idref="fl-1f"/>
      </object_component>
      <object_component id="oc-1b4">
         <name>.text:PIN_init</name>
         <load_address>0xd8</load_address>
         <run_address>0xd8</run_address>
         <size>0x1e0</size>
         <input_file_ref idref="fl-10"/>
      </object_component>
      <object_component id="oc-548">
         <name>.text:Power_sleep</name>
         <load_address>0x2b8</load_address>
         <run_address>0x2b8</run_address>
         <size>0x198</size>
         <input_file_ref idref="fl-11"/>
      </object_component>
      <object_component id="oc-3b8">
         <name>.text:calibrateRcoscHf1</name>
         <load_address>0x450</load_address>
         <run_address>0x450</run_address>
         <size>0x190</size>
         <input_file_ref idref="fl-12"/>
      </object_component>
      <object_component id="oc-58a">
         <name>.text:runCalibrateFsm</name>
         <load_address>0x5e0</load_address>
         <run_address>0x5e0</run_address>
         <size>0x18c</size>
         <input_file_ref idref="fl-12"/>
      </object_component>
      <object_component id="oc-1ae">
         <name>.text:Power_init</name>
         <load_address>0x76c</load_address>
         <run_address>0x76c</run_address>
         <size>0x174</size>
         <input_file_ref idref="fl-11"/>
      </object_component>
      <object_component id="oc-3d3">
         <name>.text:configureXOSCHF</name>
         <load_address>0x8e0</load_address>
         <run_address>0x8e0</run_address>
         <size>0x120</size>
         <input_file_ref idref="fl-11"/>
      </object_component>
      <object_component id="oc-28d">
         <name>.text:PINCC26XX_setIoCfg</name>
         <load_address>0xa00</load_address>
         <run_address>0xa00</run_address>
         <size>0x114</size>
         <input_file_ref idref="fl-10"/>
      </object_component>
      <object_component id="oc-6a3">
         <name>.text:NOROM_SysCtrlStandby</name>
         <load_address>0xb14</load_address>
         <run_address>0xb14</run_address>
         <size>0xf0</size>
         <input_file_ref idref="fl-28"/>
      </object_component>
      <object_component id="oc-38e">
         <name>.text:PowerCC26XX_standbyPolicy</name>
         <load_address>0xc04</load_address>
         <run_address>0xc04</run_address>
         <size>0xe0</size>
         <input_file_ref idref="fl-1e"/>
      </object_component>
      <object_component id="oc-61d">
         <name>.text:PWMTimerCC26XX_open</name>
         <load_address>0xce4</load_address>
         <run_address>0xce4</run_address>
         <size>0xdc</size>
         <input_file_ref idref="fl-13"/>
      </object_component>
      <object_component id="oc-2a5">
         <name>.text:SwiP_construct</name>
         <load_address>0xdc0</load_address>
         <run_address>0xdc0</run_address>
         <size>0xd8</size>
         <input_file_ref idref="fl-1a"/>
      </object_component>
      <object_component id="oc-6c4">
         <name>.text:Power_releaseDependency</name>
         <load_address>0xe98</load_address>
         <run_address>0xe98</run_address>
         <size>0xc0</size>
         <input_file_ref idref="fl-11"/>
      </object_component>
      <object_component id="oc-4a1">
         <name>.text:TimerP_construct</name>
         <load_address>0xf58</load_address>
         <run_address>0xf58</run_address>
         <size>0xbc</size>
         <input_file_ref idref="fl-1c"/>
      </object_component>
      <object_component id="oc-281">
         <name>.text:Power_setDependency</name>
         <load_address>0x1014</load_address>
         <run_address>0x1014</run_address>
         <size>0xb8</size>
         <input_file_ref idref="fl-11"/>
      </object_component>
      <object_component id="oc-31f">
         <name>.text:ClockP_startup</name>
         <load_address>0x10cc</load_address>
         <run_address>0x10cc</run_address>
         <size>0xb4</size>
         <input_file_ref idref="fl-1b"/>
      </object_component>
      <object_component id="oc-4b3">
         <name>.text:ClockP_workFuncDynamic</name>
         <load_address>0x1180</load_address>
         <run_address>0x1180</run_address>
         <size>0xac</size>
         <input_file_ref idref="fl-1b"/>
      </object_component>
      <object_component id="oc-2e5">
         <name>.text:PIN_open</name>
         <load_address>0x122c</load_address>
         <run_address>0x122c</run_address>
         <size>0xac</size>
         <input_file_ref idref="fl-10"/>
      </object_component>
      <object_component id="oc-c6">
         <name>.text:TrimAfterColdResetWakeupFromShutDown</name>
         <load_address>0x12d8</load_address>
         <run_address>0x12d8</run_address>
         <size>0xac</size>
         <input_file_ref idref="fl-27"/>
      </object_component>
      <object_component id="oc-45a">
         <name>.text:SemaphoreP_pend</name>
         <load_address>0x1384</load_address>
         <run_address>0x1384</run_address>
         <size>0xa0</size>
         <input_file_ref idref="fl-19"/>
      </object_component>
      <object_component id="oc-62f">
         <name>.text:PWMTimerCC26XX_setDutyAndPeriod</name>
         <load_address>0x1424</load_address>
         <run_address>0x1424</run_address>
         <size>0x9c</size>
         <input_file_ref idref="fl-13"/>
      </object_component>
      <object_component id="oc-5cb">
         <name>.text:SwiP_dispatch</name>
         <load_address>0x14c0</load_address>
         <run_address>0x14c0</run_address>
         <size>0x9c</size>
         <input_file_ref idref="fl-1a"/>
      </object_component>
      <object_component id="oc-5c">
         <name>.text</name>
         <load_address>0x155c</load_address>
         <run_address>0x155c</run_address>
         <size>0x9c</size>
         <input_file_ref idref="fl-e1"/>
      </object_component>
      <object_component id="oc-7a">
         <name>.text:NOROM_SetupTrimDevice</name>
         <load_address>0x15f8</load_address>
         <run_address>0x15f8</run_address>
         <size>0x98</size>
         <input_file_ref idref="fl-27"/>
      </object_component>
      <object_component id="oc-651">
         <name>.text</name>
         <load_address>0x1690</load_address>
         <run_address>0x1690</run_address>
         <size>0x96</size>
         <input_file_ref idref="fl-e3"/>
      </object_component>
      <object_component id="oc-1c0">
         <name>.text:Board_initHook</name>
         <load_address>0x1726</load_address>
         <run_address>0x1726</run_address>
         <size>0x2</size>
         <input_file_ref idref="fl-5"/>
      </object_component>
      <object_component id="oc-71d">
         <name>.text:GPTimerCC26XX_open</name>
         <load_address>0x1728</load_address>
         <run_address>0x1728</run_address>
         <size>0x88</size>
         <input_file_ref idref="fl-15"/>
      </object_component>
      <object_component id="oc-56c">
         <name>.text:NOROM_OSCHF_AttemptToSwitchToXosc</name>
         <load_address>0x17b0</load_address>
         <run_address>0x17b0</run_address>
         <size>0x88</size>
         <input_file_ref idref="fl-25"/>
      </object_component>
      <object_component id="oc-3b2">
         <name>.text:calibrateRcoscHf2</name>
         <load_address>0x1838</load_address>
         <run_address>0x1838</run_address>
         <size>0x88</size>
         <input_file_ref idref="fl-12"/>
      </object_component>
      <object_component id="oc-3ab">
         <name>.text:disableLFClockQualifiers</name>
         <load_address>0x18c0</load_address>
         <run_address>0x18c0</run_address>
         <size>0x88</size>
         <input_file_ref idref="fl-11"/>
      </object_component>
      <object_component id="oc-3be">
         <name>.text:updateSubSecInc</name>
         <load_address>0x1948</load_address>
         <run_address>0x1948</run_address>
         <size>0x88</size>
         <input_file_ref idref="fl-12"/>
      </object_component>
      <object_component id="oc-2eb">
         <name>.text:Board_sendExtFlashByte</name>
         <load_address>0x19d0</load_address>
         <run_address>0x19d0</run_address>
         <size>0x84</size>
         <input_file_ref idref="fl-5"/>
      </object_component>
      <object_component id="oc-163">
         <name>.text:mainThread</name>
         <load_address>0x1a54</load_address>
         <run_address>0x1a54</run_address>
         <size>0x84</size>
         <input_file_ref idref="fl-3"/>
      </object_component>
      <object_component id="oc-36d">
         <name>.text:ClockP_start</name>
         <load_address>0x1ad8</load_address>
         <run_address>0x1ad8</run_address>
         <size>0x80</size>
         <input_file_ref idref="fl-1b"/>
      </object_component>
      <object_component id="oc-231">
         <name>.text:HwiP_construct</name>
         <load_address>0x1b58</load_address>
         <run_address>0x1b58</run_address>
         <size>0x80</size>
         <input_file_ref idref="fl-1d"/>
      </object_component>
      <object_component id="oc-7a9">
         <name>.text:NOROM_SysCtrlSetRechargeBeforePowerDown</name>
         <load_address>0x1bd8</load_address>
         <run_address>0x1bd8</run_address>
         <size>0x80</size>
         <input_file_ref idref="fl-28"/>
      </object_component>
      <object_component id="oc-66e">
         <name>.text:ClockP_walkQueueDynamic</name>
         <load_address>0x1c58</load_address>
         <run_address>0x1c58</run_address>
         <size>0x78</size>
         <input_file_ref idref="fl-1b"/>
      </object_component>
      <object_component id="oc-7c7">
         <name>.text:GPTimerCC26XX_resetHw</name>
         <load_address>0x1cd0</load_address>
         <run_address>0x1cd0</run_address>
         <size>0x74</size>
         <input_file_ref idref="fl-15"/>
      </object_component>
      <object_component id="oc-258">
         <name>.text:PowerCC26X2_auxISR</name>
         <load_address>0x1d44</load_address>
         <run_address>0x1d44</run_address>
         <size>0x74</size>
         <input_file_ref idref="fl-12"/>
      </object_component>
      <object_component id="oc-723">
         <name>.text:PIN_add</name>
         <load_address>0x1db8</load_address>
         <run_address>0x1db8</run_address>
         <size>0x70</size>
         <input_file_ref idref="fl-10"/>
      </object_component>
      <object_component id="oc-26f">
         <name>.text:NOROM_ChipInfo_GetChipType</name>
         <load_address>0x1e28</load_address>
         <run_address>0x1e28</run_address>
         <size>0x6c</size>
         <input_file_ref idref="fl-21"/>
      </object_component>
      <object_component id="oc-1ef">
         <name>.text:ClockP_usleep</name>
         <load_address>0x1e94</load_address>
         <run_address>0x1e94</run_address>
         <size>0x68</size>
         <input_file_ref idref="fl-1b"/>
      </object_component>
      <object_component id="oc-598">
         <name>.text:NOROM_OSCHF_SwitchToRcOscTurnOffXosc</name>
         <load_address>0x1efc</load_address>
         <run_address>0x1efc</run_address>
         <size>0x68</size>
         <input_file_ref idref="fl-25"/>
      </object_component>
      <object_component id="oc-5d2">
         <name>.text:SwiP_post</name>
         <load_address>0x1f64</load_address>
         <run_address>0x1f64</run_address>
         <size>0x68</size>
         <input_file_ref idref="fl-1a"/>
      </object_component>
      <object_component id="oc-774">
         <name>.text:TimerP_start</name>
         <load_address>0x1fcc</load_address>
         <run_address>0x1fcc</run_address>
         <size>0x68</size>
         <input_file_ref idref="fl-1c"/>
      </object_component>
      <object_component id="oc-20">
         <name>.text:decompress:lzss:__TI_decompress_lzss</name>
         <load_address>0x2034</load_address>
         <run_address>0x2034</run_address>
         <size>0x68</size>
         <input_file_ref idref="fl-e7"/>
      </object_component>
      <object_component id="oc-46e">
         <name>.text:PIN_remove</name>
         <load_address>0x209c</load_address>
         <run_address>0x209c</run_address>
         <size>0x5c</size>
         <input_file_ref idref="fl-10"/>
      </object_component>
      <object_component id="oc-629">
         <name>.text:PWMTimerCC26XX_setPeriod</name>
         <load_address>0x20f8</load_address>
         <run_address>0x20f8</run_address>
         <size>0x5c</size>
         <input_file_ref idref="fl-13"/>
      </object_component>
      <object_component id="oc-74d">
         <name>.text:GPTimerCC26XX_stop</name>
         <load_address>0x2154</load_address>
         <run_address>0x2154</run_address>
         <size>0x58</size>
         <input_file_ref idref="fl-15"/>
      </object_component>
      <object_component id="oc-561">
         <name>.text:PowerCC26X2_initiateCalibration</name>
         <load_address>0x21ac</load_address>
         <run_address>0x21ac</run_address>
         <size>0x58</size>
         <input_file_ref idref="fl-12"/>
      </object_component>
      <object_component id="oc-7af">
         <name>.text:NOROM_PRCMPowerDomainsAllOff</name>
         <load_address>0x2204</load_address>
         <run_address>0x2204</run_address>
         <size>0x54</size>
         <input_file_ref idref="fl-26"/>
      </object_component>
      <object_component id="oc-72d">
         <name>.text:PWMTimerCC26XX_getdutyCounts</name>
         <load_address>0x2258</load_address>
         <run_address>0x2258</run_address>
         <size>0x50</size>
         <input_file_ref idref="fl-13"/>
      </object_component>
      <object_component id="oc-3f9">
         <name>.text:SemaphoreP_construct</name>
         <load_address>0x22a8</load_address>
         <run_address>0x22a8</run_address>
         <size>0x50</size>
         <input_file_ref idref="fl-19"/>
      </object_component>
      <object_component id="oc-2df">
         <name>.text:Board_wakeUpExtFlash</name>
         <load_address>0x22f8</load_address>
         <run_address>0x22f8</run_address>
         <size>0x4c</size>
         <input_file_ref idref="fl-5"/>
      </object_component>
      <object_component id="oc-7d6">
         <name>.text:GPTimerCC26XX_initHw</name>
         <load_address>0x2344</load_address>
         <run_address>0x2344</run_address>
         <size>0x4c</size>
         <input_file_ref idref="fl-15"/>
      </object_component>
      <object_component id="oc-753">
         <name>.text:GPTimerCC26XX_start</name>
         <load_address>0x2390</load_address>
         <run_address>0x2390</run_address>
         <size>0x4c</size>
         <input_file_ref idref="fl-15"/>
      </object_component>
      <object_component id="oc-3e9">
         <name>.text:NOROM_PRCMPowerDomainsAllOn</name>
         <load_address>0x23dc</load_address>
         <run_address>0x23dc</run_address>
         <size>0x4c</size>
         <input_file_ref idref="fl-26"/>
      </object_component>
      <object_component id="oc-225">
         <name>.text:ClockP_construct</name>
         <load_address>0x2428</load_address>
         <run_address>0x2428</run_address>
         <size>0x48</size>
         <input_file_ref idref="fl-1b"/>
      </object_component>
      <object_component id="oc-623">
         <name>.text:PWMTimerCC26XX_setDuty</name>
         <load_address>0x2470</load_address>
         <run_address>0x2470</run_address>
         <size>0x48</size>
         <input_file_ref idref="fl-13"/>
      </object_component>
      <object_component id="oc-24c">
         <name>.text:PowerCC26X2_RCOSC_clockFunc</name>
         <load_address>0x24b8</load_address>
         <run_address>0x24b8</run_address>
         <size>0x48</size>
         <input_file_ref idref="fl-12"/>
      </object_component>
      <object_component id="oc-3a2">
         <name>.text:switchXOSCHF</name>
         <load_address>0x2500</load_address>
         <run_address>0x2500</run_address>
         <size>0x48</size>
         <input_file_ref idref="fl-11"/>
      </object_component>
      <object_component id="oc-118">
         <name>.text:NOROM_ChipInfo_GetHwRevision</name>
         <load_address>0x2548</load_address>
         <run_address>0x2548</run_address>
         <size>0x44</size>
         <input_file_ref idref="fl-21"/>
      </object_component>
      <object_component id="oc-2c3">
         <name>.text:PIN_swi</name>
         <load_address>0x258c</load_address>
         <run_address>0x258c</run_address>
         <size>0x44</size>
         <input_file_ref idref="fl-10"/>
      </object_component>
      <object_component id="oc-1d1">
         <name>.text:PWM_init</name>
         <load_address>0x25d0</load_address>
         <run_address>0x25d0</run_address>
         <size>0x44</size>
         <input_file_ref idref="fl-f"/>
      </object_component>
      <object_component id="oc-466">
         <name>.text:SemaphoreP_post</name>
         <load_address>0x2614</load_address>
         <run_address>0x2614</run_address>
         <size>0x44</size>
         <input_file_ref idref="fl-19"/>
      </object_component>
      <object_component id="oc-7a1">
         <name>.text:SwiP_restore</name>
         <load_address>0x2658</load_address>
         <run_address>0x2658</run_address>
         <size>0x44</size>
         <input_file_ref idref="fl-1a"/>
      </object_component>
      <object_component id="oc-176">
         <name>.text:__TI_auto_init_nobinit_nopinit:__TI_auto_init_nobinit_nopinit</name>
         <load_address>0x269c</load_address>
         <run_address>0x269c</run_address>
         <size>0x44</size>
         <input_file_ref idref="fl-eb"/>
      </object_component>
      <object_component id="oc-1ba">
         <name>.text:Board_shutDownExtFlash</name>
         <load_address>0x26e0</load_address>
         <run_address>0x26e0</run_address>
         <size>0x40</size>
         <input_file_ref idref="fl-5"/>
      </object_component>
      <object_component id="oc-583">
         <name>.text:NOROM_OSC_HPOSCRelativeFrequencyOffsetGet</name>
         <load_address>0x2720</load_address>
         <run_address>0x2720</run_address>
         <size>0x40</size>
         <input_file_ref idref="fl-25"/>
      </object_component>
      <object_component id="oc-1dd">
         <name>.text:PWM_open</name>
         <load_address>0x2760</load_address>
         <run_address>0x2760</run_address>
         <size>0x40</size>
         <input_file_ref idref="fl-f"/>
      </object_component>
      <object_component id="oc-44f">
         <name>.text:PIN_setOutputValue</name>
         <load_address>0x27a0</load_address>
         <run_address>0x27a0</run_address>
         <size>0x3c</size>
         <input_file_ref idref="fl-10"/>
      </object_component>
      <object_component id="oc-460">
         <name>.text:PIN_setConfig</name>
         <load_address>0x27dc</load_address>
         <run_address>0x27dc</run_address>
         <size>0x38</size>
         <input_file_ref idref="fl-10"/>
      </object_component>
      <object_component id="oc-4f8">
         <name>.text:TimerP_getCurrentTick</name>
         <load_address>0x2814</load_address>
         <run_address>0x2814</run_address>
         <size>0x38</size>
         <input_file_ref idref="fl-1c"/>
      </object_component>
      <object_component id="oc-64b">
         <name>.text:TimerP_initDevice</name>
         <load_address>0x284c</load_address>
         <run_address>0x284c</run_address>
         <size>0x38</size>
         <input_file_ref idref="fl-1c"/>
      </object_component>
      <object_component id="oc-578">
         <name>.text:notify</name>
         <load_address>0x2884</load_address>
         <run_address>0x2884</run_address>
         <size>0x38</size>
         <input_file_ref idref="fl-11"/>
      </object_component>
      <object_component id="oc-681">
         <name>.text:TimerP_setNextTick</name>
         <load_address>0x28bc</load_address>
         <run_address>0x28bc</run_address>
         <size>0x36</size>
         <input_file_ref idref="fl-1c"/>
      </object_component>
      <object_component id="oc-617">
         <name>.text:PWMTimerCC26XX_init</name>
         <load_address>0x28f2</load_address>
         <run_address>0x28f2</run_address>
         <size>0x2</size>
         <input_file_ref idref="fl-13"/>
      </object_component>
      <object_component id="oc-536">
         <name>.text:ClockP_getTicksUntilInterrupt</name>
         <load_address>0x28f4</load_address>
         <run_address>0x28f4</run_address>
         <size>0x34</size>
         <input_file_ref idref="fl-1b"/>
      </object_component>
      <object_component id="oc-7ed">
         <name>.text:GPTimerCC26XXSetLoadMatch</name>
         <load_address>0x2928</load_address>
         <run_address>0x2928</run_address>
         <size>0x34</size>
         <input_file_ref idref="fl-15"/>
      </object_component>
      <object_component id="oc-70f">
         <name>.text:GPTimerCC26XX_configureDebugStall</name>
         <load_address>0x295c</load_address>
         <run_address>0x295c</run_address>
         <size>0x34</size>
         <input_file_ref idref="fl-15"/>
      </object_component>
      <object_component id="oc-11f">
         <name>.text:NOROM_AUXSYSIFOpModeChange</name>
         <load_address>0x2990</load_address>
         <run_address>0x2990</run_address>
         <size>0x34</size>
         <input_file_ref idref="fl-29"/>
      </object_component>
      <object_component id="oc-378">
         <name>.text:NOROM_IntRegister</name>
         <load_address>0x29c4</load_address>
         <run_address>0x29c4</run_address>
         <size>0x34</size>
         <input_file_ref idref="fl-24"/>
      </object_component>
      <object_component id="oc-554">
         <name>.text:NOROM_SysCtrlIdle</name>
         <load_address>0x29f8</load_address>
         <run_address>0x29f8</run_address>
         <size>0x34</size>
         <input_file_ref idref="fl-28"/>
      </object_component>
      <object_component id="oc-73a">
         <name>.text:PWMTimerCC26XX_getperiodCounts</name>
         <load_address>0x2a2c</load_address>
         <run_address>0x2a2c</run_address>
         <size>0x34</size>
         <input_file_ref idref="fl-13"/>
      </object_component>
      <object_component id="oc-705">
         <name>.text:GPTimerCC26XX_close</name>
         <load_address>0x2a60</load_address>
         <run_address>0x2a60</run_address>
         <size>0x30</size>
         <input_file_ref idref="fl-15"/>
      </object_component>
      <object_component id="oc-75a">
         <name>.text:PINCC26XX_setMux</name>
         <load_address>0x2a90</load_address>
         <run_address>0x2a90</run_address>
         <size>0x30</size>
         <input_file_ref idref="fl-10"/>
      </object_component>
      <object_component id="oc-635">
         <name>.text:PWMTimerCC26XX_start</name>
         <load_address>0x2ac0</load_address>
         <run_address>0x2ac0</run_address>
         <size>0x30</size>
         <input_file_ref idref="fl-13"/>
      </object_component>
      <object_component id="oc-572">
         <name>.text:Power_releaseConstraint</name>
         <load_address>0x2af0</load_address>
         <run_address>0x2af0</run_address>
         <size>0x30</size>
         <input_file_ref idref="fl-11"/>
      </object_component>
      <object_component id="oc-237">
         <name>.text:Power_setConstraint</name>
         <load_address>0x2b20</load_address>
         <run_address>0x2b20</run_address>
         <size>0x30</size>
         <input_file_ref idref="fl-11"/>
      </object_component>
      <object_component id="oc-df">
         <name>.text:_c_int00:_c_int00</name>
         <load_address>0x2b50</load_address>
         <run_address>0x2b50</run_address>
         <size>0x30</size>
         <input_file_ref idref="fl-e9"/>
      </object_component>
      <object_component id="oc-7f6">
         <name>.text:GPTimerCC26XX_getTimerValue</name>
         <load_address>0x2b80</load_address>
         <run_address>0x2b80</run_address>
         <size>0x2c</size>
         <input_file_ref idref="fl-15"/>
      </object_component>
      <object_component id="oc-60b">
         <name>.text:PWMTimerCC26XX_close</name>
         <load_address>0x2bac</load_address>
         <run_address>0x2bac</run_address>
         <size>0x2c</size>
         <input_file_ref idref="fl-13"/>
      </object_component>
      <object_component id="oc-63b">
         <name>.text:PWMTimerCC26XX_stop</name>
         <load_address>0x2bd8</load_address>
         <run_address>0x2bd8</run_address>
         <size>0x2c</size>
         <input_file_ref idref="fl-13"/>
      </object_component>
      <object_component id="oc-790">
         <name>.text:TimerP_setThreshold</name>
         <load_address>0x2c04</load_address>
         <run_address>0x2c04</run_address>
         <size>0x2c</size>
         <input_file_ref idref="fl-1c"/>
      </object_component>
      <object_component id="oc-252">
         <name>.text:oscillatorISR</name>
         <load_address>0x2c30</load_address>
         <run_address>0x2c30</run_address>
         <size>0x28</size>
         <input_file_ref idref="fl-11"/>
      </object_component>
      <object_component id="oc-504">
         <name>.text:ClockP_getTicks</name>
         <load_address>0x2c58</load_address>
         <run_address>0x2c58</run_address>
         <size>0x24</size>
         <input_file_ref idref="fl-1b"/>
      </object_component>
      <object_component id="oc-4fe">
         <name>.text:ClockP_scheduleNextTick</name>
         <load_address>0x2c7c</load_address>
         <run_address>0x2c7c</run_address>
         <size>0x24</size>
         <input_file_ref idref="fl-1b"/>
      </object_component>
      <object_component id="oc-381">
         <name>.text:HwiP_dispatch</name>
         <load_address>0x2ca0</load_address>
         <run_address>0x2ca0</run_address>
         <size>0x24</size>
         <input_file_ref idref="fl-1d"/>
      </object_component>
      <object_component id="oc-39c">
         <name>.text:NOROM_OSCHF_TurnOnXosc</name>
         <load_address>0x2cc4</load_address>
         <run_address>0x2cc4</run_address>
         <size>0x24</size>
         <input_file_ref idref="fl-25"/>
      </object_component>
      <object_component id="oc-4a7">
         <name>.text:TimerP_getMaxTicks</name>
         <load_address>0x2ce8</load_address>
         <run_address>0x2ce8</run_address>
         <size>0x24</size>
         <input_file_ref idref="fl-1c"/>
      </object_component>
      <object_component id="oc-6ae">
         <name>.text:getTdcSemaphore</name>
         <load_address>0x2d0c</load_address>
         <run_address>0x2d0c</run_address>
         <size>0x24</size>
         <input_file_ref idref="fl-12"/>
      </object_component>
      <object_component id="oc-32b">
         <name>.text:sleepTicks</name>
         <load_address>0x2d30</load_address>
         <run_address>0x2d30</run_address>
         <size>0x24</size>
         <input_file_ref idref="fl-1b"/>
      </object_component>
      <object_component id="oc-157">
         <name>.text:Board_init</name>
         <load_address>0x2d54</load_address>
         <run_address>0x2d54</run_address>
         <size>0x20</size>
         <input_file_ref idref="fl-5"/>
      </object_component>
      <object_component id="oc-5dd">
         <name>.text:ClockP_add</name>
         <load_address>0x2d74</load_address>
         <run_address>0x2d74</run_address>
         <size>0x20</size>
         <input_file_ref idref="fl-1b"/>
      </object_component>
      <object_component id="oc-293">
         <name>.text:PINCC26XX_setIoCfgMux</name>
         <load_address>0x2d94</load_address>
         <run_address>0x2d94</run_address>
         <size>0x20</size>
         <input_file_ref idref="fl-10"/>
      </object_component>
      <object_component id="oc-367">
         <name>.text:QueueP_put</name>
         <load_address>0x2db4</load_address>
         <run_address>0x2db4</run_address>
         <size>0x20</size>
         <input_file_ref idref="fl-20"/>
      </object_component>
      <object_component id="oc-662">
         <name>.text:TimerP_dynamicStub</name>
         <load_address>0x2dd4</load_address>
         <run_address>0x2dd4</run_address>
         <size>0x20</size>
         <input_file_ref idref="fl-1c"/>
      </object_component>
      <object_component id="oc-2f1">
         <name>.text:PIN_close</name>
         <load_address>0x2df4</load_address>
         <run_address>0x2df4</run_address>
         <size>0x1e</size>
         <input_file_ref idref="fl-10"/>
      </object_component>
      <object_component id="oc-53c">
         <name>.text:Power_getTransitionLatency</name>
         <load_address>0x2e12</load_address>
         <run_address>0x2e12</run_address>
         <size>0x1e</size>
         <input_file_ref idref="fl-11"/>
      </object_component>
      <object_component id="oc-287">
         <name>.text:SemaphoreP_constructBinary</name>
         <load_address>0x2e30</load_address>
         <run_address>0x2e30</run_address>
         <size>0x1e</size>
         <input_file_ref idref="fl-19"/>
      </object_component>
      <object_component id="oc-431">
         <name>.text:SwiP_or</name>
         <load_address>0x2e4e</load_address>
         <run_address>0x2e4e</run_address>
         <size>0x1e</size>
         <input_file_ref idref="fl-1a"/>
      </object_component>
      <object_component id="oc-112">
         <name>.text:NOROM_ChipInfo_GetChipFamily</name>
         <load_address>0x2e6c</load_address>
         <run_address>0x2e6c</run_address>
         <size>0x1c</size>
         <input_file_ref idref="fl-21"/>
      </object_component>
      <object_component id="oc-2ba">
         <name>.text:PIN_hwi</name>
         <load_address>0x2e88</load_address>
         <run_address>0x2e88</run_address>
         <size>0x1c</size>
         <input_file_ref idref="fl-10"/>
      </object_component>
      <object_component id="oc-797">
         <name>.text:SwiP_disable</name>
         <load_address>0x2ea4</load_address>
         <run_address>0x2ea4</run_address>
         <size>0x1c</size>
         <input_file_ref idref="fl-1a"/>
      </object_component>
      <object_component id="oc-68">
         <name>.text:decompress:ZI:__TI_zero_init_nomemset:__TI_zero_init_nomemset</name>
         <load_address>0x2ec0</load_address>
         <run_address>0x2ec0</run_address>
         <size>0x1c</size>
         <input_file_ref idref="fl-e5"/>
      </object_component>
      <object_component id="oc-611">
         <name>.text:PWMTimerCC26XX_control</name>
         <load_address>0x2edc</load_address>
         <run_address>0x2edc</run_address>
         <size>0x1a</size>
         <input_file_ref idref="fl-13"/>
      </object_component>
      <object_component id="oc-394">
         <name>.text:PowerCC26XX_calibrate</name>
         <load_address>0x2ef6</load_address>
         <run_address>0x2ef6</run_address>
         <size>0x1a</size>
         <input_file_ref idref="fl-11"/>
      </object_component>
      <object_component id="oc-6e4">
         <name>.text:QueueP_get</name>
         <load_address>0x2f10</load_address>
         <run_address>0x2f10</run_address>
         <size>0x1a</size>
         <input_file_ref idref="fl-20"/>
      </object_component>
      <object_component id="oc-5ef">
         <name>.text:ClockP_destruct</name>
         <load_address>0x2f2a</load_address>
         <run_address>0x2f2a</run_address>
         <size>0x18</size>
         <input_file_ref idref="fl-1b"/>
      </object_component>
      <object_component id="oc-4c9">
         <name>.text:SemaphoreP_destruct</name>
         <load_address>0x2f42</load_address>
         <run_address>0x2f42</run_address>
         <size>0x2</size>
         <input_file_ref idref="fl-19"/>
      </object_component>
      <object_component id="oc-5fd">
         <name>.text:HwiP_inISR</name>
         <load_address>0x2f44</load_address>
         <run_address>0x2f44</run_address>
         <size>0x18</size>
         <input_file_ref idref="fl-1d"/>
      </object_component>
      <object_component id="oc-275">
         <name>.text:NOROM_ChipInfo_GetPackageType</name>
         <load_address>0x2f5c</load_address>
         <run_address>0x2f5c</run_address>
         <size>0x18</size>
         <input_file_ref idref="fl-21"/>
      </object_component>
      <object_component id="oc-6d4">
         <name>.text:Power_idleFunc</name>
         <load_address>0x2f74</load_address>
         <run_address>0x2f74</run_address>
         <size>0x18</size>
         <input_file_ref idref="fl-11"/>
      </object_component>
      <object_component id="oc-656">
         <name>.text:TimerP_startup</name>
         <load_address>0x2f8c</load_address>
         <run_address>0x2f8c</run_address>
         <size>0x18</size>
         <input_file_ref idref="fl-1c"/>
      </object_component>
      <object_component id="oc-137">
         <name>.text:_args_main</name>
         <load_address>0x2fa4</load_address>
         <run_address>0x2fa4</run_address>
         <size>0x18</size>
         <input_file_ref idref="fl-f0"/>
      </object_component>
      <object_component id="oc-67b">
         <name>.text</name>
         <load_address>0x2fbc</load_address>
         <run_address>0x2fbc</run_address>
         <size>0x18</size>
         <input_file_ref idref="fl-e0"/>
      </object_component>
      <object_component id="oc-240">
         <name>.text:switchToTCXO</name>
         <load_address>0x2fd4</load_address>
         <run_address>0x2fd4</run_address>
         <size>0x18</size>
         <input_file_ref idref="fl-11"/>
      </object_component>
      <object_component id="oc-c0">
         <name>.text:NOROM_ThisLibraryIsFor_CC13x2_CC26x2_HwRev20AndLater_HaltIfViolated</name>
         <load_address>0x2fec</load_address>
         <run_address>0x2fec</run_address>
         <size>0x16</size>
         <input_file_ref idref="fl-21"/>
      </object_component>
      <object_component id="oc-6de">
         <name>.text:maxbit</name>
         <load_address>0x3002</load_address>
         <run_address>0x3002</run_address>
         <size>0x16</size>
         <input_file_ref idref="fl-1a"/>
      </object_component>
      <object_component id="oc-1d7">
         <name>.text:PWM_Params_init</name>
         <load_address>0x3018</load_address>
         <run_address>0x3018</run_address>
         <size>0x14</size>
         <input_file_ref idref="fl-f"/>
      </object_component>
      <object_component id="oc-3c4">
         <name>.text:PowerCC26X2_calibrate</name>
         <load_address>0x302c</load_address>
         <run_address>0x302c</run_address>
         <size>0x14</size>
         <input_file_ref idref="fl-12"/>
      </object_component>
      <object_component id="oc-603">
         <name>.text:Power_disablePolicy</name>
         <load_address>0x3040</load_address>
         <run_address>0x3040</run_address>
         <size>0x14</size>
         <input_file_ref idref="fl-11"/>
      </object_component>
      <object_component id="oc-420">
         <name>.text:SwiP_handleHwi</name>
         <load_address>0x3054</load_address>
         <run_address>0x3054</run_address>
         <size>0x14</size>
         <input_file_ref idref="fl-1a"/>
      </object_component>
      <object_component id="oc-325">
         <name>.text:TimerP_getCount64</name>
         <load_address>0x3068</load_address>
         <run_address>0x3068</run_address>
         <size>0x14</size>
         <input_file_ref idref="fl-1c"/>
      </object_component>
      <object_component id="oc-2d">
         <name>.text:resetISR</name>
         <load_address>0x307c</load_address>
         <run_address>0x307c</run_address>
         <size>0x14</size>
         <input_file_ref idref="fl-1f"/>
      </object_component>
      <object_component id="oc-717">
         <name>.text:GPTimerCC26XX_Params_init</name>
         <load_address>0x3090</load_address>
         <run_address>0x3090</run_address>
         <size>0x12</size>
         <input_file_ref idref="fl-15"/>
      </object_component>
      <object_component id="oc-299">
         <name>.text:HwiP_Params_init</name>
         <load_address>0x30a2</load_address>
         <run_address>0x30a2</run_address>
         <size>0x12</size>
         <input_file_ref idref="fl-1d"/>
      </object_component>
      <object_component id="oc-12d">
         <name>.text:main</name>
         <load_address>0x30b4</load_address>
         <run_address>0x30b4</run_address>
         <size>0x12</size>
         <input_file_ref idref="fl-2"/>
      </object_component>
      <object_component id="oc-5f5">
         <name>.text:clkFxn</name>
         <load_address>0x30c6</load_address>
         <run_address>0x30c6</run_address>
         <size>0x2</size>
         <input_file_ref idref="fl-19"/>
      </object_component>
      <object_component id="oc-22b">
         <name>.text:ClockP_Params_init</name>
         <load_address>0x30c8</load_address>
         <run_address>0x30c8</run_address>
         <size>0x10</size>
         <input_file_ref idref="fl-1b"/>
      </object_component>
      <object_component id="oc-7e6">
         <name>.text:ClockP_getCpuFreq</name>
         <load_address>0x30d8</load_address>
         <run_address>0x30d8</run_address>
         <size>0x10</size>
         <input_file_ref idref="fl-1b"/>
      </object_component>
      <object_component id="oc-301">
         <name>.text:HwiP_disable</name>
         <load_address>0x30e8</load_address>
         <run_address>0x30e8</run_address>
         <size>0x10</size>
         <input_file_ref idref="fl-1d"/>
      </object_component>
      <object_component id="oc-6f1">
         <name>.text:HwiP_post</name>
         <load_address>0x30f8</load_address>
         <run_address>0x30f8</run_address>
         <size>0x10</size>
         <input_file_ref idref="fl-1d"/>
      </object_component>
      <object_component id="oc-27b">
         <name>.text:PINCC26XX_getPinCount</name>
         <load_address>0x3108</load_address>
         <run_address>0x3108</run_address>
         <size>0x10</size>
         <input_file_ref idref="fl-10"/>
      </object_component>
      <object_component id="oc-691">
         <name>.text:PowerCC26XX_schedulerDisable</name>
         <load_address>0x3118</load_address>
         <run_address>0x3118</run_address>
         <size>0x10</size>
         <input_file_ref idref="fl-1e"/>
      </object_component>
      <object_component id="oc-5e3">
         <name>.text:Power_enablePolicy</name>
         <load_address>0x3128</load_address>
         <run_address>0x3128</run_address>
         <size>0x10</size>
         <input_file_ref idref="fl-11"/>
      </object_component>
      <object_component id="oc-3f3">
         <name>.text:SemaphoreP_Params_init</name>
         <load_address>0x3138</load_address>
         <run_address>0x3138</run_address>
         <size>0x10</size>
         <input_file_ref idref="fl-19"/>
      </object_component>
      <object_component id="oc-29f">
         <name>.text:SwiP_Params_init</name>
         <load_address>0x3148</load_address>
         <run_address>0x3148</run_address>
         <size>0x10</size>
         <input_file_ref idref="fl-1a"/>
      </object_component>
      <object_component id="oc-49b">
         <name>.text:TimerP_Params_init</name>
         <load_address>0x3158</load_address>
         <run_address>0x3158</run_address>
         <size>0x10</size>
         <input_file_ref idref="fl-1c"/>
      </object_component>
      <object_component id="oc-6ea">
         <name>.text:QueueP_empty</name>
         <load_address>0x3168</load_address>
         <run_address>0x3168</run_address>
         <size>0xe</size>
         <input_file_ref idref="fl-20"/>
      </object_component>
      <object_component id="oc-6fb">
         <name>.text:QueueP_remove</name>
         <load_address>0x3176</load_address>
         <run_address>0x3176</run_address>
         <size>0xe</size>
         <input_file_ref idref="fl-20"/>
      </object_component>
      <object_component id="oc-26">
         <name>.text:decompress:none:__TI_decompress_none</name>
         <load_address>0x3184</load_address>
         <run_address>0x3184</run_address>
         <size>0xe</size>
         <input_file_ref idref="fl-e6"/>
      </object_component>
      <object_component id="oc-246">
         <name>.text:emptyClockFunc</name>
         <load_address>0x3192</load_address>
         <run_address>0x3192</run_address>
         <size>0x2</size>
         <input_file_ref idref="fl-11"/>
      </object_component>
      <object_component id="oc-4b9">
         <name>.text:ClockP_doTick</name>
         <load_address>0x3194</load_address>
         <run_address>0x3194</run_address>
         <size>0xc</size>
         <input_file_ref idref="fl-1b"/>
      </object_component>
      <object_component id="oc-21f">
         <name>.text:ClockP_getSystemTickPeriod</name>
         <load_address>0x31a0</load_address>
         <run_address>0x31a0</run_address>
         <size>0xc</size>
         <input_file_ref idref="fl-1b"/>
      </object_component>
      <object_component id="oc-74">
         <name>.text:NOROM_CPUcpsid</name>
         <load_address>0x31ac</load_address>
         <run_address>0x31ac</run_address>
         <size>0xc</size>
         <input_file_ref idref="fl-22"/>
      </object_component>
      <object_component id="oc-1ca">
         <name>.text:NOROM_CPUcpsie</name>
         <load_address>0x31b8</load_address>
         <run_address>0x31b8</run_address>
         <size>0xc</size>
         <input_file_ref idref="fl-22"/>
      </object_component>
      <object_component id="oc-697">
         <name>.text:PowerCC26XX_schedulerRestore</name>
         <load_address>0x31c4</load_address>
         <run_address>0x31c4</run_address>
         <size>0xc</size>
         <input_file_ref idref="fl-1e"/>
      </object_component>
      <object_component id="oc-530">
         <name>.text:Power_getConstraintMask</name>
         <load_address>0x31d0</load_address>
         <run_address>0x31d0</run_address>
         <size>0xc</size>
         <input_file_ref idref="fl-11"/>
      </object_component>
      <object_component id="oc-69d">
         <name>.text:Power_getDependencyCount</name>
         <load_address>0x31dc</load_address>
         <run_address>0x31dc</run_address>
         <size>0xc</size>
         <input_file_ref idref="fl-11"/>
      </object_component>
      <object_component id="oc-43a">
         <name>.text:SwiP_getTrigger</name>
         <load_address>0x31e8</load_address>
         <run_address>0x31e8</run_address>
         <size>0xc</size>
         <input_file_ref idref="fl-1a"/>
      </object_component>
      <object_component id="oc-4ad">
         <name>.text:TimerP_getFreq</name>
         <load_address>0x31f4</load_address>
         <run_address>0x31f4</run_address>
         <size>0xc</size>
         <input_file_ref idref="fl-1c"/>
      </object_component>
      <object_component id="oc-1e9">
         <name>.text:PWM_setDutyAndPeriod</name>
         <load_address>0x3200</load_address>
         <run_address>0x3200</run_address>
         <size>0xa</size>
         <input_file_ref idref="fl-f"/>
      </object_component>
      <object_component id="oc-1e3">
         <name>.text:PWM_start</name>
         <load_address>0x320a</load_address>
         <run_address>0x320a</run_address>
         <size>0xa</size>
         <input_file_ref idref="fl-f"/>
      </object_component>
      <object_component id="oc-740">
         <name>.text:GPTimerCC26XX_setLoadValue</name>
         <load_address>0x3214</load_address>
         <run_address>0x3214</run_address>
         <size>0x8</size>
         <input_file_ref idref="fl-15"/>
      </object_component>
      <object_component id="oc-733">
         <name>.text:GPTimerCC26XX_setMatchValue</name>
         <load_address>0x321c</load_address>
         <run_address>0x321c</run_address>
         <size>0x8</size>
         <input_file_ref idref="fl-15"/>
      </object_component>
      <object_component id="oc-307">
         <name>.text:HwiP_restore</name>
         <load_address>0x3224</load_address>
         <run_address>0x3224</run_address>
         <size>0x8</size>
         <input_file_ref idref="fl-1d"/>
      </object_component>
      <object_component id="oc-54e">
         <name>.text:ClockP_stop</name>
         <load_address>0x322c</load_address>
         <run_address>0x322c</run_address>
         <size>0x6</size>
         <input_file_ref idref="fl-1b"/>
      </object_component>
      <object_component id="oc-747">
         <name>.text:GPTimerCC26XX_getValue</name>
         <load_address>0x3232</load_address>
         <run_address>0x3232</run_address>
         <size>0x6</size>
         <input_file_ref idref="fl-15"/>
      </object_component>
      <object_component id="oc-455">
         <name>.text:NOROM_CPUdelay</name>
         <load_address>0x3238</load_address>
         <run_address>0x3238</run_address>
         <size>0x6</size>
         <input_file_ref idref="fl-22"/>
      </object_component>
      <object_component id="oc-40e">
         <name>.text:QueueP_init</name>
         <load_address>0x323e</load_address>
         <run_address>0x323e</run_address>
         <size>0x6</size>
         <input_file_ref idref="fl-20"/>
      </object_component>
      <object_component id="oc-592">
         <name>.text:delayUs</name>
         <load_address>0x3244</load_address>
         <run_address>0x3244</run_address>
         <size>0x6</size>
         <input_file_ref idref="fl-11"/>
      </object_component>
      <object_component id="oc-55a">
         <name>.text:CPUwfi</name>
         <load_address>0x324a</load_address>
         <run_address>0x324a</run_address>
         <size>0x4</size>
         <input_file_ref idref="fl-1e"/>
      </object_component>
      <object_component id="oc-5e9">
         <name>.text:ClockP_isActive</name>
         <load_address>0x324e</load_address>
         <run_address>0x324e</run_address>
         <size>0x4</size>
         <input_file_ref idref="fl-1b"/>
      </object_component>
      <object_component id="oc-542">
         <name>.text:ClockP_setTimeout</name>
         <load_address>0x3252</load_address>
         <run_address>0x3252</run_address>
         <size>0x4</size>
         <input_file_ref idref="fl-1b"/>
      </object_component>
      <object_component id="oc-15d">
         <name>.text:HwiP_enable</name>
         <load_address>0x3256</load_address>
         <run_address>0x3256</run_address>
         <size>0x4</size>
         <input_file_ref idref="fl-1d"/>
      </object_component>
      <object_component id="oc-782">
         <name>.text:QueueP_head</name>
         <load_address>0x325a</load_address>
         <run_address>0x325a</run_address>
         <size>0x4</size>
         <input_file_ref idref="fl-20"/>
      </object_component>
      <object_component id="oc-788">
         <name>.text:QueueP_next</name>
         <load_address>0x325e</load_address>
         <run_address>0x325e</run_address>
         <size>0x4</size>
         <input_file_ref idref="fl-20"/>
      </object_component>
      <object_component id="oc-127">
         <name>.text:_system_pre_init</name>
         <load_address>0x3262</load_address>
         <run_address>0x3262</run_address>
         <size>0x4</size>
         <input_file_ref idref="fl-ec"/>
      </object_component>
      <object_component id="oc-16a">
         <name>.text:abort:abort</name>
         <load_address>0x3266</load_address>
         <run_address>0x3266</run_address>
         <size>0x4</size>
         <input_file_ref idref="fl-ee"/>
      </object_component>
      <object_component id="oc-3cd">
         <name>.text:configureRFCoreClocks</name>
         <load_address>0x326a</load_address>
         <run_address>0x326a</run_address>
         <size>0x4</size>
         <input_file_ref idref="fl-11"/>
      </object_component>
      <object_component id="oc-3d9">
         <name>.text:nopResourceHandler</name>
         <load_address>0x326e</load_address>
         <run_address>0x326e</run_address>
         <size>0x4</size>
         <input_file_ref idref="fl-11"/>
      </object_component>
      <object_component id="oc-42">
         <name>.text:faultISR</name>
         <load_address>0x3272</load_address>
         <run_address>0x3272</run_address>
         <size>0x2</size>
         <input_file_ref idref="fl-1f"/>
      </object_component>
      <object_component id="oc-48">
         <name>.text:intDefaultHandler</name>
         <load_address>0x3274</load_address>
         <run_address>0x3274</run_address>
         <size>0x2</size>
         <input_file_ref idref="fl-1f"/>
      </object_component>
      <object_component id="oc-3c">
         <name>.text:nmiISR</name>
         <load_address>0x3276</load_address>
         <run_address>0x3276</run_address>
         <size>0x2</size>
         <input_file_ref idref="fl-1f"/>
      </object_component>
      <object_component id="oc-76e">
         <name>.text</name>
         <load_address>0x3278</load_address>
         <run_address>0x3278</run_address>
         <size>0x2</size>
         <input_file_ref idref="fl-ea"/>
      </object_component>
      <object_component id="oc-3ef">
         <name>.const:resourceDB</name>
         <load_address>0x327c</load_address>
         <run_address>0x327c</run_address>
         <size>0x54</size>
         <input_file_ref idref="fl-11"/>
      </object_component>
      <object_component id="oc-48e">
         <name>.const:PWMTimerCC26XX_fxnTable</name>
         <load_address>0x32d0</load_address>
         <run_address>0x32d0</run_address>
         <size>0x24</size>
         <input_file_ref idref="fl-13"/>
      </object_component>
      <object_component id="oc-7d1">
         <name>.const:GPT_LUT</name>
         <load_address>0x32f4</load_address>
         <run_address>0x32f4</run_address>
         <size>0x1c</size>
         <input_file_ref idref="fl-15"/>
      </object_component>
      <object_component id="oc-317">
         <name>.const:PWM_defaultParams</name>
         <load_address>0x3310</load_address>
         <run_address>0x3310</run_address>
         <size>0x18</size>
         <input_file_ref idref="fl-f"/>
      </object_component>
      <object_component id="oc-2f7">
         <name>.const:$P$T1$2</name>
         <load_address>0x3328</load_address>
         <run_address>0x3328</run_address>
         <size>0x14</size>
         <input_file_ref idref="fl-5"/>
      </object_component>
      <object_component id="oc-23d">
         <name>.const:PowerCC26X2_config</name>
         <load_address>0x333c</load_address>
         <run_address>0x333c</run_address>
         <size>0x14</size>
         <input_file_ref idref="fl-5"/>
      </object_component>
      <object_component id="oc-409">
         <name>.const:SwiP_defaultParams</name>
         <load_address>0x3350</load_address>
         <run_address>0x3350</run_address>
         <size>0x10</size>
         <input_file_ref idref="fl-1a"/>
      </object_component>
      <object_component id="oc-7dc">
         <name>.const:GPTimerCC26XX_config</name>
         <load_address>0x3360</load_address>
         <run_address>0x3360</run_address>
         <size>0xc</size>
         <input_file_ref idref="fl-5"/>
      </object_component>
      <object_component id="oc-313">
         <name>.const:PWM_config</name>
         <load_address>0x336c</load_address>
         <run_address>0x336c</run_address>
         <size>0xc</size>
         <input_file_ref idref="fl-5"/>
      </object_component>
      <object_component id="oc-817">
         <name>.const:gptimerCC26XXHWAttrs</name>
         <load_address>0x3378</load_address>
         <run_address>0x3378</run_address>
         <size>0xc</size>
         <input_file_ref idref="fl-5"/>
      </object_component>
      <object_component id="oc-149">
         <name>.const:$O1$$</name>
         <load_address>0x3384</load_address>
         <run_address>0x3384</run_address>
         <size>0x8</size>
         <input_file_ref idref="fl-29"/>
      </object_component>
      <object_component id="oc-456">
         <name>.const:$P$T0$1</name>
         <load_address>0x338c</load_address>
         <run_address>0x338c</run_address>
         <size>0x8</size>
         <input_file_ref idref="fl-5"/>
      </object_component>
      <object_component id="oc-1c6">
         <name>.const:BoardGpioInitTable</name>
         <load_address>0x3394</load_address>
         <run_address>0x3394</run_address>
         <size>0x8</size>
         <input_file_ref idref="fl-5"/>
      </object_component>
      <object_component id="oc-7df">
         <name>.const:GPT_DefaultParams</name>
         <load_address>0x339c</load_address>
         <run_address>0x339c</run_address>
         <size>0x8</size>
         <input_file_ref idref="fl-15"/>
      </object_component>
      <object_component id="oc-2b4">
         <name>.const:PINCC26XX_hwAttrs</name>
         <load_address>0x33a4</load_address>
         <run_address>0x33a4</run_address>
         <size>0x8</size>
         <input_file_ref idref="fl-5"/>
      </object_component>
      <object_component id="oc-310">
         <name>.const</name>
         <load_address>0x33ac</load_address>
         <run_address>0x33ac</run_address>
         <size>0x4</size>
         <input_file_ref idref="fl-5"/>
      </object_component>
      <object_component id="oc-492">
         <name>.const:pwmTimerCC26XXHWAttrs</name>
         <load_address>0x33b0</load_address>
         <run_address>0x33b0</run_address>
         <size>0x2</size>
         <input_file_ref idref="fl-5"/>
      </object_component>
      <object_component id="oc-826">
         <name>.binit</name>
         <load_address>0x0</load_address>
         <run_address>0x0</run_address>
         <size>0x0</size>
      </object_component>
      <object_component id="oc-85b">
         <name>.cinit..data.load</name>
         <load_address>0x33c0</load_address>
         <run_address>0x33c0</run_address>
         <size>0x31</size>
      </object_component>
      <object_component id="oc-858">
         <name>__TI_handler_table</name>
         <load_address>0x33f4</load_address>
         <run_address>0x33f4</run_address>
         <size>0xc</size>
      </object_component>
      <object_component id="oc-85c">
         <name>.cinit..bss.load</name>
         <load_address>0x3400</load_address>
         <run_address>0x3400</run_address>
         <size>0x8</size>
      </object_component>
      <object_component id="oc-85a">
         <name>.cinit..vtable_ram.load</name>
         <load_address>0x3408</load_address>
         <run_address>0x3408</run_address>
         <size>0x8</size>
      </object_component>
      <object_component id="oc-859">
         <name>__TI_cinit_table</name>
         <load_address>0x3410</load_address>
         <run_address>0x3410</run_address>
         <size>0x18</size>
      </object_component>
      <object_component id="oc-33">
         <name>.ccfg:retain</name>
         <load_address>0x57fa8</load_address>
         <run_address>0x57fa8</run_address>
         <size>0x58</size>
         <input_file_ref idref="fl-4"/>
      </object_component>
      <object_component id="oc-50d">
         <name>.vtable_ram</name>
         <uninitialized>true</uninitialized>
         <run_address>0x20004600</run_address>
         <size>0xd8</size>
         <input_file_ref idref="fl-24"/>
      </object_component>
      <object_component id="oc-1f5">
         <name>.data</name>
         <load_address>0x20004578</load_address>
         <run_address>0x20004578</run_address>
         <size>0x4</size>
         <input_file_ref idref="fl-3"/>
      </object_component>
      <object_component id="oc-30d">
         <name>.data</name>
         <load_address>0x2000457f</load_address>
         <run_address>0x2000457f</run_address>
         <size>0x1</size>
         <input_file_ref idref="fl-f"/>
      </object_component>
      <object_component id="oc-2ab">
         <name>.data</name>
         <load_address>0x20004560</load_address>
         <run_address>0x20004560</run_address>
         <size>0x8</size>
         <input_file_ref idref="fl-10"/>
      </object_component>
      <object_component id="oc-261">
         <name>.data:PowerCC26X2_module</name>
         <load_address>0x200042d4</load_address>
         <run_address>0x200042d4</run_address>
         <size>0x170</size>
         <input_file_ref idref="fl-11"/>
      </object_component>
      <object_component id="oc-70b">
         <name>.data</name>
         <load_address>0x20004570</load_address>
         <run_address>0x20004570</run_address>
         <size>0x4</size>
         <input_file_ref idref="fl-13"/>
      </object_component>
      <object_component id="oc-5a9">
         <name>.data</name>
         <load_address>0x2000457c</load_address>
         <run_address>0x2000457c</run_address>
         <size>0x3</size>
         <input_file_ref idref="fl-19"/>
      </object_component>
      <object_component id="oc-5a5">
         <name>.data:SemaphoreP_defaultParams</name>
         <load_address>0x20004558</load_address>
         <run_address>0x20004558</run_address>
         <size>0x8</size>
         <input_file_ref idref="fl-19"/>
      </object_component>
      <object_component id="oc-414">
         <name>.data</name>
         <load_address>0x20004580</load_address>
         <run_address>0x20004580</run_address>
         <size>0x1</size>
         <input_file_ref idref="fl-1a"/>
      </object_component>
      <object_component id="oc-337">
         <name>.data</name>
         <load_address>0x20004568</load_address>
         <run_address>0x20004568</run_address>
         <size>0x8</size>
         <input_file_ref idref="fl-1b"/>
      </object_component>
      <object_component id="oc-373">
         <name>.data:ClockP_defaultParams</name>
         <load_address>0x20004540</load_address>
         <run_address>0x20004540</run_address>
         <size>0xc</size>
         <input_file_ref idref="fl-1b"/>
      </object_component>
      <object_component id="oc-65c">
         <name>.data</name>
         <load_address>0x20004581</load_address>
         <run_address>0x20004581</run_address>
         <size>0x1</size>
         <input_file_ref idref="fl-1c"/>
      </object_component>
      <object_component id="oc-646">
         <name>.data:TimerP_defaultParams</name>
         <load_address>0x2000454c</load_address>
         <run_address>0x2000454c</run_address>
         <size>0xc</size>
         <input_file_ref idref="fl-1c"/>
      </object_component>
      <object_component id="oc-37e">
         <name>.data:HwiP_dispatchTable</name>
         <load_address>0x20004444</load_address>
         <run_address>0x20004444</run_address>
         <size>0xd8</size>
         <input_file_ref idref="fl-1d"/>
      </object_component>
      <object_component id="oc-387">
         <name>.data</name>
         <load_address>0x20004574</load_address>
         <run_address>0x20004574</run_address>
         <size>0x4</size>
         <input_file_ref idref="fl-1d"/>
      </object_component>
      <object_component id="oc-568">
         <name>.data:$O1$$</name>
         <load_address>0x2000451c</load_address>
         <run_address>0x2000451c</run_address>
         <size>0x24</size>
         <input_file_ref idref="fl-25"/>
      </object_component>
      <object_component id="oc-2b1">
         <name>.bss</name>
         <uninitialized>true</uninitialized>
         <run_address>0x200042c4</run_address>
         <size>0x4</size>
         <input_file_ref idref="fl-10"/>
      </object_component>
      <object_component id="oc-2ae">
         <name>.bss:pinGpioConfigTable</name>
         <uninitialized>true</uninitialized>
         <run_address>0x2000420c</run_address>
         <size>0x20</size>
         <input_file_ref idref="fl-10"/>
      </object_component>
      <object_component id="oc-2b7">
         <name>.bss:pinHwi</name>
         <uninitialized>true</uninitialized>
         <run_address>0x20004284</run_address>
         <size>0x1c</size>
         <input_file_ref idref="fl-10"/>
      </object_component>
      <object_component id="oc-2c0">
         <name>.bss:pinSwi</name>
         <uninitialized>true</uninitialized>
         <run_address>0x200041b8</run_address>
         <size>0x34</size>
         <input_file_ref idref="fl-10"/>
      </object_component>
      <object_component id="oc-2c9">
         <name>.bss:pinSemaphore</name>
         <uninitialized>true</uninitialized>
         <run_address>0x2000411c</run_address>
         <size>0x50</size>
         <input_file_ref idref="fl-10"/>
      </object_component>
      <object_component id="oc-729">
         <name>.bss:pinState</name>
         <uninitialized>true</uninitialized>
         <run_address>0x200042b0</run_address>
         <size>0xc</size>
         <input_file_ref idref="fl-13"/>
      </object_component>
      <object_component id="oc-41a">
         <name>.bss</name>
         <uninitialized>true</uninitialized>
         <run_address>0x200042a0</run_address>
         <size>0xd</size>
         <input_file_ref idref="fl-1a"/>
      </object_component>
      <object_component id="oc-41d">
         <name>.bss:SwiP_hwiStruct</name>
         <uninitialized>true</uninitialized>
         <run_address>0x2000424c</run_address>
         <size>0x1c</size>
         <input_file_ref idref="fl-1a"/>
      </object_component>
      <object_component id="oc-417">
         <name>.bss:SwiP_readyList</name>
         <uninitialized>true</uninitialized>
         <run_address>0x200041ec</run_address>
         <size>0x20</size>
         <input_file_ref idref="fl-1a"/>
      </object_component>
      <object_component id="oc-331">
         <name>.bss:ClockP_module</name>
         <uninitialized>true</uninitialized>
         <run_address>0x20004000</run_address>
         <size>0xa0</size>
         <input_file_ref idref="fl-1b"/>
      </object_component>
      <object_component id="oc-4bf">
         <name>.bss:timerFreq</name>
         <uninitialized>true</uninitialized>
         <run_address>0x200042bc</run_address>
         <size>0x8</size>
         <input_file_ref idref="fl-1b"/>
      </object_component>
      <object_component id="oc-334">
         <name>.bss</name>
         <uninitialized>true</uninitialized>
         <run_address>0x200042c8</run_address>
         <size>0x4</size>
         <input_file_ref idref="fl-1b"/>
      </object_component>
      <object_component id="oc-668">
         <name>.bss</name>
         <uninitialized>true</uninitialized>
         <run_address>0x200042d0</run_address>
         <size>0x4</size>
         <input_file_ref idref="fl-1c"/>
      </object_component>
      <object_component id="oc-65f">
         <name>.bss:TimerP_hwiStruct</name>
         <uninitialized>true</uninitialized>
         <run_address>0x20004268</run_address>
         <size>0x1c</size>
         <input_file_ref idref="fl-1c"/>
      </object_component>
      <object_component id="oc-79d">
         <name>.bss</name>
         <uninitialized>true</uninitialized>
         <run_address>0x200042cc</run_address>
         <size>0x4</size>
         <input_file_ref idref="fl-1e"/>
      </object_component>
      <object_component id="oc-491">
         <name>.common:pwmTimerCC26XXObjects</name>
         <uninitialized>true</uninitialized>
         <run_address>0x2000422c</run_address>
         <size>0x20</size>
      </object_component>
      <object_component id="oc-816">
         <name>.common:gptimerCC26XXObjects</name>
         <uninitialized>true</uninitialized>
         <run_address>0x2000416c</run_address>
         <size>0x4c</size>
      </object_component>
      <object_component id="oc-2cc">
         <name>.common:pinHandleTable</name>
         <uninitialized>true</uninitialized>
         <run_address>0x200040a0</run_address>
         <size>0x7c</size>
      </object_component>
      <object_component id="oc-25e">
         <name>.common:driverlib_release_0_59848</name>
         <uninitialized>true</uninitialized>
         <run_address>0x200042ad</run_address>
         <size>0x1</size>
      </object_component>
      <object_component id="oc-36">
         <name>.sysmem</name>
         <uninitialized>true</uninitialized>
         <run_address>0x20000000</run_address>
         <size>0x10</size>
         <input_file_ref idref="fl-e8"/>
      </object_component>
      <object_component id="oc-85f">
         <name>.sysmem</name>
         <uninitialized>true</uninitialized>
         <run_address>0x20000000</run_address>
         <size>0x0</size>
      </object_component>
      <object_component id="oc-39">
         <name>.stack</name>
         <uninitialized>true</uninitialized>
         <run_address>0x20013c00</run_address>
         <size>0x4</size>
         <input_file_ref idref="fl-e9"/>
      </object_component>
      <object_component id="oc-85e">
         <name>.stack</name>
         <uninitialized>true</uninitialized>
         <run_address>0x20013c00</run_address>
         <size>0x0</size>
      </object_component>
      <object_component id="oc-fd">
         <name>.debug_info</name>
         <load_address>0x0</load_address>
         <run_address>0x0</run_address>
         <size>0x320</size>
         <input_file_ref idref="fl-2"/>
      </object_component>
      <object_component id="oc-12f">
         <name>.debug_info</name>
         <load_address>0x320</load_address>
         <run_address>0x320</run_address>
         <size>0x18a</size>
         <input_file_ref idref="fl-2"/>
      </object_component>
      <object_component id="oc-9a">
         <name>.debug_info</name>
         <load_address>0x4aa</load_address>
         <run_address>0x4aa</run_address>
         <size>0x26b</size>
         <input_file_ref idref="fl-2"/>
      </object_component>
      <object_component id="oc-57">
         <name>.debug_info</name>
         <load_address>0x715</load_address>
         <run_address>0x715</run_address>
         <size>0x84</size>
         <input_file_ref idref="fl-2"/>
      </object_component>
      <object_component id="oc-f8">
         <name>.debug_info</name>
         <load_address>0x799</load_address>
         <run_address>0x799</run_address>
         <size>0x2a4</size>
         <input_file_ref idref="fl-2"/>
      </object_component>
      <object_component id="oc-265">
         <name>.debug_info</name>
         <load_address>0xa3d</load_address>
         <run_address>0xa3d</run_address>
         <size>0xef</size>
         <input_file_ref idref="fl-2"/>
      </object_component>
      <object_component id="oc-90">
         <name>.debug_info</name>
         <load_address>0xb2c</load_address>
         <run_address>0xb2c</run_address>
         <size>0xbb</size>
         <input_file_ref idref="fl-2"/>
      </object_component>
[...]
         <name>GPTimerCC26XX_getValue</name>
         <value>0x3233</value>
         <object_component_ref idref="oc-747"/>
      </symbol>
      <symbol id="sm-637">
         <name>GPTimerCC26XX_start</name>
         <value>0x2391</value>
         <object_component_ref idref="oc-753"/>
      </symbol>
      <symbol id="sm-638">
         <name>GPTimerCC26XX_setLoadValue</name>
         <value>0x3215</value>
         <object_component_ref idref="oc-740"/>
      </symbol>
      <symbol id="sm-639">
         <name>GPTimerCC26XX_stop</name>
         <value>0x2155</value>
         <object_component_ref idref="oc-74d"/>
      </symbol>
      <symbol id="sm-63a">
         <name>GPTimerCC26XX_Params_init</name>
         <value>0x3091</value>
         <object_component_ref idref="oc-717"/>
      </symbol>
      <symbol id="sm-63b">
         <name>GPTimerCC26XX_setMatchValue</name>
         <value>0x321d</value>
         <object_component_ref idref="oc-733"/>
      </symbol>
      <symbol id="sm-63c">
         <name>GPTimerCC26XX_open</name>
         <value>0x1729</value>
         <object_component_ref idref="oc-71d"/>
      </symbol>
      <symbol id="sm-63d">
         <name>GPTimerCC26XX_configureDebugStall</name>
         <value>0x295d</value>
         <object_component_ref idref="oc-70f"/>
      </symbol>
      <symbol id="sm-63e">
         <name>GPTimerCC26XX_close</name>
         <value>0x2a61</value>
         <object_component_ref idref="oc-705"/>
      </symbol>
      <symbol id="sm-6b3">
         <name>SemaphoreP_defaultParams</name>
         <value>0x20004558</value>
         <object_component_ref idref="oc-5a5"/>
      </symbol>
      <symbol id="sm-6b4">
         <name>SemaphoreP_construct</name>
         <value>0x22a9</value>
         <object_component_ref idref="oc-3f9"/>
      </symbol>
      <symbol id="sm-6b5">
         <name>SemaphoreP_destruct</name>
         <value>0x2f43</value>
         <object_component_ref idref="oc-4c9"/>
      </symbol>
      <symbol id="sm-6b6">
         <name>SemaphoreP_post</name>
         <value>0x2615</value>
         <object_component_ref idref="oc-466"/>
      </symbol>
      <symbol id="sm-6b7">
         <name>SemaphoreP_pend</name>
         <value>0x1385</value>
         <object_component_ref idref="oc-45a"/>
      </symbol>
      <symbol id="sm-6b8">
         <name>SemaphoreP_constructBinary</name>
         <value>0x2e31</value>
         <object_component_ref idref="oc-287"/>
      </symbol>
      <symbol id="sm-6b9">
         <name>SemaphoreP_Params_init</name>
         <value>0x3139</value>
         <object_component_ref idref="oc-3f3"/>
      </symbol>
      <symbol id="sm-6ba">
         <name>clkFxn</name>
         <value>0x30c7</value>
         <object_component_ref idref="oc-5f5"/>
      </symbol>
      <symbol id="sm-770">
         <name>SwiP_disable</name>
         <value>0x2ea5</value>
         <object_component_ref idref="oc-797"/>
      </symbol>
      <symbol id="sm-771">
         <name>SwiP_restore</name>
         <value>0x2659</value>
         <object_component_ref idref="oc-7a1"/>
      </symbol>
      <symbol id="sm-772">
         <name>SwiP_or</name>
         <value>0x2e4f</value>
         <object_component_ref idref="oc-431"/>
      </symbol>
      <symbol id="sm-773">
         <name>SwiP_getTrigger</name>
         <value>0x31e9</value>
         <object_component_ref idref="oc-43a"/>
      </symbol>
      <symbol id="sm-774">
         <name>SwiP_construct</name>
         <value>0xdc1</value>
         <object_component_ref idref="oc-2a5"/>
      </symbol>
      <symbol id="sm-775">
         <name>SwiP_Params_init</name>
         <value>0x3149</value>
         <object_component_ref idref="oc-29f"/>
      </symbol>
      <symbol id="sm-776">
         <name>SwiP_post</name>
         <value>0x1f65</value>
         <object_component_ref idref="oc-5d2"/>
      </symbol>
      <symbol id="sm-777">
         <name>SwiP_dispatch</name>
         <value>0x14c1</value>
         <object_component_ref idref="oc-5cb"/>
      </symbol>
      <symbol id="sm-87a">
         <name>ClockP_doTick</name>
         <value>0x3195</value>
         <object_component_ref idref="oc-4b9"/>
      </symbol>
      <symbol id="sm-87b">
         <name>ClockP_setTimeout</name>
         <value>0x3253</value>
         <object_component_ref idref="oc-542"/>
      </symbol>
      <symbol id="sm-87c">
         <name>ClockP_startup</name>
         <value>0x10cd</value>
         <object_component_ref idref="oc-31f"/>
      </symbol>
      <symbol id="sm-87d">
         <name>ClockP_stop</name>
         <value>0x322d</value>
         <object_component_ref idref="oc-54e"/>
      </symbol>
      <symbol id="sm-87e">
         <name>ClockP_construct</name>
         <value>0x2429</value>
         <object_component_ref idref="oc-225"/>
      </symbol>
      <symbol id="sm-87f">
         <name>ClockP_scheduleNextTick</name>
         <value>0x2c7d</value>
         <object_component_ref idref="oc-4fe"/>
      </symbol>
      <symbol id="sm-880">
         <name>ClockP_getTicksUntilInterrupt</name>
         <value>0x28f5</value>
         <object_component_ref idref="oc-536"/>
      </symbol>
      <symbol id="sm-881">
         <name>ClockP_tickPeriod</name>
         <value>0x2000456c</value>
         <object_component_ref idref="oc-337"/>
      </symbol>
      <symbol id="sm-882">
         <name>ClockP_Params_init</name>
         <value>0x30c9</value>
         <object_component_ref idref="oc-22b"/>
      </symbol>
      <symbol id="sm-883">
         <name>ClockP_usleep</name>
         <value>0x1e95</value>
         <object_component_ref idref="oc-1ef"/>
      </symbol>
      <symbol id="sm-884">
         <name>ClockP_workFuncDynamic</name>
         <value>0x1181</value>
         <object_component_ref idref="oc-4b3"/>
      </symbol>
      <symbol id="sm-885">
         <name>ClockP_walkQueueDynamic</name>
         <value>0x1c59</value>
         <object_component_ref idref="oc-66e"/>
      </symbol>
      <symbol id="sm-886">
         <name>ClockP_destruct</name>
         <value>0x2f2b</value>
         <object_component_ref idref="oc-5ef"/>
      </symbol>
      <symbol id="sm-887">
         <name>ClockP_start</name>
         <value>0x1ad9</value>
         <object_component_ref idref="oc-36d"/>
      </symbol>
      <symbol id="sm-888">
         <name>ClockP_isActive</name>
         <value>0x324f</value>
         <object_component_ref idref="oc-5e9"/>
      </symbol>
      <symbol id="sm-889">
         <name>ClockP_getSystemTickPeriod</name>
         <value>0x31a1</value>
         <object_component_ref idref="oc-21f"/>
      </symbol>
      <symbol id="sm-88a">
         <name>ClockP_getCpuFreq</name>
         <value>0x30d9</value>
         <object_component_ref idref="oc-7e6"/>
      </symbol>
      <symbol id="sm-88b">
         <name>ClockP_getTicks</name>
         <value>0x2c59</value>
         <object_component_ref idref="oc-504"/>
      </symbol>
      <symbol id="sm-88c">
         <name>ClockP_add</name>
         <value>0x2d75</value>
         <object_component_ref idref="oc-5dd"/>
      </symbol>
      <symbol id="sm-933">
         <name>TimerP_setNextTick</name>
         <value>0x28bd</value>
         <object_component_ref idref="oc-681"/>
      </symbol>
      <symbol id="sm-934">
         <name>TimerP_getCurrentTick</name>
         <value>0x2815</value>
         <object_component_ref idref="oc-4f8"/>
      </symbol>
      <symbol id="sm-935">
         <name>TimerP_getCount64</name>
         <value>0x3069</value>
         <object_component_ref idref="oc-325"/>
      </symbol>
      <symbol id="sm-936">
         <name>TimerP_setThreshold</name>
         <value>0x2c05</value>
         <object_component_ref idref="oc-790"/>
      </symbol>
      <symbol id="sm-937">
         <name>TimerP_dynamicStub</name>
         <value>0x2dd5</value>
         <object_component_ref idref="oc-662"/>
      </symbol>
      <symbol id="sm-938">
         <name>TimerP_getMaxTicks</name>
         <value>0x2ce9</value>
         <object_component_ref idref="oc-4a7"/>
      </symbol>
      <symbol id="sm-939">
         <name>TimerP_construct</name>
         <value>0xf59</value>
         <object_component_ref idref="oc-4a1"/>
      </symbol>
      <symbol id="sm-93a">
         <name>TimerP_getFreq</name>
         <value>0x31f5</value>
         <object_component_ref idref="oc-4ad"/>
      </symbol>
      <symbol id="sm-93b">
         <name>TimerP_initDevice</name>
         <value>0x284d</value>
         <object_component_ref idref="oc-64b"/>
      </symbol>
      <symbol id="sm-93c">
         <name>TimerP_startup</name>
         <value>0x2f8d</value>
         <object_component_ref idref="oc-656"/>
      </symbol>
      <symbol id="sm-93d">
         <name>TimerP_start</name>
         <value>0x1fcd</value>
         <object_component_ref idref="oc-774"/>
      </symbol>
      <symbol id="sm-93e">
         <name>TimerP_Params_init</name>
         <value>0x3159</value>
         <object_component_ref idref="oc-49b"/>
      </symbol>
      <symbol id="sm-9a9">
         <name>HwiP_construct</name>
         <value>0x1b59</value>
         <object_component_ref idref="oc-231"/>
      </symbol>
      <symbol id="sm-9aa">
         <name>HwiP_inISR</name>
         <value>0x2f45</value>
         <object_component_ref idref="oc-5fd"/>
      </symbol>
      <symbol id="sm-9ab">
         <name>HwiP_swiPIntNum</name>
         <value>0x20004574</value>
         <object_component_ref idref="oc-387"/>
      </symbol>
      <symbol id="sm-9ac">
         <name>HwiP_Params_init</name>
         <value>0x30a3</value>
         <object_component_ref idref="oc-299"/>
      </symbol>
      <symbol id="sm-9ad">
         <name>HwiP_disable</name>
         <value>0x30e9</value>
         <object_component_ref idref="oc-301"/>
      </symbol>
      <symbol id="sm-9ae">
         <name>HwiP_post</name>
         <value>0x30f9</value>
         <object_component_ref idref="oc-6f1"/>
      </symbol>
      <symbol id="sm-9af">
         <name>HwiP_enable</name>
         <value>0x3257</value>
         <object_component_ref idref="oc-15d"/>
      </symbol>
      <symbol id="sm-9b0">
         <name>HwiP_restore</name>
         <value>0x3225</value>
         <object_component_ref idref="oc-307"/>
      </symbol>
      <symbol id="sm-9ea">
         <name>PowerCC26XX_schedulerDisable</name>
         <value>0x3119</value>
         <object_component_ref idref="oc-691"/>
      </symbol>
      <symbol id="sm-9eb">
         <name>PowerCC26XX_schedulerRestore</name>
         <value>0x31c5</value>
         <object_component_ref idref="oc-697"/>
      </symbol>
      <symbol id="sm-9ec">
         <name>PowerCC26XX_standbyPolicy</name>
         <value>0xc05</value>
         <object_component_ref idref="oc-38e"/>
      </symbol>
      <symbol id="sm-a1d">
         <name>resetISR</name>
         <value>0x307d</value>
         <object_component_ref idref="oc-2d"/>
      </symbol>
      <symbol id="sm-a1e">
         <name>g_pfnVectors</name>
         <value>0x0</value>
         <object_component_ref idref="oc-1d"/>
      </symbol>
      <symbol id="sm-a5b">
         <name>QueueP_next</name>
         <value>0x325f</value>
         <object_component_ref idref="oc-788"/>
      </symbol>
      <symbol id="sm-a5c">
         <name>QueueP_put</name>
         <value>0x2db5</value>
         <object_component_ref idref="oc-367"/>
      </symbol>
      <symbol id="sm-a5d">
         <name>QueueP_remove</name>
         <value>0x3177</value>
         <object_component_ref idref="oc-6fb"/>
      </symbol>
      <symbol id="sm-a5e">
         <name>QueueP_head</name>
         <value>0x325b</value>
         <object_component_ref idref="oc-782"/>
      </symbol>
      <symbol id="sm-a5f">
         <name>QueueP_init</name>
         <value>0x323f</value>
         <object_component_ref idref="oc-40e"/>
      </symbol>
      <symbol id="sm-a60">
         <name>QueueP_empty</name>
         <value>0x3169</value>
         <object_component_ref idref="oc-6ea"/>
      </symbol>
      <symbol id="sm-a61">
         <name>QueueP_get</name>
         <value>0x2f11</value>
         <object_component_ref idref="oc-6e4"/>
      </symbol>
      <symbol id="sm-ab1">
         <name>NOROM_ChipInfo_GetChipType</name>
         <value>0x1e29</value>
         <object_component_ref idref="oc-26f"/>
      </symbol>
      <symbol id="sm-ab2">
         <name>NOROM_ChipInfo_GetHwRevision</name>
         <value>0x2549</value>
         <object_component_ref idref="oc-118"/>
      </symbol>
      <symbol id="sm-ab3">
         <name>NOROM_ChipInfo_GetChipFamily</name>
         <value>0x2e6d</value>
         <object_component_ref idref="oc-112"/>
      </symbol>
      <symbol id="sm-ab4">
         <name>NOROM_ChipInfo_GetPackageType</name>
         <value>0x2f5d</value>
         <object_component_ref idref="oc-275"/>
      </symbol>
      <symbol id="sm-ab5">
         <name>NOROM_ThisLibraryIsFor_CC13x2_CC26x2_HwRev20AndLater_HaltIfViolated</name>
         <value>0x2fed</value>
         <object_component_ref idref="oc-c0"/>
      </symbol>
      <symbol id="sm-ac9">
         <name>NOROM_CPUdelay</name>
         <value>0x3239</value>
         <object_component_ref idref="oc-455"/>
      </symbol>
      <symbol id="sm-aca">
         <name>NOROM_CPUcpsie</name>
         <value>0x31b9</value>
         <object_component_ref idref="oc-1ca"/>
      </symbol>
      <symbol id="sm-acb">
         <name>NOROM_CPUcpsid</name>
         <value>0x31ad</value>
         <object_component_ref idref="oc-74"/>
      </symbol>
      <symbol id="sm-ad1">
         <name>driverlib_release_0_59848</name>
         <value>0x200042ad</value>
      </symbol>
      <symbol id="sm-ae9">
         <name>NOROM_IntRegister</name>
         <value>0x29c5</value>
         <object_component_ref idref="oc-378"/>
      </symbol>
      <symbol id="sm-aea">
         <name>g_pfnRAMVectors</name>
         <value>0x20004600</value>
         <object_component_ref idref="oc-50d"/>
      </symbol>
      <symbol id="sm-b38">
         <name>NOROM_OSCHF_TurnOnXosc</name>
         <value>0x2cc5</value>
         <object_component_ref idref="oc-39c"/>
      </symbol>
      <symbol id="sm-b39">
         <name>NOROM_OSCHF_AttemptToSwitchToXosc</name>
         <value>0x17b1</value>
         <object_component_ref idref="oc-56c"/>
      </symbol>
      <symbol id="sm-b3a">
         <name>_hposcCoeffs</name>
         <value>0x2000451c</value>
         <object_component_ref idref="oc-568"/>
      </symbol>
      <symbol id="sm-b3b">
         <name>NOROM_OSCHF_SwitchToRcOscTurnOffXosc</name>
         <value>0x1efd</value>
         <object_component_ref idref="oc-598"/>
      </symbol>
      <symbol id="sm-b3c">
         <name>NOROM_OSC_HPOSCRelativeFrequencyOffsetGet</name>
         <value>0x2721</value>
         <object_component_ref idref="oc-583"/>
      </symbol>
      <symbol id="sm-b5e">
         <name>NOROM_PRCMPowerDomainsAllOn</name>
         <value>0x23dd</value>
         <object_component_ref idref="oc-3e9"/>
      </symbol>
      <symbol id="sm-b5f">
         <name>NOROM_PRCMPowerDomainsAllOff</name>
         <value>0x2205</value>
         <object_component_ref idref="oc-7af"/>
      </symbol>
      <symbol id="sm-b8d">
         <name>NOROM_SetupTrimDevice</name>
         <value>0x15f9</value>
         <object_component_ref idref="oc-7a"/>
      </symbol>
      <symbol id="sm-bc7">
         <name>NOROM_SysCtrlSetRechargeBeforePowerDown</name>
         <value>0x1bd9</value>
         <object_component_ref idref="oc-7a9"/>
      </symbol>
      <symbol id="sm-bc8">
         <name>NOROM_SysCtrlIdle</name>
         <value>0x29f9</value>
         <object_component_ref idref="oc-554"/>
      </symbol>
      <symbol id="sm-bc9">
         <name>NOROM_SysCtrlStandby</name>
         <value>0xb15</value>
         <object_component_ref idref="oc-6a3"/>
      </symbol>
      <symbol id="sm-be6">
         <name>NOROM_AUXSYSIFOpModeChange</name>
         <value>0x2991</value>
         <object_component_ref idref="oc-11f"/>
      </symbol>
      <symbol id="sm-bf0">
         <name>__aeabi_lmul</name>
         <value>0x2fbd</value>
         <object_component_ref idref="oc-67b"/>
      </symbol>
      <symbol id="sm-c0b">
         <name>memcpy</name>
         <value>0x155d</value>
         <object_component_ref idref="oc-5c"/>
      </symbol>
      <symbol id="sm-c0c">
         <name>__aeabi_memcpy</name>
         <value>0x155d</value>
         <object_component_ref idref="oc-5c"/>
      </symbol>
      <symbol id="sm-c0d">
         <name>__aeabi_memcpy8</name>
         <value>0x155d</value>
         <object_component_ref idref="oc-5c"/>
      </symbol>
      <symbol id="sm-c0e">
         <name>__aeabi_memcpy4</name>
         <value>0x155d</value>
         <object_component_ref idref="oc-5c"/>
      </symbol>
      <symbol id="sm-c1c">
         <name>__aeabi_uldivmod</name>
         <value>0x1691</value>
         <object_component_ref idref="oc-651"/>
      </symbol>
      <symbol id="sm-c31">
         <name>__TI_zero_init_nomemset</name>
         <value>0x2ec1</value>
         <object_component_ref idref="oc-68"/>
      </symbol>
      <symbol id="sm-c48">
         <name>__TI_decompress_none</name>
         <value>0x3185</value>
         <object_component_ref idref="oc-26"/>
      </symbol>
      <symbol id="sm-c6b">
         <name>__TI_decompress_lzss</name>
         <value>0x2035</value>
         <object_component_ref idref="oc-20"/>
      </symbol>
      <symbol id="sm-c80">
         <name>_sys_memory</name>
         <value>0x20000000</value>
         <object_component_ref idref="oc-36"/>
      </symbol>
      <symbol id="sm-c93">
         <name>__stack</name>
         <value>0x20013c00</value>
         <object_component_ref idref="oc-39"/>
      </symbol>
      <symbol id="sm-c94">
         <name>_c_int00</name>
         <value>0x2b51</value>
         <object_component_ref idref="oc-df"/>
      </symbol>
      <symbol id="sm-c9e">
         <name>__aeabi_idiv0</name>
         <value>0x3279</value>
         <object_component_ref idref="oc-76e"/>
      </symbol>
      <symbol id="sm-c9f">
         <name>__aeabi_ldiv0</name>
         <value>0x3279</value>
         <object_component_ref idref="oc-76e"/>
      </symbol>
      <symbol id="sm-cc7">
         <name>__TI_auto_init_nobinit_nopinit</name>
         <value>0x269d</value>
         <object_component_ref idref="oc-176"/>
      </symbol>
      <symbol id="sm-cd1">
         <name>_system_pre_init</name>
         <value>0x3263</value>
         <object_component_ref idref="oc-127"/>
      </symbol>
      <symbol id="sm-cdd">
         <name>C$$EXIT</name>
         <value>0x3267</value>
         <object_component_ref idref="oc-16a"/>
      </symbol>
      <symbol id="sm-cde">
         <name>abort</name>
         <value>0x3267</value>
         <object_component_ref idref="oc-16a"/>
      </symbol>
      <symbol id="sm-cf3">
         <name>_args_main</name>
         <value>0x2fa5</value>
         <object_component_ref idref="oc-137"/>
      </symbol>
      <symbol id="sm-cf4">
         <name>__TI_static_base__</name>
         <value>0x0</value>
      </symbol>
      <symbol id="sm-cf7">
         <name>ITM_flush</name>
         <value>0x0</value>
      </symbol>
      <symbol id="sm-cf8">
         <name>ITM_restore</name>
         <value>0x0</value>
      </symbol>
      <symbol id="sm-cf9">
         <name>__mpu_init</name>
         <value>0x0</value>
      </symbol>
      <symbol id="sm-cfa">
         <name>_system_post_cinit</name>
         <value>0x0</value>
      </symbol>
      <symbol id="sm-cfb">
         <name>usleep</name>
         <value>0x1e95</value>
      </symbol>
      <symbol id="sm-cfc">
         <name>NoRTOS_start</name>
         <value>0x3257</value>
      </symbol>
   </symbol_table>
   <title>Link successful</title>
</link_info>
