******************************************************************************
                  TI ARM Linker PC v20.2.4                     
******************************************************************************
>> Linked Sun Mar 14 16:28:27 2021

OUTPUT FILE NAME:   <simple_serial_socket_server_app_CC26X2R1_LAUNCHXL_tirtos_ccs.out>
ENTRY POINT SYMBOL: "ResetISR"  address: 00012671


MEMORY CONFIGURATION

         name            origin    length      used     unused   attr    fill
----------------------  --------  ---------  --------  --------  ----  --------
  FLASH                 00000000   00056000  0001ebc1  0003743f  R  X
  FLASH_LAST_PAGE       00056000   00002000  00000058  00001fa8  R  X
  RTOS_SRAM             20000000   0000012c  000000e4  00000048  RW X
  SRAM                  20000fdf   00013021  00002a48  000105d9  RW X


SEGMENT ALLOCATION MAP

run origin  load origin   length   init length attrs members
----------  ----------- ---------- ----------- ----- -------
00000000    00000000    0001abc8   0001abc8    r-x
  00000000    00000000    0000003c   0000003c    r-- .resetVecs
  0000003c    0000003c    0001822c   0001822c    r-x .text
  00018268    00018268    00002255   00002255    r-- .const
  0001a4c0    0001a4c0    00000144   00000144    r-- .rodata
  0001a608    0001a608    000005c0   000005c0    r-- .cinit
00048000    00048000    00004000   00000000    rw-
  00048000    00048000    00004000   00000000    rw- .TI.bound:flashBuf0
00057fa8    00057fa8    00000058   00000058    r--
  00057fa8    00057fa8    00000058   00000058    r-- .ccfg
20000100    20000100    0000000c   00000000    rw-
  20000100    20000100    00000004   00000000    rw- .data:xdcRomConstPtr
  20000104    20000104    00000004   00000000    rw- .data:xdcRomExternFuncPtr
  20000108    20000108    00000004   00000000    rw- .data:xdcRomStatePtr
20000fe0    20000fe0    00002648   00000000    rw-
  20000fe0    20000fe0    00001763   00000000    rw- .data
  20002748    20002748    00000ee0   00000000    rw- .bss
20013c00    20013c00    00000400   00000000    rw-
  20013c00    20013c00    00000400   00000000    rw- .stack


SECTION ALLOCATION MAP

 output                                  attributes/
section   page    origin      length       input sections
--------  ----  ----------  ----------   ----------------
.cinit     0    0001a608    000005c0     
                  0001a608    00000569     (.cinit..data.load) [load image, compression = lzss]
                  0001ab71    00000003     --HOLE-- [fill = 0]
                  0001ab74    0000000c     (__TI_handler_table)
                  0001ab80    00000008     (.cinit..bss.load) [load image, compression = zero_init]
                  0001ab88    00000008     (.cinit..data:xdcRomConstPtr.load) [load image, compression = lzss]
                  0001ab90    00000008     (.cinit..data:xdcRomExternFuncPtr.load) [load image, compression = lzss]
                  0001ab98    00000008     (.cinit..data:xdcRomStatePtr.load) [load image, compression = lzss]
                  0001aba0    00000028     (__TI_cinit_table)

.init_array 
*          0    00000000    00000000     UNINITIALIZED

.ccfg      0    00057fa8    00000058     
                  00057fa8    00000058     ti_devices_config.obj (.ccfg:retain)

.data:xdcRomConstPtr 
*          0    20000100    00000004     UNINITIALIZED
                  20000100    00000004     simple_serial_socket_server_app_pem4f.oem4f (.data:xdcRomConstPtr)

.data:xdcRomExternFuncPtr 
*          0    20000104    00000004     UNINITIALIZED
                  20000104    00000004     simple_serial_socket_server_app_pem4f.oem4f (.data:xdcRomExternFuncPtr)

.data:xdcRomStatePtr 
*          0    20000108    00000004     UNINITIALIZED
                  20000108    00000004     simple_serial_socket_server_app_pem4f.oem4f (.data:xdcRomStatePtr)

.data      0    20000fe0    00001763     UNINITIALIZED
                  20000fe0    000004f8     rf_multiMode_cc26x2.aem4f : RFCC26X2_multiMode.c.cc26x2.ccs.o (.data:$O1$$)
                  200014d8    00000424     simple_serial_socket_server.obj (.data:$O2$$)
                  200018fc    000001d4     devinfoservice.obj (.data:$O5$$)
                  20001ad0    00000170     drivers_cc26x2.aem4f : PowerCC26X2.oem4f (.data:PowerCC26X2_module)
                  20001c40    0000010c     simple_serial_socket_server_app_pem4f.oem4f (.data:ROM_stateStruct)
                  20001d4c    000000f4     StackWrapper.a : gapbondmgr.o (.data)
                  20001e40    000000b4     ti_ble_config.obj (.data:$O1$$)
                  20001ef4    000000b0     OneLib.a : gapgattserver.o (.data)
                  20001fa4    0000009c     icall.obj (.data:$O9$$)
                  20002040    00000088     rom_sysbios.aem4f : rom_sysbios.obj (.data:$O1$$)
                  200020c8    00000074     simple_stream_profile_server.obj (.data:$O7$$)
                  2000213c    00000064     OneLib.a : ll_config.o (.data)
                  200021a0    00000060     nvocmp.obj (.data:$O4$$)
                  20002200    00000054     ti_radio_config.obj (.data:pOverrides_bleCommon)
                  20002254    00000054     simple_serial_socket_server_app_pem4f.oem4f (.data:ti_sysbios_gates_GateMutex_Object__table__V)
                  200022a8    00000050     ti_radio_config.obj (.data:txPowerTable_2400_pa5)
                  200022f8    0000004c     simple_serial_socket_server_app_pem4f.oem4f (.data:ti_sysbios_knl_Task_Object__table__V)
                  20002344    00000004     OneLib.a : ll_slave_end_causes.o (.data)
                  20002348    00000048     simple_serial_socket_server_app_pem4f.oem4f (.data:ti_sysbios_family_arm_cc26xx_Timer_Object__table__V)
                  20002390    00000040     OneLib.a : gattservapp.o (.data)
                  200023d0    00000040     ble_user_config.obj (.data:eccParams_NISTP256)
                  20002410    0000003c     icall_user_config.obj (.data:nvintfFncStruct)
                  2000244c    00000030     simple_serial_socket_server_app_pem4f.oem4f (.data:ti_sysbios_knl_Swi_Module_State_0_readyQ__A)
                  2000247c    00000030     simple_serial_socket_server_app_pem4f.oem4f (.data:ti_sysbios_knl_Swi_Object__table__V)
                  200024ac    00000030     simple_serial_socket_server_app_pem4f.oem4f (.data:ti_sysbios_knl_Task_Module_State_0_readyQ__A)
                  200024dc    00000024     driverlib.lib : osc.obj (.data:$O15$$)
                  20002500    00000020     drivers_cc26x2.aem4f : TRNGCC26XX.oem4f (.data:entropyPoolBuffer)
                  20002520    00000020     simple_serial_socket_server_app_pem4f.oem4f (.data:ti_sysbios_knl_Clock_Object__table__V)
                  20002540    00000020     simple_serial_socket_server_app_pem4f.oem4f (.data:xdc_runtime_Error_IgnoreBlock)
                  20002560    00000018     simple_serial_socket_server_app_pem4f.oem4f (.data:ti_sysbios_family_arm_m3_Hwi_Object__table__V)
                  20002578    00000014     StackWrapper.a : osal.o (.data)
                  2000258c    00000010     OneLib.a : gattservapp.o (.data)
                  2000259c    00000010              : ll.o (.data)
                  200025ac    00000010              : ll_data.o (.data)
                  200025bc    00000010     icall_user_config.obj (.data:bleAppServiceInfoTable)
                  200025cc    00000010     ti_drivers_config.obj (.data:gpioCallbackFunctions)
                  200025dc    00000010     ti_drivers_config.obj (.data:gpioPinConfigs)
                  200025ec    00000010     ti_radio_config.obj (.data:pOverrides_ble2Mbps)
                  200025fc    00000010     ti_radio_config.obj (.data:pOverrides_bleCoded)
                  2000260c    00000010     main.obj (.data:user0Cfg)
                  2000261c    0000000c     ti_radio_config.obj (.data:pOverrides_ble1Mbps)
                  20002628    0000000c     simple_serial_socket_server_app_pem4f.oem4f (.data:ti_sysbios_heaps_HeapCallback_Object__table__V)
                  20002634    00000009     devinfoservice.obj (.data)
                  2000263d    00000001     OneLib.a : gapgattserver.o (.data)
                  2000263e    00000002              : ll_config.o (.data)
                  20002640    00000008     icall_cc2650.obj (.data:$O11$$)
                  20002648    00000008     ble_user_config.obj (.data:$O12$$)
                  20002650    00000008     icall_api_lite.obj (.data:$O13$$)
                  20002658    00000008     rtsv7M4_T_le_v4SPD16_eabi.lib : _lock.c.obj (.data:$O18$$)
                  20002660    00000008     OneLib.a : gapgattserver.o (.data)
                  20002668    00000008     rf_multiMode_cc26x2.aem4f : RFCC26X2_multiMode.c.cc26x2.ccs.o (.data:RFCC26XX_schedulerPolicy)
                  20002670    00000008     drivers_cc26x2.aem4f : PINCC26XX.oem4f (.data)
                  20002678    00000008     icall_api_lite.obj (.data)
                  20002680    00000008     drivers_cc26x2.aem4f : TRNGCC26XX.oem4f (.data:jobList)
                  20002688    00000008     simple_serial_socket_server_app_pem4f.oem4f (.data:ti_sysbios_family_arm_m3_Hwi_Module__root__V)
                  20002690    00000008     simple_serial_socket_server_app_pem4f.oem4f (.data:ti_sysbios_gates_GateHwi_Module__root__V)
                  20002698    00000008     simple_serial_socket_server_app_pem4f.oem4f (.data:ti_sysbios_gates_GateMutexPri_Module__root__V)
                  200026a0    00000008     simple_serial_socket_server_app_pem4f.oem4f (.data:ti_sysbios_gates_GateMutex_Module__root__V)
                  200026a8    00000008     simple_serial_socket_server_app_pem4f.oem4f (.data:ti_sysbios_hal_Hwi_Module__root__V)
                  200026b0    00000008     simple_serial_socket_server_app_pem4f.oem4f (.data:ti_sysbios_heaps_HeapCallback_Module__root__V)
                  200026b8    00000008     simple_serial_socket_server_app_pem4f.oem4f (.data:ti_sysbios_heaps_HeapMem_Module__root__V)
                  200026c0    00000008     simple_serial_socket_server_app_pem4f.oem4f (.data:ti_sysbios_knl_Clock_Module__root__V)
                  200026c8    00000008     simple_serial_socket_server_app_pem4f.oem4f (.data:ti_sysbios_knl_Event_Module__root__V)
                  200026d0    00000008     simple_serial_socket_server_app_pem4f.oem4f (.data:ti_sysbios_knl_Mailbox_Module__root__V)
                  200026d8    00000008     simple_serial_socket_server_app_pem4f.oem4f (.data:ti_sysbios_knl_Queue_Module__root__V)
                  200026e0    00000008     simple_serial_socket_server_app_pem4f.oem4f (.data:ti_sysbios_knl_Semaphore_Module__root__V)
                  200026e8    00000008     simple_serial_socket_server_app_pem4f.oem4f (.data:ti_sysbios_knl_Swi_Module__root__V)
                  200026f0    00000008     simple_serial_socket_server_app_pem4f.oem4f (.data:ti_sysbios_knl_Task_Module__root__V)
                  200026f8    00000005     drivers_cc26x2.aem4f : GPIOCC26XX.oem4f (.data)
                  200026fd    00000001     OneLib.a : gapgattserver.o (.data)
                  200026fe    00000002     StackWrapper.a : osal_cbtimer.o (.data)
                  20002700    00000004                    : hal_assert.o (.data)
                  20002704    00000004     ble_user_config_stack.obj (.data)
                  20002708    00000004     drivers_cc26x2.aem4f : PWMTimerCC26XX.oem4f (.data)
                  2000270c    00000004                          : GPIOCC26XX.oem4f (.data:gpioPinTable)
                  20002710    00000004     rtsv7M4_T_le_v4SPD16_eabi.lib : stkdepth_vars.c.obj (.data)
                  20002714    00000004     simple_serial_socket_server_app_pem4f.oem4f (.data:ti_sysbios_family_arm_m3_Hwi_Module_State_0_excContext__A)
                  20002718    00000004     simple_serial_socket_server_app_pem4f.oem4f (.data:ti_sysbios_family_arm_m3_Hwi_Module_State_0_excStack__A)
                  2000271c    00000004     simple_serial_socket_server_app_pem4f.oem4f (.data:ti_sysbios_knl_Task_Module_State_0_idleTask__A)
                  20002720    00000002     drivers_cc26x2.aem4f : CryptoResourceCC26XX.oem4f (.data)
                  20002722    00000002                          : PKAResourceCC26XX.oem4f (.data)
                  20002724    00000002                          : TRNGCC26XX.oem4f (.data)
                  20002726    00000002     simple_stream_profile_server.obj (.data)
                  20002728    00000002     simple_serial_socket_server_app_pem4f.oem4f (.data:ti_sysbios_family_arm_m3_Hwi_Module_State_0_excActive__A)
                  2000272a    00000001     OneLib.a : gapgattserver.o (.data)
                  2000272b    00000001              : gapgattserver.o (.data)
                  2000272c    00000001              : gapgattserver.o (.data)
                  2000272d    00000001              : gapgattserver.o (.data)
                  2000272e    00000001              : gattservapp.o (.data)
                  2000272f    00000001              : gattservapp.o (.data)
                  20002730    00000001              : ll.o (.data)
                  20002731    00000001              : ll_ae.o (.data)
                  20002732    00000001              : ll_data.o (.data)
                  20002733    00000001              : ll_scheduler.o (.data)
                  20002734    00000001     simple_stream_profile_server.obj (.data:SimpleStreamServer_DataInVal$11)
                  20002735    00000001     simple_stream_profile_server.obj (.data:SimpleStreamServer_DataOutVal$11)
                  20002736    00000001     StackWrapper.a : gap.o (.data)
                  20002737    00000001                    : gap.o (.data)
                  20002738    00000001                    : hal_assert.o (.data)
                  20002739    00000001     drivers_cc26x2.aem4f : AESCCMCC26XX.oem4f (.data)
                  2000273a    00000001                          : AESCTRCC26XX.oem4f (.data)
                  2000273b    00000001                          : AESCTRDRBGXX.oem4f (.data)
                  2000273c    00000001                          : AESECBCC26XX.oem4f (.data)
                  2000273d    00000001                          : ECDHCC26X2.oem4f (.data)
                  2000273e    00000001                          : NVS.oem4f (.data)
                  2000273f    00000001                          : PWM.oem4f (.data)
                  20002740    00000001                          : Timer.oem4f (.data)
                  20002741    00000001                          : UART.oem4f (.data)
                  20002742    00000001     rf_multiMode_cc26x2.aem4f : rf_patch_cpe_bt5.c.cc26x2.ccs.o (.data)

.bss       0    20002748    00000ee0     UNINITIALIZED
                  20002748    00000300     simple_serial_socket_server_app_pem4f.oem4f (.bss:taskStackSection)
                  20002a48    000001b4     (.common:uartCC26XXObjects)
                  20002bfc    000000d8     (.common:ti_sysbios_family_arm_m3_Hwi_dispatchTable)
                  20002cd4    000000b8     (.common:LEDObjects)
                  20002d8c    00000098     (.common:gptimerCC26XXObjects)
                  20002e24    00000080     ti_drivers_config.obj (.bss:displayUARTBuffer)
                  20002ea4    00000080     (.common:trngCC26XXObjects)
                  20002f24    0000007c     (.common:pinHandleTable)
                  20002fa0    00000078     StackWrapper.a : osal_cbtimer.o (.bss)
                  20003018    00000068     (.common:timerCC26XXObjects)
                  20003080    00000058     (.common:aesctrdrbgXXObjects)
                  200030d8    00000050     drivers_cc26x2.aem4f : PINCC26XX.oem4f (.bss:pinSemaphore)
                  20003128    00000050     (.common:CryptoResourceCC26XX_accessSemaphore)
                  20003178    00000050     (.common:CryptoResourceCC26XX_operationSemaphore)
                  200031c8    00000050     (.common:PKAResourceCC26XX_accessSemaphore)
                  20003218    00000050     (.common:PKAResourceCC26XX_operationSemaphore)
                  20003268    0000003c     StackWrapper.a : osal_snv_wrapper.o (.bss)
                  200032a4    00000034     drivers_cc26x2.aem4f : PINCC26XX.oem4f (.bss:pinSwi)
                  200032d8    00000024     OneLib.a : ll.o (.bss)
                  200032fc    00000020              : gattservapp.o (.bss)
                  2000331c    00000020     StackWrapper.a : gapbondmgr.o (.bss)
                  2000333c    00000020                    : gapbondmgr.o (.bss)
                  2000335c    00000020     drivers_cc26x2.aem4f : GPIOCC26XX.oem4f (.bss:gpioCallbackInfo)
                  2000337c    00000020                          : PINCC26XX.oem4f (.bss:pinGpioConfigTable)
                  2000339c    00000020     ti_drivers_config.obj (.bss:uartCC26XXRingBuffer0)
                  200033bc    00000020     (.common:ecdhCC26X2Objects)
                  200033dc    00000020     (.common:pwmTimerCC26XXObjects)
                  200033fc    0000001c     drivers_cc26x2.aem4f : TRNGCC26XX.oem4f (.bss:TRNGCC26XX_hwi)
                  20003418    0000001c                          : TRNGCC26XX.oem4f (.bss:entropyPool)
                  20003434    0000001c                          : PINCC26XX.oem4f (.bss:pinHwi)
                  20003450    0000001c     (.common:CryptoResourceCC26XX_hwi)
                  2000346c    0000001c     (.common:PKAResourceCC26XX_hwi)
                  20003488    00000018     OneLib.a : gapgattserver.o (.bss)
                  200034a0    00000018              : ll_common.o (.bss)
                  200034b8    00000018     (.common:aesccmCC26XXObjects)
                  200034d0    00000018     (.common:aesctrCC26XXObjects)
                  200034e8    00000018     (.common:aesecbCC26XXObjects)
                  20003500    00000014     rf_multiMode_cc26x2.aem4f : RFCC26X2_multiMode.c.cc26x2.ccs.o (.bss:RF_ratSyncCmd)
                  20003514    00000014     drivers_cc26x2.aem4f : Random.oem4f (.bss:state)
                  20003528    0000000c     OneLib.a : ll.o (.bss)
                  20003534    0000000c              : ll.o (.bss)
                  20003540    0000000c              : ll_scheduler.o (.bss)
                  2000354c    0000000c     drivers_cc26x2.aem4f : NVSCC26XX.oem4f (.bss)
                  20003558    0000000c                          : GPIOCC26XX.oem4f (.bss:gpioPinState)
                  20003564    0000000c                          : PWMTimerCC26XX.oem4f (.bss:pinState)
                  20003570    0000000c     (.common:displayUartObject)
                  2000357c    00000008     OneLib.a : ll.o (.bss)
                  20003584    00000008     drivers_cc26x2.aem4f : GPIOCC26XX.oem4f (.bss)
                  2000358c    00000004     OneLib.a : gapgattserver.o (.bss)
                  20003590    00000004              : gattservapp.o (.bss)
                  20003594    00000004              : ll.o (.bss)
                  20003598    00000004              : ll.o (.bss)
                  2000359c    00000004              : ll.o (.bss)
                  200035a0    00000004              : ll.o (.bss)
                  200035a4    00000004              : ll.o (.bss)
                  200035a8    00000004              : ll_ae.o (.bss)
                  200035ac    00000004              : ll_common.o (.bss)
                  200035b0    00000004              : ll_enc.o (.bss)
                  200035b4    00000004              : ll_privacy.o (.bss)
                  200035b8    00000004     StackWrapper.a : gapbondmgr.o (.bss)
                  200035bc    00000004                    : gapbondmgr.o (.bss)
                  200035c0    00000004                    : osal.o (.bss)
                  200035c4    00000004                    : osal.o (.bss)
                  200035c8    00000004                    : osal.o (.bss)
                  200035cc    00000004                    : osal.o (.bss)
                  200035d0    00000004                    : osal.o (.bss)
                  200035d4    00000004                    : osal.o (.bss)
                  200035d8    00000004                    : osal_bufmgr.o (.bss)
                  200035dc    00000004                    : osal_clock.o (.bss)
                  200035e0    00000004                    : osal_clock.o (.bss)
                  200035e4    00000004                    : osal_timers.o (.bss)
                  200035e8    00000004                    : osal_timers.o (.bss)
                  200035ec    00000004                    : osal_timers.o (.bss)
                  200035f0    00000004     drivers_cc26x2.aem4f : ECDHCC26X2.oem4f (.bss)
                  200035f4    00000004                          : PINCC26XX.oem4f (.bss)
                  200035f8    00000004     (.common:PowerCC26XX_swiKey)
                  200035fc    00000004     (.common:PowerCC26XX_taskKey)
                  20003600    00000004     (.common:nvsCC26XXObjects)
                  20003604    00000004     (.common:tasksEvents)
                  20003608    00000002     OneLib.a : gapgattserver.o (.bss)
                  2000360a    00000002              : ll.o (.bss)
                  2000360c    00000002              : ll_slave_end_causes.o (.bss)
                  2000360e    00000002     StackWrapper.a : osal_pwrmgr.o (.bss)
                  20003610    00000001     OneLib.a : gapgattserver.o (.bss)
                  20003611    00000001              : gattservapp.o (.bss)
                  20003612    00000001              : hci_tl.o (.bss)
                  20003613    00000001              : hci_tl.o (.bss)
                  20003614    00000001              : hci_tl.o (.bss)
                  20003615    00000001              : hci_tl.o (.bss)
                  20003616    00000001              : hci_tl.o (.bss)
                  20003617    00000001              : hci_tl.o (.bss)
                  20003618    00000001              : ll.o (.bss)
                  20003619    00000001              : ll.o (.bss)
                  2000361a    00000001              : ll.o (.bss)
                  2000361b    00000001              : ll_ae.o (.bss)
                  2000361c    00000001              : ll_config.o (.bss)
                  2000361d    00000001              : ll_config.o (.bss)
                  2000361e    00000001              : ll_enc.o (.bss)
                  2000361f    00000001              : sm_task.o (.bss)
                  20003620    00000001     StackWrapper.a : ble_dispatch_lite.o (.bss)
                  20003621    00000001                    : gapbondmgr.o (.bss)
                  20003622    00000001                    : gapbondmgr.o (.bss)
                  20003623    00000001                    : hal_assert.o (.bss)
                  20003624    00000001                    : osal.o (.bss)
                  20003625    00000001                    : osal_pwrmgr.o (.bss)
                  20003626    00000001     rf_multiMode_cc26x2.aem4f : RFCC26X2_multiMode.c.cc26x2.ccs.o (.bss)
                  20003627    00000001     (.common:driverlib_release_0_59848)

.vtable    0    20003628    00000000     UNINITIALIZED

.vtable_ram 
*          0    20003628    00000000     UNINITIALIZED

vtable_ram 
*          0    20003628    00000000     UNINITIALIZED

.sysmem    0    20003628    00000000     UNINITIALIZED

.nonretenvar 
*          0    20003628    00000000     UNINITIALIZED

.stack     0    20013c00    00000400     UNINITIALIZED
                  20013c00    00000400     --HOLE--

.bootVecs 
*          0    00000000    00000008     DSECT
                  00000000    00000008     boot.aem4f : boot.oem4f (.bootVecs)

.resetVecs 
*          0    00000000    0000003c     
                  00000000    0000003c     simple_serial_socket_server_app_pem4f.oem4f (.resetVecs)

.vecs      0    20000000    000000d8     NOLOAD SECTION
                  20000000    000000d8     simple_serial_socket_server_app_pem4f.oem4f (.vecs)

xdc.meta   0    00000000    0000012c     COPY SECTION
                  00000000    0000012c     simple_serial_socket_server_app_pem4f.oem4f (xdc.meta)

xdc.noload 
*          0    00000000    00000000     COPY SECTION

.TI.bound:flashBuf0 
*          0    00048000    00004000     UNINITIALIZED
                  00048000    00004000     ti_drivers_config.obj (.TI.bound:flashBuf0)

.text      0    0000003c    0001822c     
                  0000003c    000009dc     StackWrapper.a : gapbondmgr.o (.text)
                  00000a18    00000758                    : gapbondmgr.o (.text)
                  00001170    000006bc     OneLib.a : ll_adv_end_causes.o (.text)
                  0000182c    000004ec              : ll_ae.o (.text)
                  00001d18    000004b0     rf_multiMode_cc26x2.aem4f : RFCC26X2_multiMode.c.cc26x2.ccs.o (.text:RF_fsmActiveState)
                  000021c8    0000047c     OneLib.a : ll_slave_end_causes.o (.text)
                  00002644    00000474              : ll.o (.text)
                  00002ab8    00000460              : ll_isr.o (.text)
                  00002f18    00000434     simple_serial_socket_server.obj (.text:SimpleSerialSocketServer_taskFxn$3)
                  0000334c    000003c4     OneLib.a : ble.o (.text)
                  00003710    000003b4              : ll_isr.o (.text)
                  00003ac4    000003a4              : ll_scheduler.o (.text)
                  00003e68    00000390              : ll_slave_end_causes.o (.text)
                  000041f8    00000340              : ll_ae.o (.text)
                  00004538    00000324              : ll_scheduler.o (.text)
                  0000485c    00000318              : ll.o (.text)
                  00004b74    000002d8              : ll_ae.o (.text)
                  00004e4c    00000298     StackWrapper.a : gapbondmgr.o (.text)
                  000050e4    0000025c     nvocmp.obj (.text:NVOCMP_addItem$7)
                  00005340    0000025c     OneLib.a : ll_isr.o (.text)
                  0000559c    0000025c     StackWrapper.a : gapbondmgr.o (.text)
                  000057f8    00000254     OneLib.a : ll_data.o (.text)
                  00005a4c    0000022c              : ll_isr.o (.text)
                  00005c78    00000220              : ll_ae.o (.text)
                  00005e98    0000021c              : ll_common.o (.text)
                  000060b4    00000218     drivers_cc26x2.aem4f : ECDHCC26X2.oem4f (.text:ECDHCC26X2_runFSM)
                  000062cc    00000218     nvocmp.obj (.text:NVOCMP_initNv$7)
                  000064e4    00000218     simple_serial_socket_server.obj (.text:SimpleSerialSocketServer_init$3)
                  000066fc    00000210     rf_multiMode_cc26x2.aem4f : RFCC26X2_multiMode.c.cc26x2.ccs.o (.text:RF_scheduleCmd)
                  0000690c    00000204     OneLib.a : gattservapp.o (.text)
                  00006b10    00000200     rf_multiMode_cc26x2.aem4f : RFCC26X2_multiMode.c.cc26x2.ccs.o (.text:RF_open)
                  00006d10    000001e0     drivers_cc26x2.aem4f : PINCC26XX.oem4f (.text:PIN_init)
                  00006ef0    000001e0     osal_icall_ble.obj (.text:stack_main)
                  000070d0    000001dc     StackWrapper.a : osal.o (.text)
                  000072ac    000001d4     rf_multiMode_cc26x2.aem4f : RFCC26X2_multiMode.c.cc26x2.ccs.o (.text:RF_dispatchNextCmd)
                  00007480    000001d0     OneLib.a : ll.o (.text)
                  00007650    000001bc     main.obj (.text:AssertHandler)
                  0000780c    00000198     drivers_cc26x2.aem4f : PowerCC26X2.oem4f (.text:Power_sleep)
                  000079a4    00000192     OneLib.a : ll_common.o (.text)
                  00007b36    00000002     ti_drivers_config.obj (.text:Board_initHook)
                  00007b38    00000190     drivers_cc26x2.aem4f : PowerCC26X2_calibrateRCOSC.oem4f (.text:calibrateRcoscHf1)
                  00007cc8    00000190     icall.obj (.text:icall_directAPI)
                  00007e58    0000018c     OneLib.a : ll_scheduler.o (.text)
                  00007fe4    0000018c     drivers_cc26x2.aem4f : PowerCC26X2_calibrateRCOSC.oem4f (.text:runCalibrateFsm)
                  00008170    00000188     nvocmp.obj (.text:NVOCMP_compact$7)
                  000082f8    00000180     OneLib.a : ll_isr.o (.text)
                  00008478    00000174              : gattservapp.o (.text)
                  000085ec    00000174     drivers_cc26x2.aem4f : PowerCC26X2.oem4f (.text:Power_init)
                  00008760    00000164                          : UARTCC26XX.oem4f (.text:UARTCC26XX_open)
                  000088c4    00000162     StackWrapper.a : osal.o (.text)
                  00008a26    00000002     ble_user_config.obj (.text:DefaultAssertCback)
                  00008a28    00000158     driverlib.lib : sys_ctrl.obj (.text:NOROM_SysCtrlStandby)
                  00008b80    00000154     rf_multiMode_cc26x2.aem4f : RFCC26X2_multiMode.c.cc26x2.ccs.o (.text:RF_radioOpDoneCb)
                  00008cd4    00000154     drivers_cc26x2.aem4f : UARTCC26XX.oem4f (.text:UARTCC26XX_hwiIntFxn)
                  00008e28    0000014c     OneLib.a : ll_common.o (.text)
                  00008f74    0000014c              : ll_isr.o (.text)
                  000090c0    00000148              : ll_ae.o (.text)
                  00009208    00000148     rf_multiMode_cc26x2.aem4f : RFCC26X2_multiMode.c.cc26x2.ccs.o (.text:RF_fsmSetupState)
                  00009350    00000144     StackWrapper.a : gap.o (.text)
                  00009494    00000140     drivers_cc26x2.aem4f : AESCCMCC26XX.oem4f (.text:AESCCM_startOperation)
                  000095d4    00000140     OneLib.a : gattservapp.o (.text)
                  00009714    0000013c     rf_multiMode_cc26x2.aem4f : RFCC26X2_multiMode.c.cc26x2.ccs.o (.text:RF_ratSetupChannel)
                  00009850    0000013a     drivers_cc26x2.aem4f : UARTCC26XX.oem4f (.text:UARTCC26XX_read)
                  0000998a    00000002     display.aem4f : DisplayUart.oem4f (.text:DisplayUartAnsi_init)
                  0000998c    00000138     drivers_cc26x2.aem4f : ECDHCC26X2.oem4f (.text:ECDH_computeSharedSecret)
                  00009ac4    00000138                          : NVSCC26XX.oem4f (.text:NVSCC26XX_write)
                  00009bfc    00000138     rf_multiMode_cc26x2.aem4f : RFCC26X2_multiMode.c.cc26x2.ccs.o (.text:RF_abortCmd)
                  00009d34    00000128     OneLib.a : gap_task.o (.text)
                  00009e5c    00000124              : ll_common.o (.text)
                  00009f80    00000120     nvocmp.obj (.text:NVOCMP_compactPage$7)
                  0000a0a0    00000120     OneLib.a : ll_common.o (.text)
                  0000a1c0    00000120              : ll_data.o (.text)
                  0000a2e0    00000120     drivers_cc26x2.aem4f : PowerCC26X2.oem4f (.text:configureXOSCHF)
                  0000a400    00000114     OneLib.a : ll_common.o (.text)
                  0000a514    00000114     drivers_cc26x2.aem4f : PINCC26XX.oem4f (.text:PINCC26XX_setIoCfg)
                  0000a628    00000112     rf_multiMode_cc26x2.aem4f : RFCC26X2_multiMode.c.cc26x2.ccs.o (.text:RF_decodeOverridePointers)
                  0000a73a    00000002     drivers_cc26x2.aem4f : LED.oem4f (.text:LED_init)
                  0000a73c    00000110                          : GPIOCC26XX.oem4f (.text:GPIO_setConfig)
                  0000a84c    00000110                          : LED.oem4f (.text:LED_open)
                  0000a95c    0000010c     OneLib.a : gatt_client.o (.text)
                  0000aa68    0000010c              : ll_isr.o (.text)
                  0000ab74    00000106     simple_serial_socket_server_app_pem4f.oem4f (.text:xdc_runtime_System_printfExtend__I)
                  0000ac7a    00000002     rom_init.obj (.text:MAP_llClearPeriodicAdvSets)
                  0000ac7c    00000104     drivers_cc26x2.aem4f : AESECBCC26XX.oem4f (.text:AESECB_startOperation)
                  0000ad80    00000104     rf_multiMode_cc26x2.aem4f : RFCC26X2_multiMode.c.cc26x2.ccs.o (.text:RF_hwiCpe0Active)
                  0000ae84    00000100     nvocmp.obj (.text:NVOCMP_findItem$7)
                  0000af84    000000fc     OneLib.a : ll_scheduler.o (.text)
                  0000b080    000000f8              : sm_rsppairing.o (.text)
                  0000b178    000000f4     drivers_cc26x2.aem4f : AESCTRCC26XX.oem4f (.text:AESCTR_startOperation)
                  0000b26c    000000f0     OneLib.a : ll_scheduler.o (.text)
                  0000b35c    000000f0              : ll_scheduler.o (.text)
                  0000b44c    000000f0     rf_multiMode_cc26x2.aem4f : RFCC26X2_multiMode.c.cc26x2.ccs.o (.text:RF_fsmPowerUpState)
                  0000b53c    000000ec     OneLib.a : gap_advertiser.o (.text)
                  0000b628    000000ec              : ll_common.o (.text)
                  0000b714    000000e4              : gapgattserver.o (.text)
                  0000b7f8    000000e4              : ll_ae.o (.text)
                  0000b8dc    000000e0              : ll_ae.o (.text)
                  0000b9bc    000000e0     simple_serial_socket_server.obj (.text:SimpleStreamServer_incomingDataCB$3)
                  0000ba9c    000000e0     StackWrapper.a : osal_timers.o (.text)
                  0000bb7c    000000e0     drivers_cc26x2.aem4f : UARTCC26XX.oem4f (.text:UARTCC26XX_write)
                  0000bc5c    000000dc     OneLib.a : ll_ae.o (.text)
                  0000bd38    000000dc              : ll_ae.o (.text)
                  0000be14    000000dc     drivers_cc26x2.aem4f : PWMTimerCC26XX.oem4f (.text:PWMTimerCC26XX_open)
                  0000bef0    000000dc                          : TimerCC26XX.oem4f (.text:TimerCC26XX_open)
                  0000bfcc    000000d8     driverlib.lib : setup.obj (.text:NOROM_SetupTrimDevice)
                  0000c0a4    000000d8     rf_multiMode_cc26x2.aem4f : RFCC26X2_multiMode.c.cc26x2.ccs.o (.text:RF_control)
                  0000c17c    000000d8                               : RFCC26X2_multiMode.c.cc26x2.ccs.o (.text:RF_pendCmd)
                  0000c254    000000d8     driverlib.lib : setup.obj (.text:TrimAfterColdResetWakeupFromShutDown$25)
                  0000c32c    000000d4     drivers_cc26x2.aem4f : ECDHCC26X2.oem4f (.text:ECDH_generatePublicKey)
                  0000c400    000000d2     rf_multiMode_cc26x2.aem4f : RFCC26X2_multiMode.c.cc26x2.ccs.o (.text:RF_updatePaConfiguration)
                  0000c4d2    00000002     rom_init.obj (.text:MAP_llClearPeriodicScanSets)
                  0000c4d4    000000d0     rf_multiMode_cc26x2.aem4f : RFCC26X2_multiMode.c.cc26x2.ccs.o (.text:RF_swiHw)
                  0000c5a4    000000cc     OneLib.a : hci_event.o (.text)
                  0000c670    000000cc     StackWrapper.a : osal.o (.text)
                  0000c73c    000000cc     main.obj (.text:main)
                  0000c808    000000c8     OneLib.a : gap_scanner.o (.text)
                  0000c8d0    000000c8              : gapgattserver.o (.text)
                  0000c998    000000c8     dpl_cc26x2.aem4f : PowerCC26X2_tirtos.oem4f (.text:PowerCC26XX_standbyPolicy)
                  0000ca60    000000c4     drivers_cc26x2.aem4f : GPIOCC26XX.oem4f (.text:GPIO_init)
                  0000cb24    000000c0                          : AESCTRDRBGXX.oem4f (.text:AESCTRDRBG_getBytes)
                  0000cbe4    000000c0     nvocmp.obj (.text:NVOCMP_erase$7)
                  0000cca4    000000c0     OneLib.a : ll.o (.text)
                  0000cd64    000000c0              : ll_isr.o (.text)
                  0000ce24    000000c0     drivers_cc26x2.aem4f : PowerCC26X2.oem4f (.text:Power_releaseDependency)
                  0000cee4    000000c0                          : UARTCC26XX.oem4f (.text:UARTCC26XX_initIO)
                  0000cfa4    000000bc     OneLib.a : ll_ecc.o (.text)
                  0000d060    000000bc              : ll_scheduler.o (.text)
                  0000d11c    000000bc     rf_multiMode_cc26x2.aem4f : RFCC26X2_multiMode.c.cc26x2.ccs.o (.text:RF_initRadioSetup)
                  0000d1d8    000000b8     OneLib.a : ll.o (.text)
                  0000d290    000000b8              : ll_scheduler.o (.text)
                  0000d348    000000b8              : ll_slave_end_causes.o (.text)
                  0000d400    000000b8     drivers_cc26x2.aem4f : PowerCC26X2.oem4f (.text:Power_setDependency)
                  0000d4b8    000000b8     StackWrapper.a : gapbondmgr.o (.text)
                  0000d570    000000b8     drivers_cc26x2.aem4f : UARTCC26XX.oem4f (.text:UARTCC26XX_initHw)
                  0000d628    000000b4                          : TRNGCC26XX.oem4f (.text:TRNG_generateEntropy)
                  0000d6dc    000000b0                          : AESCTRDRBGXX.oem4f (.text:AESCTRDRBG_construct)
                  0000d78c    000000b0     devinfoservice.obj (.text:devInfo_ReadAttrCB$8)
                  0000d83c    000000ac     display.aem4f : DisplayUart.oem4f (.text:DisplayUartAnsi_clearLines)
                  0000d8e8    000000ac     drivers_cc26x2.aem4f : ECDHCC26X2.oem4f (.text:ECDHCC26X2_hwiFxn)
                  0000d994    000000ac                          : PINCC26XX.oem4f (.text:PIN_open)
                  0000da40    000000a8     nvocmp.obj (.text:NVOCMP_initNvApi$7)
                  0000dae8    000000a8     OneLib.a : hci_data.o (.text)
                  0000db90    000000a8              : ll_common.o (.text)
                  0000dc38    000000a8     StackWrapper.a : gapbondmgr.o (.text)
                  0000dce0    000000a7     display.aem4f : DisplayUart.oem4f (.text:DisplayUartAnsi_open)
                  0000dd87    00000001     --HOLE-- [fill = 0]
                  0000dd88    000000a6     drivers_cc26x2.aem4f : AESCTRDRBGXX.oem4f (.text:AESCTRDRBG_reseed)
                  0000de2e    00000002     rom_init.obj (.text:MAP_llDmmDynamicFree)
                  0000de30    000000a4     rf_multiMode_cc26x2.aem4f : RFCC26X2_multiMode.c.cc26x2.ccs.o (.text:RF_ratRestartChannels)
                  0000ded4    000000a4     StackWrapper.a : osal_cbtimer.o (.text)
                  0000df78    000000a0     OneLib.a : gattservapp.o (.text)
                  0000e018    000000a0              : ll_common.o (.text)
                  0000e0b8    000000a0     auto_init.aem4f : auto_init.oem4f (.text)
                  0000e158    000000a0     rom_sysbios.aem4f : rom_sysbios.obj (.text:ti_sysbios_knl_Task_setPri__E)
                  0000e1f8    0000009f     display.aem4f : DisplayUart.oem4f (.text:DisplayUartAnsi_vprintf)
                  0000e297    00000001     --HOLE-- [fill = 0]
                  0000e298    0000009c     nvocmp.obj (.text:NVOCMP_readHeader$7)
                  0000e334    0000009c     OneLib.a : ll_common.o (.text)
                  0000e3d0    0000009c              : ll_ecc.o (.text)
                  0000e46c    0000009c     drivers_cc26x2.aem4f : PWMTimerCC26XX.oem4f (.text:PWMTimerCC26XX_setDutyAndPeriod)
                  0000e508    0000009c     simple_stream_profile_server.obj (.text:SimpleStreamServer_transmitNode$11)
                  0000e5a4    0000009c     rtsv7M4_T_le_v4SPD16_eabi.lib : memcpy_t2.asm.obj (.text)
                  0000e640    00000098     OneLib.a : gattservapp.o (.text)
                  0000e6d8    00000098              : hci_event.o (.text)
                  0000e770    00000098              : ll_enc.o (.text)
                  0000e808    00000098     rf_multiMode_cc26x2.aem4f : RFCC26X2_multiMode.c.cc26x2.ccs.o (.text:RF_calculateDispatchTime)
                  0000e8a0    00000098     drivers_cc26x2.aem4f : UARTCC26XX.oem4f (.text:writeTxFifoFlush)
                  0000e938    00000096     rtsv7M4_T_le_v4SPD16_eabi.lib : ull_div_t2.asm.obj (.text)
                  0000e9ce    00000002     rom_init.obj (.text:MAP_llDmmSetThreshold)
                  0000e9d0    00000094     icall.obj (.text:ICall_setTimer)
                  0000ea64    00000094     OneLib.a : gatt_server.o (.text)
                  0000eaf8    00000094              : ll.o (.text)
                  0000eb8c    00000094              : ll_common.o (.text)
                  0000ec20    00000094              : ll_scheduler.o (.text)
                  0000ecb4    00000094     drivers_cc26x2.aem4f : TRNGCC26XX.oem4f (.text:TRNGCC26XX_hwiFxn)
                  0000ed48    00000092                          : UARTCC26XX.oem4f (.text:UARTCC26XX_writeCancel)
                  0000edda    00000002     rom_init.obj (.text:MAP_llEndPeriodicScanTask)
                  0000eddc    00000090     OneLib.a : ll.o (.text)
                  0000ee6c    00000090              : ll_ae.o (.text)
                  0000eefc    00000090     rf_multiMode_cc26x2.aem4f : RFCC26X2_multiMode.c.cc26x2.ccs.o (.text:RF_discardPendCmd)
                  0000ef8c    00000090                               : RFCC26X2_multiMode.c.cc26x2.ccs.o (.text:RF_getInfo)
                  0000f01c    00000090     osal_icall_ble.obj (.text:osalInitTasks)
                  0000f0ac    0000008e     drivers_cc26x2.aem4f : CryptoUtils.oem4f (.text:CryptoUtils_reverseCopyPad)
                  0000f13a    00000002     rom_init.obj (.text:MAP_llPeriodicAdv_PostProcess)
                  0000f13c    0000008c     icall.obj (.text:ICall_heapMalloc)
                  0000f1c8    0000008c     simple_stream_profile_server.obj (.text:SimpleStreamServer_WriteAttrCB$11)
                  0000f254    0000008c     rom_sysbios.aem4f : rom_sysbios.obj (.text:ti_sysbios_gates_GateMutexPri_enter__E)
                  0000f2e0    0000008a     drivers_cc26x2.aem4f : AESCTRDRBGXX.oem4f (.text:AESCTRDRBGXX_updateState)
                  0000f36a    00000002     rom_init.obj (.text:MAP_llProcessPeriodicScanRxFIFO)
                  0000f36c    00000088     drivers_cc26x2.aem4f : GPTimerCC26XX.oem4f (.text:GPTimerCC26XX_open)
                  0000f3f4    00000088     driverlib.lib : osc.obj (.text:NOROM_OSCHF_AttemptToSwitchToXosc)
                  0000f47c    00000088     OneLib.a : hci_event.o (.text)
                  0000f504    00000088     rf_multiMode_cc26x2.aem4f : RFCC26X2_multiMode.c.cc26x2.ccs.o (.text:RF_cmdDispatchTime)
                  0000f58c    00000088     StackWrapper.a : osal_cbtimer.o (.text)
                  0000f614    00000088     drivers_cc26x2.aem4f : PowerCC26X2_calibrateRCOSC.oem4f (.text:calibrateRcoscHf2)
                  0000f69c    00000088                          : PowerCC26X2.oem4f (.text:disableLFClockQualifiers)
                  0000f724    00000088                          : PowerCC26X2_calibrateRCOSC.oem4f (.text:updateSubSecInc)
                  0000f7ac    00000084     OneLib.a : ll_ae.o (.text)
                  0000f830    00000084     rf_multiMode_cc26x2.aem4f : RFCC26X2_multiMode.c.cc26x2.ccs.o (.text:RF_issueRadioFreeCb)
                  0000f8b4    00000084                               : RFCC26X2_multiMode.c.cc26x2.ccs.o (.text:RF_verifyGap)
                  0000f938    00000084     drivers_cc26x2.aem4f : UARTCC26XX.oem4f (.text:UARTCC26XX_close)
                  0000f9bc    00000080                          : NVSCC26XX.oem4f (.text:NVSCC26XX_open)
                  0000fa3c    00000080     OneLib.a : ll_enc.o (.text)
                  0000fabc    00000080     rom_sysbios.aem4f : rom_sysbios.obj (.text:ti_sysbios_family_arm_cc26xx_Timer_start__E)
                  0000fb3c    0000007e     OneLib.a : gap_task.o (.text)
                  0000fbba    00000002     rom_init.obj (.text:MAP_llSetPeriodicSyncInfo)
                  0000fbbc    0000007c     nvocmp.obj (.text:NVOCMP_readItemApi$7)
                  0000fc38    0000007c     OneLib.a : gap_task.o (.text)
                  0000fcb4    0000007c              : ll_common.o (.text)
                  0000fd30    0000007c              : ll_enc.o (.text)
                  0000fdac    0000007c     rf_multiMode_cc26x2.aem4f : RFCC26X2_multiMode.c.cc26x2.ccs.o (.text:RF_ratFreeChannel)
                  0000fe28    0000007c     StackWrapper.a : gapbondmgr.o (.text)
                  0000fea4    0000007a     OneLib.a : gattservapp.o (.text)
                  0000ff1e    0000007a     rtsv7M4_T_le_v4SPD16_eabi.lib : memset_t2.asm.obj (.text)
                  0000ff98    00000078     icall.obj (.text:ICall_heapInit)
                  00010010    00000078     nvocmp.obj (.text:NVOCMP_checkItem$7)
                  00010088    00000078     OneLib.a : ll_common.o (.text)
                  00010100    00000078     StackWrapper.a : osal_cbtimer.o (.text)
                  00010178    00000076     OneLib.a : ll_common.o (.text)
                  000101ee    00000076     StackWrapper.a : gap.o (.text)
                  00010264    00000076     rom_sysbios.aem4f : rom_sysbios.obj (.text:ti_sysbios_heaps_HeapMem_allocUnprotected__E)
                  000102da    00000002     rom_init.obj (.text:MAP_llUpdatePeriodicAdvChainPacket)
                  000102dc    00000074     drivers_cc26x2.aem4f : GPTimerCC26XX.oem4f (.text:GPTimerCC26XX_resetHw)
                  00010350    00000074     nvocmp.obj (.text:NVOCMP_writeItemApi$7)
                  000103c4    00000074     drivers_cc26x2.aem4f : PowerCC26X2_calibrateRCOSC.oem4f (.text:PowerCC26X2_auxISR)
                  00010438    00000074     rf_multiMode_cc26x2.aem4f : RFCC26X2_multiMode.c.cc26x2.ccs.o (.text:RF_ratDisableChannel)
                  000104ac    00000074     simple_serial_socket_server.obj (.text:SimpleSerialSocketServer_createTask)
                  00010520    00000074     drivers_cc26x2.aem4f : TRNGCC26XX.oem4f (.text:TRNG_construct)
                  00010594    00000074     rom_sysbios.aem4f : rom_sysbios.obj (.text:ti_sysbios_gates_GateMutexPri_leave__E)
                  00010608    00000072     rf_multiMode_cc26x2.aem4f : RFCC26X2_multiMode.c.cc26x2.ccs.o (.text:RF_detachOverrides)
                  0001067a    00000002     rom_init.obj (.text:MAP_rf_patch_rfe)
                  0001067c    00000070     drivers_cc26x2.aem4f : AESCCMCC26XX.oem4f (.text:AESCCM_cleanup)
                  000106ec    00000070     icall.obj (.text:ICall_heapGetStats)
                  0001075c    00000070     rf_multiMode_cc26x2.aem4f : rfc.c.cc26x2.ccs.o (.text:NOROM_RFCAnaDivTxOverride)
                  000107cc    00000070     nvocmp.obj (.text:NVOCMP_eraseNvApi$7)
                  0001083c    00000070     OneLib.a : gatt_server.o (.text)
                  000108ac    00000070              : ll_common.o (.text)
                  0001091c    00000070              : ll_enc.o (.text)
                  0001098c    00000070     drivers_cc26x2.aem4f : PINCC26XX.oem4f (.text:PIN_add)
                  000109fc    00000070     rf_multiMode_cc26x2.aem4f : RFCC26X2_multiMode.c.cc26x2.ccs.o (.text:RF_getCurrentTime)
                  00010a6c    00000070     drivers_cc26x2.aem4f : Random.oem4f (.text:Random_seedAutomatic)
                  00010adc    00000070     StackWrapper.a : osal.o (.text)
                  00010b4c    0000006e     OneLib.a : gatt_server.o (.text)
                  00010bba    0000006e     rf_multiMode_cc26x2.aem4f : RFCC26X2_multiMode.c.cc26x2.ccs.o (.text:RF_attachOverrides)
                  00010c28    0000006e                               : RFCC26X2_multiMode.c.cc26x2.ccs.o (.text:RF_howToSchedule)
                  00010c96    00000002                               : rfc.c.cc26x2.ccs.o (.text:NOROM_RFCCpePatchReset)
                  00010c98    0000006d     rom_sysbios.aem4f : rom_sysbios.obj (.text:xdc_runtime_System_formatNum__I)
                  00010d05    00000001     --HOLE-- [fill = 0]
                  00010d06    00000002     OneLib.a : ll.o (.text)
                  00010d08    0000006c     driverlib.lib : chipinfo.obj (.text:NOROM_ChipInfo_GetChipType)
                  00010d74    0000006c     nvocmp.obj (.text:NVOCMP_getDstPage$7)
                  00010de0    0000006c     OneLib.a : ll_isr.o (.text)
                  00010e4c    0000006c              : ll_isr.o (.text)
                  00010eb8    0000006c     rf_multiMode_cc26x2.aem4f : RFCC26X2_multiMode.c.cc26x2.ccs.o (.text:RF_dispatchNextEvent)
                  00010f24    0000006c     StackWrapper.a : osal_cbtimer.o (.text)
                  00010f90    00000068     drivers_cc26x2.aem4f : CryptoUtils.oem4f (.text:CryptoUtils_copyPad)
                  00010ff8    00000068     icall.obj (.text:ICall_send)
                  00011060    00000068     icall.obj (.text:ICall_sendServiceComplete)
                  000110c8    00000068     driverlib.lib : osc.obj (.text:NOROM_OSCHF_SwitchToRcOscTurnOffXosc)
                  00011130    00000068     OneLib.a : gap_task.o (.text)
                  00011198    00000068              : gattservapp.o (.text)
                  00011200    00000068              : ll_ae.o (.text)
                  00011268    00000068     rf_multiMode_cc26x2.aem4f : RFCC26X2_multiMode.c.cc26x2.ccs.o (.text:RF_hwiHw)
                  000112d0    00000068     StackWrapper.a : osal_timers.o (.text)
                  00011338    00000068     rtsv7M4_T_le_v4SPD16_eabi.lib : copy_decompress_lzss.c.obj (.text:decompress:lzss:__TI_decompress_lzss)
                  000113a0    00000066     OneLib.a : ll_common.o (.text)
                  00011406    00000002              : ll.o (.text)
                  00011408    00000064     drivers_cc26x2.aem4f : AESCCMCC26XX.oem4f (.text:AESCCM_waitForResult)
                  0001146c    00000064                          : AESCTRCC26XX.oem4f (.text:AESCTR_waitForResult)
                  000114d0    00000064                          : AESECBCC26XX.oem4f (.text:AESECB_waitForResult)
                  00011534    00000064     nvocmp.obj (.text:NVOCMP_findSignature$7)
                  00011598    00000064     OneLib.a : gapgattserver.o (.text)
                  000115fc    00000064              : gattservapp.o (.text)
                  00011660    00000064              : ll_scheduler.o (.text)
                  000116c4    00000064     drivers_cc26x2.aem4f : UARTCC26XX.oem4f (.text:UARTCC26XX_control)
                  00011728    00000062     ti_drivers_config.obj (.text:Board_sendExtFlashByte)
                  0001178a    00000062     gattservapp_util.obj (.text:GATTServApp_ProcessCCCWriteReq)
                  000117ec    00000062     rf_multiMode_cc26x2.aem4f : RFCC26X2_multiMode.c.cc26x2.ccs.o (.text:RF_syncCb)
                  0001184e    00000062     StackWrapper.a : icall_lite_translation.o (.text)
                  000118b0    00000062     drivers_cc26x2.aem4f : UARTCC26XX.oem4f (.text:UARTCC26XX_swiIntFxn)
                  00011912    00000002                          : PWMTimerCC26XX.oem4f (.text:PWMTimerCC26XX_init)
                  00011914    00000060                          : AESCCMCC26XX.oem4f (.text:AESCCM_hwiFxn)
                  00011974    00000060                          : AESCTRCC26XX.oem4f (.text:AESCTR_hwiFxn)
                  000119d4    00000060                          : AESECBCC26XX.oem4f (.text:AESECB_hwiFxn)
                  00011a34    00000060                          : CryptoResourceCC26XX.oem4f (.text:CryptoResourceCC26XX_constructRTOSObjects)
                  00011a94    00000060                          : GPIOCC26XX.oem4f (.text:GPIO_write)
                  00011af4    00000060     icall.obj (.text:ICall_createRemoteTasksAtRuntime)
                  00011b54    00000060     icall.obj (.text:ICall_enrollService)
                  00011bb4    00000060     OneLib.a : ll_common.o (.text)
                  00011c14    00000060     drivers_cc26x2.aem4f : PKAResourceCC26XX.oem4f (.text:PKAResourceCC26XX_constructRTOSObjects)
                  00011c74    00000060     rf_multiMode_cc26x2.aem4f : RFCC26X2_multiMode.c.cc26x2.ccs.o (.text:RF_applyRfCorePatch)
                  00011cd4    00000060     simple_serial_socket_server.obj (.text:SimpleSerialSocketServer_enqueueMsg$3)
                  00011d34    00000060     StackWrapper.a : gapbondmgr.o (.text)
                  00011d94    00000060     drivers_cc26x2.aem4f : TRNGCC26XX.oem4f (.text:TRNGCC26XX_startTrng)
                  00011df4    0000005e     icall.obj (.text:ICall_fetchMsg)
                  00011e52    0000005e     OneLib.a : ll_common.o (.text)
                  00011eb0    0000005c     display.aem4f : Display.oem4f (.text:Display_doOpen)
                  00011f0c    0000005c     icall.obj (.text:ICall_pwrUpdActivityCounter)
                  00011f68    0000005c     nvocmp.obj (.text:NVOCMP_readItem$7)
                  00011fc4    0000005c     OneLib.a : gap_perilinkmgr.o (.text)
                  00012020    0000005c              : ll_scheduler.o (.text)
                  0001207c    0000005c     drivers_cc26x2.aem4f : PINCC26XX.oem4f (.text:PIN_remove)
                  000120d8    0000005c                          : PWMTimerCC26XX.oem4f (.text:PWMTimerCC26XX_setPeriod)
                  00012134    0000005c     rf_multiMode_cc26x2.aem4f : RFCC26X2_multiMode.c.cc26x2.ccs.o (.text:RF_hwiCpe0PowerFsm)
                  00012190    0000005c     drivers_cc26x2.aem4f : TimerCC26XX.oem4f (.text:TimerCC26XX_setPeriod)
                  000121ec    0000005c                          : NVSCC26XX.oem4f (.text:doErase)
                  00012248    0000005c                          : UARTCC26XX.oem4f (.text:startTxFifoEmptyClk)
                  000122a4    0000005c     simple_serial_socket_server_app_pem4f.oem4f (.text:xdc_runtime_Startup_getState__I)
                  00012300    00000058     drivers_cc26x2.aem4f : ECDHCC26X2.oem4f (.text:ECDH_construct)
                  00012358    00000058                          : GPTimerCC26XX.oem4f (.text:GPTimerCC26XX_stop)
                  000123b0    00000058     icall.obj (.text:ICall_wait)
                  00012408    00000058     OneLib.a : ll_ae.o (.text)
                  00012460    00000058              : ll_common.o (.text)
                  000124b8    00000058              : ll_enc.o (.text)
                  00012510    00000058              : sm_pairing.o (.text)
                  00012568    00000058     drivers_cc26x2.aem4f : PowerCC26X2_calibrateRCOSC.oem4f (.text:PowerCC26X2_initiateCalibration)
                  000125c0    00000058     StackWrapper.a : sm_ecc.o (.text)
                  00012618    00000058     drivers_cc26x2.aem4f : TRNGCC26XX.oem4f (.text:TRNG_init)
                  00012670    00000058     boot.aem4f : boot.oem4f (.text)
                  000126c8    00000058     rom_sysbios.aem4f : rom_sysbios.obj (.text:ti_sysbios_heaps_HeapMem_alloc__E)
                  00012720    00000056     drivers_cc26x2.aem4f : LED.oem4f (.text:LED_startBlinking)
                  00012776    00000056     rf_multiMode_cc26x2.aem4f : RFCC26X2_multiMode.c.cc26x2.ccs.o (.text:RF_defaultSubmitPolicy)
                  000127cc    00000054     drivers_cc26x2.aem4f : AESCCMCC26XX.oem4f (.text:AESCCM_construct)
                  00012820    00000054                          : AESCTRCC26XX.oem4f (.text:AESCTR_construct)
                  00012874    00000054                          : AESECBCC26XX.oem4f (.text:AESECB_construct)
                  000128c8    00000054     driverlib.lib : prcm.obj (.text:NOROM_PRCMPowerDomainsAllOff)
                  0001291c    00000054     nvocmp.obj (.text:NVOCMP_doNVCRC$7)
                  00012970    00000054     drivers_cc26x2.aem4f : NVSCC26XX.oem4f (.text:NVSCC26XX_init)
                  000129c4    00000054     OneLib.a : gattservapp.o (.text)
                  00012a18    00000054              : hci_event.o (.text)
                  00012a6c    00000054              : ll.o (.text)
                  00012ac0    00000054              : ll_ae.o (.text)
                  00012b14    00000054              : ll_ae.o (.text)
                  00012b68    00000054              : ll_ae.o (.text)
                  00012bbc    00000054              : ll_common.o (.text)
                  00012c10    00000054     rf_multiMode_cc26x2.aem4f : RFCC26X2_multiMode.c.cc26x2.ccs.o (.text:RF_fsmXOSCState)
                  00012c64    00000054     StackWrapper.a : osal_bufmgr.o (.text)
                  00012cb8    00000054     drivers_cc26x2.aem4f : StructRingBuf.oem4f (.text:StructRingBuf_put)
                  00012d0c    00000054     dpl_cc26x2.aem4f : SwiP_tirtos.oem4f (.text:SwiP_construct)
                  00012d60    00000054     rf_multiMode_cc26x2.aem4f : rf_patch_cpe_bt5.c.cc26x2.ccs.o (.text:configureBt5Patch)
                  00012db4    00000052     OneLib.a : gap_centlinkmgr.o (.text)
                  00012e06    00000050     drivers_cc26x2.aem4f : AESCTRDRBGXX.oem4f (.text:AESCTRDRBGXX_addBigendCounter)
                  00012e56    00000002     rf_multiMode_cc26x2.aem4f : RFCC26X2_multiMode.c.cc26x2.ccs.o (.text:RF_defaultCallback)
                  00012e58    00000050     drivers_cc26x2.aem4f : GPTimerCC26XX.oem4f (.text:GPTimerCC26XX_registerInterrupt)
                  00012ea8    00000050     nvocmp.obj (.text:NVOCMP_compactNvApi$7)
                  00012ef8    00000050     OneLib.a : gap_perilinkmgr.o (.text)
                  00012f48    00000050              : hci_tl.o (.text)
                  00012f98    00000050              : ll_common.o (.text)
                  00012fe8    00000050              : ll_enc.o (.text)
                  00013038    00000050     drivers_cc26x2.aem4f : PWMTimerCC26XX.oem4f (.text:PWMTimerCC26XX_getdutyCounts)
                  00013088    00000050     StackWrapper.a : osal.o (.text)
                  000130d8    00000050                    : osal_clock.o (.text)
                  00013128    00000050     drivers_cc26x2.aem4f : TRNGCC26XX.oem4f (.text:TRNGCC26XX_waitForResult)
                  00013178    0000004e     StackWrapper.a : gap.o (.text)
                  000131c6    00000002                    : common_rom_init.o (.text)
                  000131c8    0000004c     drivers_cc26x2.aem4f : GPTimerCC26XX.oem4f (.text:GPTimerCC26XX_initHw)
                  00013214    0000004c                          : GPTimerCC26XX.oem4f (.text:GPTimerCC26XX_start)
                  00013260    0000004c     icall.obj (.text:ICall_newTask$16)
                  000132ac    0000004c     driverlib.lib : prcm.obj (.text:NOROM_PRCMPowerDomainsAllOn)
                  000132f8    0000004c     nvocmp.obj (.text:NVOCMP_loadApiPtrsMin)
                  00013344    0000004c     nvocmp.obj (.text:NVOCMP_setItemInactive$7)
                  00013390    0000004c     OneLib.a : ll_scheduler.o (.text)
                  000133dc    0000004c              : ll_scheduler.o (.text)
                  00013428    0000004c     rf_multiMode_cc26x2.aem4f : RFCC26X2_multiMode.c.cc26x2.ccs.o (.text:RF_wakeupNotification)
                  00013474    0000004c     drivers_cc26x2.aem4f : StructRingBuf.oem4f (.text:StructRingBuf_get)
                  000134c0    0000004c                          : UARTCC26XX.oem4f (.text:UARTCC26XX_readCancel)
                  0001350c    0000004c     rtsv7M4_T_le_v4SPD16_eabi.lib : atoi.c.obj (.text:atoi)
                  00013558    0000004c                                   : cpy_tbl.c.obj (.text:copy_in)
                  000135a4    00000048     ti_drivers_config.obj (.text:Board_wakeUpExtFlash)
                  000135ec    00000048     drivers_cc26x2.aem4f : GPTimerCC26XX.oem4f (.text:GPTimerCC26XXHwiFxn)
                  00013634    00000048     rf_multiMode_cc26x2.aem4f : rfc.c.cc26x2.ccs.o (.text:NOROM_RFCSynthPowerDown)
                  0001367c    00000048     nvocmp.obj (.text:NVOCMP_write$7)
                  000136c4    00000048     drivers_cc26x2.aem4f : NVS.oem4f (.text:NVS_open)
                  0001370c    00000048     OneLib.a : gattservapp.o (.text)
                  00013754    00000048              : ll.o (.text)
                  0001379c    00000048              : ll.o (.text)
                  000137e4    00000048     drivers_cc26x2.aem4f : PINCC26XX.oem4f (.text:PIN_setOutputEnable)
                  0001382c    00000048                          : PWMTimerCC26XX.oem4f (.text:PWMTimerCC26XX_setDuty)
                  00013874    00000048                          : PowerCC26X2_calibrateRCOSC.oem4f (.text:PowerCC26X2_RCOSC_clockFunc)
                  000138bc    00000048                          : PowerCC26X2.oem4f (.text:PowerCC26XX_switchXOSC_HF)
                  00013904    00000048     simple_stream_profile_server.obj (.text:SimpleStreamServer_processStream)
                  0001394c    00000048     drivers_cc26x2.aem4f : NVSCC26XX.oem4f (.text:disableFlashCache)
                  00013994    00000048                          : PowerCC26X2.oem4f (.text:switchXOSCHF)
                  000139dc    00000048                          : UARTCC26XX.oem4f (.text:writeFinishedDoCallback)
                  00013a24    00000046                          : RingBuf.oem4f (.text:RingBuf_put)
                  00013a6a    00000002     StackWrapper.a : hal_assert.o (.text)
                  00013a6c    00000044     drivers_cc26x2.aem4f : ECDHCC26X2.oem4f (.text:ECDHCC26X2_waitForResult)
                  00013ab0    00000044     nvocmp.obj (.text:NVOCMP_getFreeNvApi$7)
                  00013af4    00000044     drivers_cc26x2.aem4f : NVSCC26XX.oem4f (.text:NVSCC26XX_read)
                  00013b38    00000044     OneLib.a : ll.o (.text)
                  00013b7c    00000044              : ll.o (.text)
                  00013bc0    00000044              : ll_ae.o (.text)
                  00013c04    00000044              : ll_common.o (.text)
                  00013c48    00000044              : ll_isr.o (.text)
                  00013c8c    00000044     drivers_cc26x2.aem4f : PINCC26XX.oem4f (.text:PIN_swi)
                  00013cd0    00000044                          : PWM.oem4f (.text:PWM_init)
                  00013d14    00000044     simple_serial_socket_server.obj (.text:SimpleSerialSocketServer_InitiatePWM)
                  00013d58    00000044     StackWrapper.a : osal.o (.text)
                  00013d9c    00000044                    : osal_timers.o (.text)
                  00013de0    00000044     drivers_cc26x2.aem4f : TimerCC26XX.oem4f (.text:TimerCC26XX_start)
                  00013e24    00000044                          : Timer.oem4f (.text:Timer_init)
                  00013e68    00000044                          : UART.oem4f (.text:UART_init)
                  00013eac    00000042     OneLib.a : ll.o (.text)
                  00013eee    00000042              : ll_common.o (.text)
                  00013f30    00000040     dpl_cc26x2.aem4f : ClockP_tirtos.oem4f (.text:ClockP_construct)
                  00013f70    00000040                      : ClockP_tirtos.oem4f (.text:ClockP_create)
                  00013fb0    00000040     drivers_cc26x2.aem4f : ECDHCC26X2.oem4f (.text:ECDHCC26X2_getPublicKeyResult)
                  00013ff0    00000040     driverlib.lib : osc.obj (.text:NOROM_OSC_HPOSCRelativeFrequencyOffsetGet)
                  00014030    00000040     OneLib.a : gap_configmgr.o (.text)
                  00014070    00000040              : gattservapp.o (.text)
                  000140b0    00000040              : linkdb.o (.text)
                  000140f0    00000040              : ll_common.o (.text)
                  00014130    00000040              : ll_common.o (.text)
                  00014170    00000040     drivers_cc26x2.aem4f : PWM.oem4f (.text:PWM_open)
                  000141b0    00000040                          : PowerCC26X2.oem4f (.text:PowerCC26XX_isStableXOSC_HF)
                  000141f0    00000040                          : Random.oem4f (.text:Random_getNumber)
                  00014230    00000040                          : RingBuf.oem4f (.text:RingBuf_get)
                  00014270    00000040     simple_stream_profile_server.obj (.text:SimpleStreamServer_allocateWithHeadroom)
                  000142b0    00000040     StackWrapper.a : osal.o (.text)
                  000142f0    00000040                    : osal_bufmgr.o (.text)
                  00014330    00000040                    : osal_bufmgr.o (.text)
                  00014370    00000040                    : osal_timers.o (.text)
                  000143b0    00000040     drivers_cc26x2.aem4f : TRNGCC26XX.oem4f (.text:TRNGCC26XX_copyToClient)
                  000143f0    00000040                          : Timer.oem4f (.text:Timer_open)
                  00014430    00000040                          : UART.oem4f (.text:UART_open)
                  00014470    00000040     rtsv7M4_T_le_v4SPD16_eabi.lib : u_divt2.asm.obj (.text)
                  000144b0    00000040     rom_sysbios.aem4f : rom_sysbios.obj (.text:ti_sysbios_family_arm_cc26xx_Timer_setThreshold__I)
                  000144f0    00000040                       : rom_sysbios.obj (.text:ti_sysbios_heaps_HeapCallback_Module_startup__E)
                  00014530    0000003e     dpl_cc26x2.aem4f : HwiP_tirtos.oem4f (.text:HwiP_construct)
                  0001456e    0000003e     drivers_cc26x2.aem4f : LED.oem4f (.text:LED_setBrightnessLevel)
                  000145ac    0000003e                          : LED.oem4f (.text:clockTimeoutHandler)
                  000145ea    00000002     StackWrapper.a : hal_assert.o (.text)
                  000145ec    0000003c     drivers_cc26x2.aem4f : GPTimerCC26XX.oem4f (.text:GPTimerCC26XX_unregisterInterrupt)
                  00014628    0000003c                          : LED.oem4f (.text:LED_setOff)
                  00014664    0000003c     nvocmp.obj (.text:NVOCMP_disableCache$7)
                  000146a0    0000003c     OneLib.a : gap_linkmgr.o (.text)
                  000146dc    0000003c              : gattservapp.o (.text)
                  00014718    0000003c              : gattservapp.o (.text)
                  00014754    0000003c              : gattservapp.o (.text)
                  00014790    0000003c              : ll_ae.o (.text)
                  000147cc    0000003c     drivers_cc26x2.aem4f : PINCC26XX.oem4f (.text:PIN_setOutputValue)
                  00014808    0000003c     rf_multiMode_cc26x2.aem4f : RFCC26X2_multiMode.c.cc26x2.ccs.o (.text:RF_cmdGet)
                  00014844    0000003c                               : RFCC26X2_multiMode.c.cc26x2.ccs.o (.text:RF_cmdStoreEvents)
                  00014880    0000003c     StackWrapper.a : osal.o (.text)
                  000148bc    0000003c                    : osal.o (.text)
                  000148f8    0000003c                    : osal.o (.text)
                  00014934    0000003c                    : osal_timers.o (.text)
                  00014970    0000003c                    : sm_ecc.o (.text)
                  000149ac    0000003c     drivers_cc26x2.aem4f : NVSCC26XX.oem4f (.text:checkEraseRange)
                  000149e8    0000003c     rom_sysbios.aem4f : rom_sysbios.obj (.text:ti_sysbios_family_arm_m3_Hwi_construct2__E)
                  00014a24    0000003c     simple_serial_socket_server.obj (.text:uartWriteCallback$3)
                  00014a60    0000003a     StackWrapper.a : osal.o (.text)
                  00014a9a    00000002                    : onboard.o (.text)
                  00014a9c    00000038     ti_drivers_config.obj (.text:Board_shutDownExtFlash)
                  00014ad4    00000038     OneLib.a : hci.o (.text)
                  00014b0c    00000038              : linkdb.o (.text)
                  00014b44    00000038              : ll_ae.o (.text)
                  00014b7c    00000038              : ll_ae.o (.text)
                  00014bb4    00000038              : ll_enc.o (.text)
                  00014bec    00000038              : ll_scheduler.o (.text)
                  00014c24    00000038     drivers_cc26x2.aem4f : PINCC26XX.oem4f (.text:PIN_setConfig)
                  00014c5c    00000038     rf_multiMode_cc26x2.aem4f : RFCC26X2_multiMode.c.cc26x2.ccs.o (.text:RF_checkCmdFsError)
                  00014c94    00000038                               : RFCC26X2_multiMode.c.cc26x2.ccs.o (.text:RF_powerConstraintRelease)
                  00014ccc    00000038     simple_serial_socket_server.obj (.text:SimpleSerialSocketServer_RegisterToAllConnectionEvent)
                  00014d04    00000038     StackWrapper.a : osal_timers.o (.text)
                  00014d3c    00000038     drivers_cc26x2.aem4f : PowerCC26X2.oem4f (.text:notify)
                  00014d74    00000038                          : UARTCC26XX.oem4f (.text:readData)
                  00014dac    00000038                          : UARTCC26XX.oem4f (.text:writeData)
                  00014de4    00000036                          : ECDHCC26X2.oem4f (.text:ECDHCC26X2_convertReturnValue)
                  00014e1a    00000036                          : LED.oem4f (.text:LED_setOn)
                  00014e50    00000036     StackWrapper.a : ble_dispatch_lite.o (.text)
                  00014e86    00000036     drivers_cc26x2.aem4f : TimerCC26XX.oem4f (.text:TimerCC26XX_stop)
                  00014ebc    00000036     rom_sysbios.aem4f : rom_sysbios.obj (.text:ti_sysbios_family_arm_cc26xx_Timer_setNextTick__E)
                  00014ef2    00000002     drivers_cc26x2.aem4f : TimerCC26XX.oem4f (.text:TimerCC26XX_init)
                  00014ef4    00000034     gattservapp_util.obj (.text:GATTServApp_InitCharCfg)
                  00014f28    00000034     drivers_cc26x2.aem4f : GPTimerCC26XX.oem4f (.text:GPTimerCC26XXSetLoadMatch)
                  00014f5c    00000034                          : GPTimerCC26XX.oem4f (.text:GPTimerCC26XX_configureDebugStall)
                  00014f90    00000034     icall.obj (.text:ICall_getLocalMsgEntityId)
                  00014fc4    00000034     icall.obj (.text:ICall_heapFree)
                  00014ff8    00000034     icall.obj (.text:ICall_searchServiceEntity)
                  0001502c    00000034     driverlib.lib : sys_ctrl.obj (.text:NOROM_SysCtrlIdle)
                  00015060    00000034     nvocmp.obj (.text:NVOCMP_verifyCRC$7)
                  00015094    00000034     OneLib.a : hci.o (.text)
                  000150c8    00000034              : hci_tl.o (.text)
                  000150fc    00000034              : ll_scheduler.o (.text)
                  00015130    00000034              : ll_scheduler.o (.text)
                  00015164    00000034     drivers_cc26x2.aem4f : PWMTimerCC26XX.oem4f (.text:PWMTimerCC26XX_getperiodCounts)
                  00015198    00000034     rf_multiMode_cc26x2.aem4f : RFCC26X2_multiMode.c.cc26x2.ccs.o (.text:RF_runDirectImmediateCmd)
                  000151cc    00000034     StackWrapper.a : icall_startup.o (.text)
                  00015200    00000034     drivers_cc26x2.aem4f : UARTCC26XX.oem4f (.text:readData2RingBuf)
                  00015234    00000034     rom_sysbios.aem4f : rom_sysbios.obj (.text:ti_sysbios_knl_Swi_setPri__E)
                  00015268    00000034                       : rom_sysbios.obj (.text:usleep)
                  0001529c    00000032                       : rom_sysbios.obj (.text:ti_sysbios_gates_GateMutexPri_insertPri__I)
                  000152ce    00000002     rtsv7M4_T_le_v4SPD16_eabi.lib : _lock.c.obj (.text:_nop)
                  000152d0    00000030     drivers_cc26x2.aem4f : AESECBCC26XX.oem4f (.text:AESECB_cleanup)
                  00015300    00000030                          : GPIOCC26XX.oem4f (.text:GPIO_hwiIntFxn)
                  00015330    00000030                          : GPIOCC26XX.oem4f (.text:GPIO_setCallback)
                  00015360    00000030                          : GPTimerCC26XX.oem4f (.text:GPTimerCC26XX_close)
                  00015390    00000030     icall.obj (.text:ICall_dispatch$16)
                  000153c0    00000030     icall.obj (.text:ICall_msecs2Ticks$16)
                  000153f0    00000030     icall.obj (.text:ICall_primEntityId2ServiceId$16)
                  00015420    00000030     nvocmp.obj (.text:NVOCMP_changePageState$7)
                  00015450    00000030     drivers_cc26x2.aem4f : NVSCC26XX.oem4f (.text:NVSCC26XX_erase)
                  00015480    00000030     OneLib.a : gattservapp.o (.text)
                  000154b0    00000030              : ll_scheduler.o (.text)
                  000154e0    00000030     drivers_cc26x2.aem4f : PINCC26XX.oem4f (.text:PINCC26XX_setMux)
                  00015510    00000030                          : PWMTimerCC26XX.oem4f (.text:PWMTimerCC26XX_start)
                  00015540    00000030                          : PowerCC26X2.oem4f (.text:Power_releaseConstraint)
                  00015570    00000030                          : PowerCC26X2.oem4f (.text:Power_setConstraint)
                  000155a0    00000030     simple_serial_socket_server.obj (.text:SimpleSerialSocketServer_UnRegisterToAllConnectionEvent)
                  000155d0    00000030     StackWrapper.a : osal_timers.o (.text)
                  00015600    00000030     drivers_cc26x2.aem4f : TRNGCC26XX.oem4f (.text:TRNGCC26XX_fillEntropyPool)
                  00015630    00000030     rf_multiMode_cc26x2.aem4f : rf_patch_cpe_bt5.c.cc26x2.ccs.o (.text:applyBt5Patch)
                  00015660    00000030     simple_serial_socket_server_app_pem4f.oem4f (.text:ti_sysbios_BIOS_atExitFunc__I)
                  00015690    00000030     simple_serial_socket_server_app_pem4f.oem4f (.text:ti_sysbios_BIOS_startFunc__I)
                  000156c0    00000030     rom_sysbios.aem4f : rom_sysbios.obj (.text:ti_sysbios_family_arm_cc26xx_Timer_getCurrentTick__E)
                  000156f0    00000030                       : rom_sysbios.obj (.text:ti_sysbios_family_arm_cc26xx_Timer_initDevice__I)
                  00015720    00000030     simple_serial_socket_server_app_pem4f.oem4f (.text:ti_sysbios_gates_GateMutexPri_Object__create__S)
                  00015750    00000030     simple_serial_socket_server_app_pem4f.oem4f (.text:ti_sysbios_gates_GateMutexPri_create)
                  00015780    00000030     simple_serial_socket_server_app_pem4f.oem4f (.text:ti_sysbios_heaps_HeapCallback_Object__create__S)
                  000157b0    00000030     rom_sysbios.aem4f : rom_sysbios.obj (.text:ti_sysbios_knl_Clock_getTimeout__E)
                  000157e0    0000002e     icall_cc2650.obj (.text:ICallPlatform_pwrDispenseImpl$17)
                  0001580e    0000002e     icall_cc2650.obj (.text:ICallPlatform_pwrRequireImpl$17)
                  0001583c    0000002e     OneLib.a : gattservapp.o (.text)
                  0001586a    0000002e     drivers_cc26x2.aem4f : TRNGCC26XX.oem4f (.text:TRNGCC26XX_serviceJob)
                  00015898    0000002c                          : GPTimerCC26XX.oem4f (.text:GPTimerCC26XX_getTimerValue)
                  000158c4    0000002c     icall.obj (.text:ICall_msgEnqueue$16)
                  000158f0    0000002c     icall.obj (.text:ICall_searchTask$16)
                  0001591c    0000002c     drivers_cc26x2.aem4f : NVS.oem4f (.text:NVS_init)
                  00015948    0000002c     OneLib.a : gatt_task.o (.text)
                  00015974    0000002c              : gattservapp.o (.text)
                  000159a0    0000002c              : sm_rsppairing.o (.text)
                  000159cc    0000002c     drivers_cc26x2.aem4f : PWMTimerCC26XX.oem4f (.text:PWMTimerCC26XX_close)
                  000159f8    0000002c                          : PWMTimerCC26XX.oem4f (.text:PWMTimerCC26XX_stop)
                  00015a24    0000002c     rf_multiMode_cc26x2.aem4f : RFCC26X2_multiMode.c.cc26x2.ccs.o (.text:RF_executeDirectImmediateCmd)
                  00015a50    0000002c     rom_init.obj (.text:ROM_Init)
                  00015a7c    0000002c     dpl_cc26x2.aem4f : SemaphoreP_tirtos.oem4f (.text:SemaphoreP_constructBinary)
                  00015aa8    0000002c                      : SemaphoreP_tirtos.oem4f (.text:SemaphoreP_createBinary)
                  00015ad4    0000002c     simple_serial_socket_server.obj (.text:SimpleSerialSocketServer_freeAttRsp$3)
                  00015b00    0000002c     StackWrapper.a : hal_assert.o (.text)
                  00015b2c    0000002c                    : osal_bufmgr.o (.text)
                  00015b58    0000002c     drivers_cc26x2.aem4f : TRNGCC26XX.oem4f (.text:TRNGCC26XX_stopTrng)
                  00015b84    0000002c                          : TimerCC26XX.oem4f (.text:TimerCC26XX_callbackfxn)
                  00015bb0    0000002c     rom_sysbios.aem4f : rom_sysbios.obj (.text:_pthread_delete$47)
                  00015bdc    0000002c     rtsv7M4_T_le_v4SPD16_eabi.lib : strncmp.c.obj (.text:strncmp)
                  00015c08    0000002c     simple_serial_socket_server_app_pem4f.oem4f (.text:ti_sysbios_gates_GateMutexPri_Handle__label__S)
                  00015c34    0000002c     simple_serial_socket_server_app_pem4f.oem4f (.text:ti_sysbios_heaps_HeapCallback_Handle__label__S)
                  00015c60    0000002c     rom_sysbios.aem4f : rom_sysbios.obj (.text:ti_sysbios_knl_Clock_getTicksUntilInterrupt__E)
                  00015c8c    0000002a     display.aem4f : DisplayUart.oem4f (.text:DisplayUartAnsi_clear)
                  00015cb6    0000002a                   : Display.oem4f (.text:Display_doPrintf)
                  00015ce0    0000002a     drivers_cc26x2.aem4f : List.oem4f (.text:List_insert)
                  00015d0a    0000002a     rf_multiMode_cc26x2.aem4f : RFCC26X2_multiMode.c.cc26x2.ccs.o (.text:RF_searchAndReplacePAOverride)
                  00015d34    00000028     drivers_cc26x2.aem4f : AESCTRCC26XX.oem4f (.text:AESCTR_cleanup)
                  00015d5c    00000028     rf_multiMode_cc26x2.aem4f : rfc.c.cc26x2.ccs.o (.text:NOROM_RFCOverrideSearch)
                  00015d84    00000028     nvocmp.obj (.text:NVOCMP_setCompactHdr$7)
                  00015dac    00000028     OneLib.a : gattservapp.o (.text)
                  00015dd4    00000028     drivers_cc26x2.aem4f : PowerCC26X2.oem4f (.text:Power_registerNotify)
                  00015dfc    00000028     rf_multiMode_cc26x2.aem4f : RFCC26X2_multiMode.c.cc26x2.ccs.o (.text:RF_calculateDeltaTimeUs)
                  00015e24    00000028                               : RFCC26X2_multiMode.c.cc26x2.ccs.o (.text:RF_runScheduleCmd)
                  00015e4c    00000028     simple_serial_socket_server.obj (.text:SimpleSerialSocketServer_advCB$3)
                  00015e74    00000028     StackWrapper.a : osal.o (.text)
                  00015e9c    00000028                    : osal_snv_wrapper.o (.text)
                  00015ec4    00000028                    : osal_snv_wrapper.o (.text)
[...]
20000fb9  l2capTaskID                                                     
20000fba  l2capNumChannels                                                
20000fbb  l2capNumDataPkts                                                
20000fbc  l2capNumPSM                                                     
20000fbd  l2capNumCoChannels                                              
20000fbe  l2cap_gattServAppTaskID                                         
20000fbf  l2capId                                                         
20000fc1  linkDBNumConns                                                  
20000fc2  linkDB_secureConnectionOnlyMode                                 
20000fc3  maxPduSize                                                      
20000fc4  rfFeModeBias                                                    
20000fc5  defaultPhy                                                      
20000fc6  maxNumTxDataBufs                                                
20000fc7  LL_TaskID                                                       
20000fc8  llState                                                         
20000fc9  rssiCorrection                                                  
20000fca  curTxPowerVal                                                   
20000fcb  maxTxPwrForDTM                                                  
20000fcc  onePktPerEvt                                                    
20000fcd  numComplPkts                                                    
20000fce  numComplPktsLimit                                               
20000fcf  numComplPktsFlush                                               
20000fd0  fastTxRespTime                                                  
20000fd1  slOverride                                                      
20000fd2  rxFifoFlowCtrl                                                  
20000fd3  numTxDataBufs                                                   
20000fd4  maxNumConns                                                     
20000fd5  aeCurHandle                                                     
20000fd6  aeCurAdvEnableHandle                                            
20000fd7  aeCurConnHandle                                                 
20000fd8  extScanIndex                                                    
20000fd9  extInitIndex                                                    
20000fda  scanState                                                       
20000fdb  lastPrimPhy                                                     
20000fdc  lastScanRsp                                                     
20000fdd  smTaskID                                                        
20000fde  SM_appExpectingKey                                              
200014e8  dispHandle                                                      
20001504  ledHandle                                                       
20001528  ssssTask                                                        
20001678  ssssTaskStack                                                   
20001ad0  PowerCC26X2_module                                              
20001c40  ROM_stateStruct                                                 
20001c40  ti_sysbios_knl_Clock_Module__state__V                           
20001c6c  ti_sysbios_family_arm_cc26xx_TimestampProvider_Module__state__V 
20001c70  xdc_runtime_Startup_Module__state__V                            
20001c78  xdc_runtime_Registry_Module__state__V                           
20001c80  ti_sysbios_BIOS_Module__state__V                                
20001ca4  ti_sysbios_knl_Swi_Module__state__V                             
20001cc0  ti_sysbios_knl_Task_Module__state__V                            
20001d04  xdc_runtime_Memory_Module__state__V                             
20001d08  xdc_runtime_System_Module__state__V                             
20001d10  ti_sysbios_family_arm_m3_Hwi_Module__state__V                   
20001d44  ti_sysbios_family_arm_cc26xx_Timer_Module__state__V             
20001e40  pairMode                                                        
20001e41  mitm                                                            
20001e42  ioCap                                                           
20001e43  bonding                                                         
20001e44  secureConnection                                                
20001e45  authenPairingOnly                                               
20001e46  autoSyncWL                                                      
20001e47  eccReGenPolicy                                                  
20001e48  KeySize                                                         
20001e49  removeLRUBond                                                   
20001e4a  KeyDistList                                                     
20001e4b  eccDebugKeys                                                    
20001e4c  eraseBondWhileInConn                                            
20001e4d  attDeviceName                                                   
20001e64  advParams1                                                      
20001e80  advData1                                                        
20001e9c  advParams2                                                      
20001eb8  advData2                                                        
20001ed4  scanResData1                                                    
20001ef4  gapAttrTbl                                                      
20001fa8  ICall_enterCriticalSection                                      
20001fac  ICall_leaveCriticalSection                                      
20001fb0  ICall_dispatcher                                                
20001fc4  heapmgrMemFreeTotal                                             
20001fd0  HEAPMGR_SIZE                                                    
2000213c  llUserConfig                                                    
200021a2  gAction                                                         
200021a3  NVOCMP_size                                                     
200021d0  NVOCMP_nvHandle                                                 
20002200  pOverrides_bleCommon                                            
20002254  ti_sysbios_gates_GateMutex_Object__table__V                     
200022a8  txPowerTable_2400_pa5                                           
200022f8  ti_sysbios_knl_Task_Object__table__V                            
20002344  patchedSlaveCtrlPktList                                         
20002348  ti_sysbios_family_arm_cc26xx_Timer_Object__table__V             
20002390  gattAttrTbl                                                     
200023d0  eccParams_NISTP256                                              
20002410  nvintfFncStruct                                                 
2000244c  ti_sysbios_knl_Swi_Module_State_0_readyQ__A                     
2000247c  ti_sysbios_knl_Swi_Object__table__V                             
200024ac  ti_sysbios_knl_Task_Module_State_0_readyQ__A                    
200024dc  _hposcCoeffs                                                    
20002520  ti_sysbios_knl_Clock_Object__table__V                           
20002540  xdc_runtime_Error_IgnoreBlock                                   
20002560  ti_sysbios_family_arm_m3_Hwi_Object__table__V                   
2000258c  gattAttrTbl_gatt_no_service_changed                             
2000259c  rfMode                                                          
200025ac  sizeInfo                                                        
200025bc  bleAppServiceInfoTable                                          
200025cc  gpioCallbackFunctions                                           
200025dc  gpioPinConfigs                                                  
200025ec  pOverrides_ble2Mbps                                             
200025fc  pOverrides_bleCoded                                             
2000260c  user0Cfg                                                        
2000261c  pOverrides_ble1Mbps                                             
20002628  ti_sysbios_heaps_HeapCallback_Object__table__V                  
2000263d  deviceNameCharProps                                             
2000263e  llUserConfig_maxPduSize                                         
20002648  bleUserCfg_maxPduSize                                           
2000264c  appAssertCback                                                  
20002650  pfnBMFree                                                       
20002654  lastAppOpcodeIdxSent                                            
20002658  _lock                                                           
2000265c  _unlock                                                         
20002660  periConnParameters                                              
20002668  RFCC26XX_schedulerPolicy                                        
20002670  pinUpperBound                                                   
20002674  pinLowerBound                                                   
20002678  pfnBMAlloc                                                      
2000267c  pRfErrCb                                                        
20002688  ti_sysbios_family_arm_m3_Hwi_Module__root__V                    
20002690  ti_sysbios_gates_GateHwi_Module__root__V                        
20002698  ti_sysbios_gates_GateMutexPri_Module__root__V                   
200026a0  ti_sysbios_gates_GateMutex_Module__root__V                      
200026a8  ti_sysbios_hal_Hwi_Module__root__V                              
200026b0  ti_sysbios_heaps_HeapCallback_Module__root__V                   
200026b8  ti_sysbios_heaps_HeapMem_Module__root__V                        
200026c0  ti_sysbios_knl_Clock_Module__root__V                            
200026c8  ti_sysbios_knl_Event_Module__root__V                            
200026d0  ti_sysbios_knl_Mailbox_Module__root__V                          
200026d8  ti_sysbios_knl_Queue_Module__root__V                            
200026e0  ti_sysbios_knl_Semaphore_Module__root__V                        
200026e8  ti_sysbios_knl_Swi_Module__root__V                              
200026f0  ti_sysbios_knl_Task_Module__root__V                             
200026fd  appearanceCharProps                                             
200026fe  baseTaskID                                                      
20002700  halAssertCback                                                  
20002704  icallServiceTblPtr                                              
20002710  main_func_sp                                                    
20002714  ti_sysbios_family_arm_m3_Hwi_Module_State_0_excContext__A       
20002718  ti_sysbios_family_arm_m3_Hwi_Module_State_0_excStack__A         
2000271c  ti_sysbios_knl_Task_Module_State_0_idleTask__A                  
20002720  CryptoResourceCC26XX_pollingFlag                                
20002722  PKAResourceCC26XX_pollingFlag                                   
20002728  ti_sysbios_family_arm_m3_Hwi_Module_State_0_excActive__A        
2000272a  periConnParamCharProps                                          
2000272b  centAddrResCharProps                                            
2000272c  centAddrRes                                                     
2000272d  resolvablePrivateAddressOnlyCharProps                           
2000272e  GATTServApp_gatt_no_service_changed                             
20002730  qosDefaultParameterPriority                                     
20002731  extScanChanMap                                                  
20002732  sizeOfAllExtConnParam                                           
20002733  rfRatHandle                                                     
20002736  gapEndAppTaskID                                                 
20002737  gapAppTaskID                                                    
20002738  legacyMode                                                      
20002748  ti_sysbios_knl_Task_Instance_State_0_stack__A                   
20002a48  uartCC26XXObjects                                               
20002bfc  ti_sysbios_family_arm_m3_Hwi_dispatchTable                      
20002cd4  LEDObjects                                                      
20002d8c  gptimerCC26XXObjects                                            
20002ea4  trngCC26XXObjects                                               
20002f24  pinHandleTable                                                  
20002fa0  cbTimers                                                        
20003018  timerCC26XXObjects                                              
20003080  aesctrdrbgXXObjects                                             
20003128  CryptoResourceCC26XX_accessSemaphore                            
20003178  CryptoResourceCC26XX_operationSemaphore                         
200031c8  PKAResourceCC26XX_accessSemaphore                               
20003218  PKAResourceCC26XX_operationSemaphore                            
20003268  nvFptrs                                                         
200032d8  llCteSamples                                                    
200032fc  req                                                             
2000331c  gapBond_remoteOobData                                           
2000333c  gapBond_localOobData                                            
200033bc  ecdhCC26X2Objects                                               
200033dc  pwmTimerCC26XXObjects                                           
20003450  CryptoResourceCC26XX_hwi                                        
2000346c  PKAResourceCC26XX_hwi                                           
20003488  deviceName                                                      
200034a0  llCoex                                                          
200034b8  aesccmCC26XXObjects                                             
200034d0  aesctrCC26XXObjects                                             
200034e8  aesecbCC26XXObjects                                             
20003528  llCteTest                                                       
20003534  cteAntennaProp                                                  
20003540  llTaskList                                                      
20003570  displayUartObject                                               
2000357c  secondaryAdvChannelMap                                          
2000358c  ggs_AppCBs                                                      
20003594  llCte                                                           
20003598  llConnExtParam                                                  
2000359c  extStackSettings                                                
200035a0  trngHandle                                                      
200035a4  LSTORecoveryArr                                                 
200035a8  pNextAdvSet                                                     
200035ac  llCurrentMappedChan                                             
200035b0  drbgHandle                                                      
200035b4  pRpaCfg                                                         
200035b8  gapBond_lruBondList                                             
200035bc  gapBondStateNodeHead                                            
200035c0  osal_syncHandle                                                 
200035c4  osal_tickperiod                                                 
200035c8  osal_max_msecs                                                  
200035cc  osal_icallMsg_hook                                              
200035d0  osal_qHead                                                      
200035d4  osal_eventloop_hook                                             
200035e0  OSAL_timeSeconds                                                
200035e4  timerHead                                                       
200035ec  osal_last_timestamp                                             
200035f8  PowerCC26XX_swiKey                                              
200035fc  PowerCC26XX_taskKey                                             
20003600  nvsCC26XXObjects                                                
20003604  tasksEvents                                                     
20003608  appearance                                                      
2000360a  maximumPduSize                                                  
2000360e  pwrmgr_attribute                                                
20003610  resolvablePrivateAddressOnly                                    
20003611  GATTServApp_att_delayed_req                                     
20003612  hciTaskID                                                       
20003613  hciL2capTaskID                                                  
20003614  hciGapTaskID                                                    
20003615  hciSmpTaskID                                                    
20003616  hciTestTaskID                                                   
20003617  hciVsEvtMask                                                    
20003618  secondaryAdvChannelMapPopCount                                  
20003619  scanReqRpt                                                      
2000361a  maxNumCteDataBufs                                               
2000361b  numActiveAdvSets                                                
2000361c  wlSize                                                          
2000361d  rlSize                                                          
2000361e  decryptResult                                                   
2000361f  smAuthenPairingOnlyMode                                         
20003620  icall_liteTaskId                                                
20003621  gapBond_removeLRUBond                                           
20003622  gapBond_syncRL                                                  
20003623  assertSubcause                                                  
20003624  osal_entity                                                     
20003625  pwrmgr_initialized                                              
20003627  driverlib_release_0_59848                                       
20003628  heapStart                                                       
20013c00  __stack                                                         
20013c00  heapEnd                                                         
20014000  __STACK_END                                                     
20014000  __STACK_TOP                                                     
20014000  __UNUSED_SRAM_end__                                             
e000e000  ti_sysbios_family_arm_m3_Hwi_nvic                               
ffffffff  __TI_pprof_out_hndl                                             
ffffffff  __TI_prof_data_size                                             
ffffffff  __TI_prof_data_start                                            
ffffffff  __binit__                                                       
ffffffff  __c_args__                                                      
ffffffff  binit                                                           
UNDEFED   ITM_flush                                                       
UNDEFED   ITM_restore                                                     
UNDEFED   SHT$$INIT_ARRAY$$Base                                           
UNDEFED   SHT$$INIT_ARRAY$$Limit                                          

[3041 symbols]
