******************************************************************************
                  TI ARM Linker PC v20.2.4                     
******************************************************************************
>> Linked Wed Mar 10 23:28:56 2021

OUTPUT FILE NAME:   <simple_serial_socket_server_app_CC26X2R1_LAUNCHXL_tirtos_ccs.out>
ENTRY POINT SYMBOL: "ResetISR"  address: 000124cd


MEMORY CONFIGURATION

         name            origin    length      used     unused   attr    fill
----------------------  --------  ---------  --------  --------  ----  --------
  FLASH                 00000000   00056000  0001e427  00037bd9  R  X
  FLASH_LAST_PAGE       00056000   00002000  00000058  00001fa8  R  X
  RTOS_SRAM             20000000   0000012c  000000e4  00000048  RW X
  SRAM                  20000fdf   00013021  000028ec  00010735  RW X


SEGMENT ALLOCATION MAP

run origin  load origin   length   init length attrs members
----------  ----------- ---------- ----------- ----- -------
00000000    00000000    0001a428   0001a428    r-x
  00000000    00000000    0000003c   0000003c    r-- .resetVecs
  0000003c    0000003c    00017c00   00017c00    r-x .text
  00017c3c    00017c3c    000020f7   000020f7    r-- .const
  00019d34    00019d34    00000144   00000144    r-- .rodata
  00019e78    00019e78    000005b0   000005b0    r-- .cinit
00048000    00048000    00004000   00000000    rw-
  00048000    00048000    00004000   00000000    rw- .TI.bound:flashBuf0
00057fa8    00057fa8    00000058   00000058    r--
  00057fa8    00057fa8    00000058   00000058    r-- .ccfg
20000100    20000100    0000000c   00000000    rw-
  20000100    20000100    00000004   00000000    rw- .data:xdcRomConstPtr
  20000104    20000104    00000004   00000000    rw- .data:xdcRomExternFuncPtr
  20000108    20000108    00000004   00000000    rw- .data:xdcRomStatePtr
20000fe0    20000fe0    000024ec   00000000    rw-
  20000fe0    20000fe0    000016ba   00000000    rw- .data
  200026a0    200026a0    00000e2c   00000000    rw- .bss
20013c00    20013c00    00000400   00000000    rw-
  20013c00    20013c00    00000400   00000000    rw- .stack


SECTION ALLOCATION MAP

 output                                  attributes/
section   page    origin      length       input sections
--------  ----  ----------  ----------   ----------------
.cinit     0    00019e78    000005b0     
                  00019e78    00000557     (.cinit..data.load) [load image, compression = lzss]
                  0001a3cf    00000001     --HOLE-- [fill = 0]
                  0001a3d0    0000000c     (__TI_handler_table)
                  0001a3dc    00000004     --HOLE-- [fill = 0]
                  0001a3e0    00000008     (.cinit..bss.load) [load image, compression = zero_init]
                  0001a3e8    00000008     (.cinit..data:xdcRomConstPtr.load) [load image, compression = lzss]
                  0001a3f0    00000008     (.cinit..data:xdcRomExternFuncPtr.load) [load image, compression = lzss]
                  0001a3f8    00000008     (.cinit..data:xdcRomStatePtr.load) [load image, compression = lzss]
                  0001a400    00000028     (__TI_cinit_table)

.init_array 
*          0    00000000    00000000     UNINITIALIZED

.ccfg      0    00057fa8    00000058     
                  00057fa8    00000058     ti_devices_config.obj (.ccfg:retain)

.data:xdcRomConstPtr 
*          0    20000100    00000004     UNINITIALIZED
                  20000100    00000004     simple_serial_socket_server_app_pem4f.oem4f (.data:xdcRomConstPtr)

.data:xdcRomExternFuncPtr 
*          0    20000104    00000004     UNINITIALIZED
                  20000104    00000004     simple_serial_socket_server_app_pem4f.oem4f (.data:xdcRomExternFuncPtr)

.data:xdcRomStatePtr 
*          0    20000108    00000004     UNINITIALIZED
                  20000108    00000004     simple_serial_socket_server_app_pem4f.oem4f (.data:xdcRomStatePtr)

.data      0    20000fe0    000016ba     UNINITIALIZED
                  20000fe0    000004f8     rf_multiMode_cc26x2.aem4f : RFCC26X2_multiMode.c.cc26x2.ccs.o (.data:$O1$$)
                  200014d8    00000420     simple_serial_socket_server.obj (.data:$O2$$)
                  200018f8    000001d4     devinfoservice.obj (.data:$O5$$)
                  20001acc    00000170     drivers_cc26x2.aem4f : PowerCC26X2.oem4f (.data:PowerCC26X2_module)
                  20001c3c    0000010c     simple_serial_socket_server_app_pem4f.oem4f (.data:ROM_stateStruct)
                  20001d48    000000f4     StackWrapper.a : gapbondmgr.o (.data)
                  20001e3c    000000b4     ti_ble_config.obj (.data:$O1$$)
                  20001ef0    000000b0     OneLib.a : gapgattserver.o (.data)
                  20001fa0    0000009c     icall.obj (.data:$O9$$)
                  2000203c    00000074     simple_stream_profile_server.obj (.data:$O7$$)
                  200020b0    00000064     OneLib.a : ll_config.o (.data)
                  20002114    00000060     nvocmp.obj (.data:$O4$$)
                  20002174    00000054     ti_radio_config.obj (.data:pOverrides_bleCommon)
                  200021c8    00000050     ti_radio_config.obj (.data:txPowerTable_2400_pa5)
                  20002218    0000004c     simple_serial_socket_server_app_pem4f.oem4f (.data:ti_sysbios_knl_Task_Object__table__V)
                  20002264    00000004     OneLib.a : ll_slave_end_causes.o (.data)
                  20002268    00000048     simple_serial_socket_server_app_pem4f.oem4f (.data:ti_sysbios_family_arm_cc26xx_Timer_Object__table__V)
                  200022b0    00000040     OneLib.a : gattservapp.o (.data)
                  200022f0    00000040     ble_user_config.obj (.data:eccParams_NISTP256)
                  20002330    0000003c     icall_user_config.obj (.data:nvintfFncStruct)
                  2000236c    00000038     simple_serial_socket_server_app_pem4f.oem4f (.data:ti_sysbios_gates_GateMutex_Object__table__V)
                  200023a4    00000030     simple_serial_socket_server_app_pem4f.oem4f (.data:ti_sysbios_knl_Swi_Module_State_0_readyQ__A)
                  200023d4    00000030     simple_serial_socket_server_app_pem4f.oem4f (.data:ti_sysbios_knl_Swi_Object__table__V)
                  20002404    00000030     simple_serial_socket_server_app_pem4f.oem4f (.data:ti_sysbios_knl_Task_Module_State_0_readyQ__A)
                  20002434    00000024     driverlib.lib : osc.obj (.data:$O15$$)
                  20002458    00000020     drivers_cc26x2.aem4f : TRNGCC26XX.oem4f (.data:entropyPoolBuffer)
                  20002478    00000020     simple_serial_socket_server_app_pem4f.oem4f (.data:ti_sysbios_knl_Clock_Object__table__V)
                  20002498    00000020     simple_serial_socket_server_app_pem4f.oem4f (.data:xdc_runtime_Error_IgnoreBlock)
                  200024b8    00000018     simple_serial_socket_server_app_pem4f.oem4f (.data:ti_sysbios_family_arm_m3_Hwi_Object__table__V)
                  200024d0    00000014     StackWrapper.a : osal.o (.data)
                  200024e4    00000010     OneLib.a : gattservapp.o (.data)
                  200024f4    00000010              : ll.o (.data)
                  20002504    00000010              : ll_data.o (.data)
                  20002514    00000010     icall_user_config.obj (.data:bleAppServiceInfoTable)
                  20002524    00000010     ti_drivers_config.obj (.data:gpioCallbackFunctions)
                  20002534    00000010     ti_drivers_config.obj (.data:gpioPinConfigs)
                  20002544    00000010     ti_radio_config.obj (.data:pOverrides_ble2Mbps)
                  20002554    00000010     ti_radio_config.obj (.data:pOverrides_bleCoded)
                  20002564    00000010     main.obj (.data:user0Cfg)
                  20002574    0000000c     ti_radio_config.obj (.data:pOverrides_ble1Mbps)
                  20002580    0000000c     simple_serial_socket_server_app_pem4f.oem4f (.data:ti_sysbios_heaps_HeapCallback_Object__table__V)
                  2000258c    00000009     devinfoservice.obj (.data)
                  20002595    00000001     OneLib.a : gapgattserver.o (.data)
                  20002596    00000002              : ll_config.o (.data)
                  20002598    00000008     icall_cc2650.obj (.data:$O11$$)
                  200025a0    00000008     ble_user_config.obj (.data:$O12$$)
                  200025a8    00000008     icall_api_lite.obj (.data:$O13$$)
                  200025b0    00000008     rtsv7M4_T_le_v4SPD16_eabi.lib : _lock.c.obj (.data:$O18$$)
                  200025b8    00000008     OneLib.a : gapgattserver.o (.data)
                  200025c0    00000008     rf_multiMode_cc26x2.aem4f : RFCC26X2_multiMode.c.cc26x2.ccs.o (.data:RFCC26XX_schedulerPolicy)
                  200025c8    00000008     drivers_cc26x2.aem4f : PINCC26XX.oem4f (.data)
                  200025d0    00000008     icall_api_lite.obj (.data)
                  200025d8    00000008     drivers_cc26x2.aem4f : TRNGCC26XX.oem4f (.data:jobList)
                  200025e0    00000008     simple_serial_socket_server_app_pem4f.oem4f (.data:ti_sysbios_family_arm_m3_Hwi_Module__root__V)
                  200025e8    00000008     simple_serial_socket_server_app_pem4f.oem4f (.data:ti_sysbios_gates_GateHwi_Module__root__V)
                  200025f0    00000008     simple_serial_socket_server_app_pem4f.oem4f (.data:ti_sysbios_gates_GateMutexPri_Module__root__V)
                  200025f8    00000008     simple_serial_socket_server_app_pem4f.oem4f (.data:ti_sysbios_gates_GateMutex_Module__root__V)
                  20002600    00000008     simple_serial_socket_server_app_pem4f.oem4f (.data:ti_sysbios_hal_Hwi_Module__root__V)
                  20002608    00000008     simple_serial_socket_server_app_pem4f.oem4f (.data:ti_sysbios_heaps_HeapCallback_Module__root__V)
                  20002610    00000008     simple_serial_socket_server_app_pem4f.oem4f (.data:ti_sysbios_heaps_HeapMem_Module__root__V)
                  20002618    00000008     simple_serial_socket_server_app_pem4f.oem4f (.data:ti_sysbios_knl_Clock_Module__root__V)
                  20002620    00000008     simple_serial_socket_server_app_pem4f.oem4f (.data:ti_sysbios_knl_Event_Module__root__V)
                  20002628    00000008     simple_serial_socket_server_app_pem4f.oem4f (.data:ti_sysbios_knl_Mailbox_Module__root__V)
                  20002630    00000008     simple_serial_socket_server_app_pem4f.oem4f (.data:ti_sysbios_knl_Queue_Module__root__V)
                  20002638    00000008     simple_serial_socket_server_app_pem4f.oem4f (.data:ti_sysbios_knl_Semaphore_Module__root__V)
                  20002640    00000008     simple_serial_socket_server_app_pem4f.oem4f (.data:ti_sysbios_knl_Swi_Module__root__V)
                  20002648    00000008     simple_serial_socket_server_app_pem4f.oem4f (.data:ti_sysbios_knl_Task_Module__root__V)
                  20002650    00000005     drivers_cc26x2.aem4f : GPIOCC26XX.oem4f (.data)
                  20002655    00000001     OneLib.a : gapgattserver.o (.data)
                  20002656    00000002     StackWrapper.a : osal_cbtimer.o (.data)
                  20002658    00000004                    : hal_assert.o (.data)
                  2000265c    00000004     ble_user_config_stack.obj (.data)
                  20002660    00000004     drivers_cc26x2.aem4f : PWMTimerCC26XX.oem4f (.data)
                  20002664    00000004                          : GPIOCC26XX.oem4f (.data:gpioPinTable)
                  20002668    00000004     rtsv7M4_T_le_v4SPD16_eabi.lib : stkdepth_vars.c.obj (.data)
                  2000266c    00000004     simple_serial_socket_server_app_pem4f.oem4f (.data:ti_sysbios_family_arm_m3_Hwi_Module_State_0_excContext__A)
                  20002670    00000004     simple_serial_socket_server_app_pem4f.oem4f (.data:ti_sysbios_family_arm_m3_Hwi_Module_State_0_excStack__A)
                  20002674    00000004     simple_serial_socket_server_app_pem4f.oem4f (.data:ti_sysbios_knl_Task_Module_State_0_idleTask__A)
                  20002678    00000002     drivers_cc26x2.aem4f : CryptoResourceCC26XX.oem4f (.data)
                  2000267a    00000002                          : PKAResourceCC26XX.oem4f (.data)
                  2000267c    00000002                          : TRNGCC26XX.oem4f (.data)
                  2000267e    00000002     simple_stream_profile_server.obj (.data)
                  20002680    00000002     simple_serial_socket_server_app_pem4f.oem4f (.data:ti_sysbios_family_arm_m3_Hwi_Module_State_0_excActive__A)
                  20002682    00000001     OneLib.a : gapgattserver.o (.data)
                  20002683    00000001              : gapgattserver.o (.data)
                  20002684    00000001              : gapgattserver.o (.data)
                  20002685    00000001              : gapgattserver.o (.data)
                  20002686    00000001              : gattservapp.o (.data)
                  20002687    00000001              : gattservapp.o (.data)
                  20002688    00000001              : ll.o (.data)
                  20002689    00000001              : ll_ae.o (.data)
                  2000268a    00000001              : ll_data.o (.data)
                  2000268b    00000001              : ll_scheduler.o (.data)
                  2000268c    00000001     simple_stream_profile_server.obj (.data:SimpleStreamServer_DataInVal$11)
                  2000268d    00000001     simple_stream_profile_server.obj (.data:SimpleStreamServer_DataOutVal$11)
                  2000268e    00000001     StackWrapper.a : gap.o (.data)
                  2000268f    00000001                    : gap.o (.data)
                  20002690    00000001                    : hal_assert.o (.data)
                  20002691    00000001     drivers_cc26x2.aem4f : AESCCMCC26XX.oem4f (.data)
                  20002692    00000001                          : AESCTRCC26XX.oem4f (.data)
                  20002693    00000001                          : AESCTRDRBGXX.oem4f (.data)
                  20002694    00000001                          : AESECBCC26XX.oem4f (.data)
                  20002695    00000001                          : ECDHCC26X2.oem4f (.data)
                  20002696    00000001                          : NVS.oem4f (.data)
                  20002697    00000001                          : PWM.oem4f (.data)
                  20002698    00000001                          : UART.oem4f (.data)
                  20002699    00000001     rf_multiMode_cc26x2.aem4f : rf_patch_cpe_bt5.c.cc26x2.ccs.o (.data)

.bss       0    200026a0    00000e2c     UNINITIALIZED
                  200026a0    00000300     simple_serial_socket_server_app_pem4f.oem4f (.bss:taskStackSection)
                  200029a0    000001b4     (.common:uartCC26XXObjects)
                  20002b54    000000d8     (.common:ti_sysbios_family_arm_m3_Hwi_dispatchTable)
                  20002c2c    000000b8     (.common:LEDObjects)
                  20002ce4    00000080     ti_drivers_config.obj (.bss:displayUARTBuffer)
                  20002d64    00000080     (.common:trngCC26XXObjects)
                  20002de4    0000007c     (.common:pinHandleTable)
                  20002e60    00000078     StackWrapper.a : osal_cbtimer.o (.bss)
                  20002ed8    00000058     (.common:aesctrdrbgXXObjects)
                  20002f30    00000050     drivers_cc26x2.aem4f : PINCC26XX.oem4f (.bss:pinSemaphore)
                  20002f80    00000050     (.common:CryptoResourceCC26XX_accessSemaphore)
                  20002fd0    00000050     (.common:CryptoResourceCC26XX_operationSemaphore)
                  20003020    00000050     (.common:PKAResourceCC26XX_accessSemaphore)
                  20003070    00000050     (.common:PKAResourceCC26XX_operationSemaphore)
                  200030c0    0000004c     (.common:gptimerCC26XXObjects)
                  2000310c    0000003c     StackWrapper.a : osal_snv_wrapper.o (.bss)
                  20003148    00000034     drivers_cc26x2.aem4f : PINCC26XX.oem4f (.bss:pinSwi)
                  2000317c    00000024     OneLib.a : ll.o (.bss)
                  200031a0    00000020              : gattservapp.o (.bss)
                  200031c0    00000020     StackWrapper.a : gapbondmgr.o (.bss)
                  200031e0    00000020                    : gapbondmgr.o (.bss)
                  20003200    00000020     drivers_cc26x2.aem4f : GPIOCC26XX.oem4f (.bss:gpioCallbackInfo)
                  20003220    00000020                          : PINCC26XX.oem4f (.bss:pinGpioConfigTable)
                  20003240    00000020     ti_drivers_config.obj (.bss:uartCC26XXRingBuffer0)
                  20003260    00000020     (.common:ecdhCC26X2Objects)
                  20003280    00000020     (.common:pwmTimerCC26XXObjects)
                  200032a0    0000001c     drivers_cc26x2.aem4f : TRNGCC26XX.oem4f (.bss:TRNGCC26XX_hwi)
                  200032bc    0000001c                          : TRNGCC26XX.oem4f (.bss:entropyPool)
                  200032d8    0000001c                          : PINCC26XX.oem4f (.bss:pinHwi)
                  200032f4    0000001c     (.common:CryptoResourceCC26XX_hwi)
                  20003310    0000001c     (.common:PKAResourceCC26XX_hwi)
                  2000332c    00000018     OneLib.a : gapgattserver.o (.bss)
                  20003344    00000018              : ll_common.o (.bss)
                  2000335c    00000018     (.common:aesccmCC26XXObjects)
                  20003374    00000018     (.common:aesctrCC26XXObjects)
                  2000338c    00000018     (.common:aesecbCC26XXObjects)
                  200033a4    00000014     rf_multiMode_cc26x2.aem4f : RFCC26X2_multiMode.c.cc26x2.ccs.o (.bss:RF_ratSyncCmd)
                  200033b8    00000014     drivers_cc26x2.aem4f : Random.oem4f (.bss:state)
                  200033cc    0000000c     OneLib.a : ll.o (.bss)
                  200033d8    0000000c              : ll.o (.bss)
                  200033e4    0000000c              : ll_scheduler.o (.bss)
                  200033f0    0000000c     drivers_cc26x2.aem4f : NVSCC26XX.oem4f (.bss)
                  200033fc    0000000c                          : GPIOCC26XX.oem4f (.bss:gpioPinState)
                  20003408    0000000c                          : PWMTimerCC26XX.oem4f (.bss:pinState)
                  20003414    0000000c     (.common:displayUartObject)
                  20003420    00000008     OneLib.a : ll.o (.bss)
                  20003428    00000008     drivers_cc26x2.aem4f : GPIOCC26XX.oem4f (.bss)
                  20003430    00000004     OneLib.a : gapgattserver.o (.bss)
                  20003434    00000004              : gattservapp.o (.bss)
                  20003438    00000004              : ll.o (.bss)
                  2000343c    00000004              : ll.o (.bss)
                  20003440    00000004              : ll.o (.bss)
                  20003444    00000004              : ll.o (.bss)
                  20003448    00000004              : ll.o (.bss)
                  2000344c    00000004              : ll_ae.o (.bss)
                  20003450    00000004              : ll_common.o (.bss)
                  20003454    00000004              : ll_enc.o (.bss)
                  20003458    00000004              : ll_privacy.o (.bss)
                  2000345c    00000004     StackWrapper.a : gapbondmgr.o (.bss)
                  20003460    00000004                    : gapbondmgr.o (.bss)
                  20003464    00000004                    : osal.o (.bss)
                  20003468    00000004                    : osal.o (.bss)
                  2000346c    00000004                    : osal.o (.bss)
                  20003470    00000004                    : osal.o (.bss)
                  20003474    00000004                    : osal.o (.bss)
                  20003478    00000004                    : osal.o (.bss)
                  2000347c    00000004                    : osal_bufmgr.o (.bss)
                  20003480    00000004                    : osal_clock.o (.bss)
                  20003484    00000004                    : osal_clock.o (.bss)
                  20003488    00000004                    : osal_timers.o (.bss)
                  2000348c    00000004                    : osal_timers.o (.bss)
                  20003490    00000004                    : osal_timers.o (.bss)
                  20003494    00000004     drivers_cc26x2.aem4f : ECDHCC26X2.oem4f (.bss)
                  20003498    00000004                          : PINCC26XX.oem4f (.bss)
                  2000349c    00000004     (.common:PowerCC26XX_swiKey)
                  200034a0    00000004     (.common:PowerCC26XX_taskKey)
                  200034a4    00000004     (.common:nvsCC26XXObjects)
                  200034a8    00000004     (.common:tasksEvents)
                  200034ac    00000002     OneLib.a : gapgattserver.o (.bss)
                  200034ae    00000002              : ll.o (.bss)
                  200034b0    00000002              : ll_slave_end_causes.o (.bss)
                  200034b2    00000002     StackWrapper.a : osal_pwrmgr.o (.bss)
                  200034b4    00000001     OneLib.a : gapgattserver.o (.bss)
                  200034b5    00000001              : gattservapp.o (.bss)
                  200034b6    00000001              : hci_tl.o (.bss)
                  200034b7    00000001              : hci_tl.o (.bss)
                  200034b8    00000001              : hci_tl.o (.bss)
                  200034b9    00000001              : hci_tl.o (.bss)
                  200034ba    00000001              : hci_tl.o (.bss)
                  200034bb    00000001              : hci_tl.o (.bss)
                  200034bc    00000001              : ll.o (.bss)
                  200034bd    00000001              : ll.o (.bss)
                  200034be    00000001              : ll.o (.bss)
                  200034bf    00000001              : ll_ae.o (.bss)
                  200034c0    00000001              : ll_config.o (.bss)
                  200034c1    00000001              : ll_config.o (.bss)
                  200034c2    00000001              : ll_enc.o (.bss)
                  200034c3    00000001              : sm_task.o (.bss)
                  200034c4    00000001     StackWrapper.a : ble_dispatch_lite.o (.bss)
                  200034c5    00000001                    : gapbondmgr.o (.bss)
                  200034c6    00000001                    : gapbondmgr.o (.bss)
                  200034c7    00000001                    : hal_assert.o (.bss)
                  200034c8    00000001                    : osal.o (.bss)
                  200034c9    00000001                    : osal_pwrmgr.o (.bss)
                  200034ca    00000001     rf_multiMode_cc26x2.aem4f : RFCC26X2_multiMode.c.cc26x2.ccs.o (.bss)
                  200034cb    00000001     (.common:driverlib_release_0_59848)

.vtable    0    200034cc    00000000     UNINITIALIZED

.vtable_ram 
*          0    200034cc    00000000     UNINITIALIZED

vtable_ram 
*          0    200034cc    00000000     UNINITIALIZED

.sysmem    0    200034cc    00000000     UNINITIALIZED

.nonretenvar 
*          0    200034cc    00000000     UNINITIALIZED

.stack     0    20013c00    00000400     UNINITIALIZED
                  20013c00    00000400     --HOLE--

.bootVecs 
*          0    00000000    00000008     DSECT
                  00000000    00000008     boot.aem4f : boot.oem4f (.bootVecs)

.resetVecs 
*          0    00000000    0000003c     
                  00000000    0000003c     simple_serial_socket_server_app_pem4f.oem4f (.resetVecs)

.vecs      0    20000000    000000d8     NOLOAD SECTION
                  20000000    000000d8     simple_serial_socket_server_app_pem4f.oem4f (.vecs)

xdc.meta   0    00000000    0000012c     COPY SECTION
                  00000000    0000012c     simple_serial_socket_server_app_pem4f.oem4f (xdc.meta)

xdc.noload 
*          0    00000000    00000000     COPY SECTION

.TI.bound:flashBuf0 
*          0    00048000    00004000     UNINITIALIZED
                  00048000    00004000     ti_drivers_config.obj (.TI.bound:flashBuf0)

.text      0    0000003c    00017c00     
                  0000003c    000009dc     StackWrapper.a : gapbondmgr.o (.text)
                  00000a18    00000758                    : gapbondmgr.o (.text)
                  00001170    000006bc     OneLib.a : ll_adv_end_causes.o (.text)
                  0000182c    000004ec              : ll_ae.o (.text)
                  00001d18    000004b0     rf_multiMode_cc26x2.aem4f : RFCC26X2_multiMode.c.cc26x2.ccs.o (.text:RF_fsmActiveState)
                  000021c8    0000047c     OneLib.a : ll_slave_end_causes.o (.text)
                  00002644    00000474              : ll.o (.text)
                  00002ab8    00000460              : ll_isr.o (.text)
                  00002f18    00000434     simple_serial_socket_server.obj (.text:SimpleSerialSocketServer_taskFxn$3)
                  0000334c    000003c4     OneLib.a : ble.o (.text)
                  00003710    000003b4              : ll_isr.o (.text)
                  00003ac4    000003a4              : ll_scheduler.o (.text)
                  00003e68    00000390              : ll_slave_end_causes.o (.text)
                  000041f8    00000340              : ll_ae.o (.text)
                  00004538    00000324              : ll_scheduler.o (.text)
                  0000485c    00000318              : ll.o (.text)
                  00004b74    000002d8              : ll_ae.o (.text)
                  00004e4c    00000298     StackWrapper.a : gapbondmgr.o (.text)
                  000050e4    0000025c     nvocmp.obj (.text:NVOCMP_addItem$7)
                  00005340    0000025c     OneLib.a : ll_isr.o (.text)
                  0000559c    0000025c     StackWrapper.a : gapbondmgr.o (.text)
                  000057f8    00000254     OneLib.a : ll_data.o (.text)
                  00005a4c    0000022c              : ll_isr.o (.text)
                  00005c78    00000220              : ll_ae.o (.text)
                  00005e98    0000021c              : ll_common.o (.text)
                  000060b4    00000218     drivers_cc26x2.aem4f : ECDHCC26X2.oem4f (.text:ECDHCC26X2_runFSM)
                  000062cc    00000218     nvocmp.obj (.text:NVOCMP_initNv$7)
                  000064e4    00000218     simple_serial_socket_server.obj (.text:SimpleSerialSocketServer_init$3)
                  000066fc    00000210     rf_multiMode_cc26x2.aem4f : RFCC26X2_multiMode.c.cc26x2.ccs.o (.text:RF_scheduleCmd)
                  0000690c    00000204     OneLib.a : gattservapp.o (.text)
                  00006b10    00000200     rf_multiMode_cc26x2.aem4f : RFCC26X2_multiMode.c.cc26x2.ccs.o (.text:RF_open)
                  00006d10    000001e0     drivers_cc26x2.aem4f : PINCC26XX.oem4f (.text:PIN_init)
                  00006ef0    000001e0     osal_icall_ble.obj (.text:stack_main)
                  000070d0    000001dc     StackWrapper.a : osal.o (.text)
                  000072ac    000001d4     rf_multiMode_cc26x2.aem4f : RFCC26X2_multiMode.c.cc26x2.ccs.o (.text:RF_dispatchNextCmd)
                  00007480    000001d0     OneLib.a : ll.o (.text)
                  00007650    000001bc     main.obj (.text:AssertHandler)
                  0000780c    00000198     drivers_cc26x2.aem4f : PowerCC26X2.oem4f (.text:Power_sleep)
                  000079a4    00000192     OneLib.a : ll_common.o (.text)
                  00007b36    00000002     ti_drivers_config.obj (.text:Board_initHook)
                  00007b38    00000190     drivers_cc26x2.aem4f : PowerCC26X2_calibrateRCOSC.oem4f (.text:calibrateRcoscHf1)
                  00007cc8    00000190     icall.obj (.text:icall_directAPI)
                  00007e58    0000018c     OneLib.a : ll_scheduler.o (.text)
                  00007fe4    0000018c     drivers_cc26x2.aem4f : PowerCC26X2_calibrateRCOSC.oem4f (.text:runCalibrateFsm)
                  00008170    00000188     nvocmp.obj (.text:NVOCMP_compact$7)
                  000082f8    00000180     OneLib.a : ll_isr.o (.text)
                  00008478    00000174              : gattservapp.o (.text)
                  000085ec    00000174     drivers_cc26x2.aem4f : PowerCC26X2.oem4f (.text:Power_init)
                  00008760    00000164                          : UARTCC26XX.oem4f (.text:UARTCC26XX_open)
                  000088c4    00000162     StackWrapper.a : osal.o (.text)
                  00008a26    00000002     ble_user_config.obj (.text:DefaultAssertCback)
                  00008a28    00000158     driverlib.lib : sys_ctrl.obj (.text:NOROM_SysCtrlStandby)
                  00008b80    00000154     rf_multiMode_cc26x2.aem4f : RFCC26X2_multiMode.c.cc26x2.ccs.o (.text:RF_radioOpDoneCb)
                  00008cd4    00000154     drivers_cc26x2.aem4f : UARTCC26XX.oem4f (.text:UARTCC26XX_hwiIntFxn)
                  00008e28    0000014c     OneLib.a : ll_common.o (.text)
                  00008f74    0000014c              : ll_isr.o (.text)
                  000090c0    00000148              : ll_ae.o (.text)
                  00009208    00000148     rf_multiMode_cc26x2.aem4f : RFCC26X2_multiMode.c.cc26x2.ccs.o (.text:RF_fsmSetupState)
                  00009350    00000144     StackWrapper.a : gap.o (.text)
                  00009494    00000140     drivers_cc26x2.aem4f : AESCCMCC26XX.oem4f (.text:AESCCM_startOperation)
                  000095d4    00000140     OneLib.a : gattservapp.o (.text)
                  00009714    0000013c     rf_multiMode_cc26x2.aem4f : RFCC26X2_multiMode.c.cc26x2.ccs.o (.text:RF_ratSetupChannel)
                  00009850    0000013a     drivers_cc26x2.aem4f : UARTCC26XX.oem4f (.text:UARTCC26XX_read)
                  0000998a    00000002     display.aem4f : DisplayUart.oem4f (.text:DisplayUartAnsi_init)
                  0000998c    00000138     drivers_cc26x2.aem4f : ECDHCC26X2.oem4f (.text:ECDH_computeSharedSecret)
                  00009ac4    00000138                          : NVSCC26XX.oem4f (.text:NVSCC26XX_write)
                  00009bfc    00000138     rf_multiMode_cc26x2.aem4f : RFCC26X2_multiMode.c.cc26x2.ccs.o (.text:RF_abortCmd)
                  00009d34    00000128     OneLib.a : gap_task.o (.text)
                  00009e5c    00000124              : ll_common.o (.text)
                  00009f80    00000120     nvocmp.obj (.text:NVOCMP_compactPage$7)
                  0000a0a0    00000120     OneLib.a : ll_common.o (.text)
                  0000a1c0    00000120              : ll_data.o (.text)
                  0000a2e0    00000120     drivers_cc26x2.aem4f : PowerCC26X2.oem4f (.text:configureXOSCHF)
                  0000a400    00000114     OneLib.a : ll_common.o (.text)
                  0000a514    00000114     drivers_cc26x2.aem4f : PINCC26XX.oem4f (.text:PINCC26XX_setIoCfg)
                  0000a628    00000112     rf_multiMode_cc26x2.aem4f : RFCC26X2_multiMode.c.cc26x2.ccs.o (.text:RF_decodeOverridePointers)
                  0000a73a    00000002     drivers_cc26x2.aem4f : LED.oem4f (.text:LED_init)
                  0000a73c    00000110                          : GPIOCC26XX.oem4f (.text:GPIO_setConfig)
                  0000a84c    00000110                          : LED.oem4f (.text:LED_open)
                  0000a95c    0000010c     OneLib.a : gatt_client.o (.text)
                  0000aa68    0000010c              : ll_isr.o (.text)
                  0000ab74    00000106     simple_serial_socket_server_app_pem4f.oem4f (.text:xdc_runtime_System_printfExtend__I)
                  0000ac7a    00000002     rom_init.obj (.text:MAP_llClearPeriodicAdvSets)
                  0000ac7c    00000104     drivers_cc26x2.aem4f : AESECBCC26XX.oem4f (.text:AESECB_startOperation)
                  0000ad80    00000104     rf_multiMode_cc26x2.aem4f : RFCC26X2_multiMode.c.cc26x2.ccs.o (.text:RF_hwiCpe0Active)
                  0000ae84    00000100     nvocmp.obj (.text:NVOCMP_findItem$7)
                  0000af84    000000fc     OneLib.a : ll_scheduler.o (.text)
                  0000b080    000000f8              : sm_rsppairing.o (.text)
                  0000b178    000000f4     drivers_cc26x2.aem4f : AESCTRCC26XX.oem4f (.text:AESCTR_startOperation)
                  0000b26c    000000f0     OneLib.a : ll_scheduler.o (.text)
                  0000b35c    000000f0              : ll_scheduler.o (.text)
                  0000b44c    000000f0     rf_multiMode_cc26x2.aem4f : RFCC26X2_multiMode.c.cc26x2.ccs.o (.text:RF_fsmPowerUpState)
                  0000b53c    000000ec     OneLib.a : gap_advertiser.o (.text)
                  0000b628    000000ec              : ll_common.o (.text)
                  0000b714    000000e4              : gapgattserver.o (.text)
                  0000b7f8    000000e4              : ll_ae.o (.text)
                  0000b8dc    000000e0              : ll_ae.o (.text)
                  0000b9bc    000000e0     StackWrapper.a : osal_timers.o (.text)
                  0000ba9c    000000e0     drivers_cc26x2.aem4f : UARTCC26XX.oem4f (.text:UARTCC26XX_write)
                  0000bb7c    000000dc     OneLib.a : ll_ae.o (.text)
                  0000bc58    000000dc              : ll_ae.o (.text)
                  0000bd34    000000dc     drivers_cc26x2.aem4f : PWMTimerCC26XX.oem4f (.text:PWMTimerCC26XX_open)
                  0000be10    000000d8     driverlib.lib : setup.obj (.text:NOROM_SetupTrimDevice)
                  0000bee8    000000d8     rf_multiMode_cc26x2.aem4f : RFCC26X2_multiMode.c.cc26x2.ccs.o (.text:RF_control)
                  0000bfc0    000000d8                               : RFCC26X2_multiMode.c.cc26x2.ccs.o (.text:RF_pendCmd)
                  0000c098    000000d8     driverlib.lib : setup.obj (.text:TrimAfterColdResetWakeupFromShutDown$25)
                  0000c170    000000d4     drivers_cc26x2.aem4f : ECDHCC26X2.oem4f (.text:ECDH_generatePublicKey)
                  0000c244    000000d2     rf_multiMode_cc26x2.aem4f : RFCC26X2_multiMode.c.cc26x2.ccs.o (.text:RF_updatePaConfiguration)
                  0000c316    00000002     rom_init.obj (.text:MAP_llClearPeriodicScanSets)
                  0000c318    000000d0     rf_multiMode_cc26x2.aem4f : RFCC26X2_multiMode.c.cc26x2.ccs.o (.text:RF_swiHw)
                  0000c3e8    000000cc     OneLib.a : hci_event.o (.text)
                  0000c4b4    000000cc     StackWrapper.a : osal.o (.text)
                  0000c580    000000cc     main.obj (.text:main)
                  0000c64c    000000c8     OneLib.a : gap_scanner.o (.text)
                  0000c714    000000c8              : gapgattserver.o (.text)
                  0000c7dc    000000c8     dpl_cc26x2.aem4f : PowerCC26X2_tirtos.oem4f (.text:PowerCC26XX_standbyPolicy)
                  0000c8a4    000000c4     drivers_cc26x2.aem4f : GPIOCC26XX.oem4f (.text:GPIO_init)
                  0000c968    000000c0                          : AESCTRDRBGXX.oem4f (.text:AESCTRDRBG_getBytes)
                  0000ca28    000000c0     nvocmp.obj (.text:NVOCMP_erase$7)
                  0000cae8    000000c0     OneLib.a : ll.o (.text)
                  0000cba8    000000c0              : ll_isr.o (.text)
                  0000cc68    000000c0     drivers_cc26x2.aem4f : PowerCC26X2.oem4f (.text:Power_releaseDependency)
                  0000cd28    000000c0                          : UARTCC26XX.oem4f (.text:UARTCC26XX_initIO)
                  0000cde8    000000bc     OneLib.a : ll_ecc.o (.text)
                  0000cea4    000000bc              : ll_scheduler.o (.text)
                  0000cf60    000000bc     rf_multiMode_cc26x2.aem4f : RFCC26X2_multiMode.c.cc26x2.ccs.o (.text:RF_initRadioSetup)
                  0000d01c    000000b8     OneLib.a : ll.o (.text)
                  0000d0d4    000000b8              : ll_scheduler.o (.text)
                  0000d18c    000000b8              : ll_slave_end_causes.o (.text)
                  0000d244    000000b8     drivers_cc26x2.aem4f : PowerCC26X2.oem4f (.text:Power_setDependency)
                  0000d2fc    000000b8     StackWrapper.a : gapbondmgr.o (.text)
                  0000d3b4    000000b8     drivers_cc26x2.aem4f : UARTCC26XX.oem4f (.text:UARTCC26XX_initHw)
                  0000d46c    000000b4                          : TRNGCC26XX.oem4f (.text:TRNG_generateEntropy)
                  0000d520    000000b0                          : AESCTRDRBGXX.oem4f (.text:AESCTRDRBG_construct)
                  0000d5d0    000000b0     devinfoservice.obj (.text:devInfo_ReadAttrCB$8)
                  0000d680    000000ac     display.aem4f : DisplayUart.oem4f (.text:DisplayUartAnsi_clearLines)
                  0000d72c    000000ac     drivers_cc26x2.aem4f : ECDHCC26X2.oem4f (.text:ECDHCC26X2_hwiFxn)
                  0000d7d8    000000ac                          : PINCC26XX.oem4f (.text:PIN_open)
                  0000d884    000000a8     nvocmp.obj (.text:NVOCMP_initNvApi$7)
                  0000d92c    000000a8     OneLib.a : hci_data.o (.text)
                  0000d9d4    000000a8              : ll_common.o (.text)
                  0000da7c    000000a8     StackWrapper.a : gapbondmgr.o (.text)
                  0000db24    000000a7     display.aem4f : DisplayUart.oem4f (.text:DisplayUartAnsi_open)
                  0000dbcb    00000001     --HOLE-- [fill = 0]
                  0000dbcc    000000a6     drivers_cc26x2.aem4f : AESCTRDRBGXX.oem4f (.text:AESCTRDRBG_reseed)
                  0000dc72    00000002     rom_init.obj (.text:MAP_llDmmDynamicFree)
                  0000dc74    000000a4     rf_multiMode_cc26x2.aem4f : RFCC26X2_multiMode.c.cc26x2.ccs.o (.text:RF_ratRestartChannels)
                  0000dd18    000000a4     StackWrapper.a : osal_cbtimer.o (.text)
                  0000ddbc    000000a0     OneLib.a : gattservapp.o (.text)
                  0000de5c    000000a0              : ll_common.o (.text)
                  0000defc    000000a0     auto_init.aem4f : auto_init.oem4f (.text)
                  0000df9c    000000a0     rom_sysbios.aem4f : rom_sysbios.obj (.text:ti_sysbios_knl_Task_setPri__E)
                  0000e03c    0000009f     display.aem4f : DisplayUart.oem4f (.text:DisplayUartAnsi_vprintf)
                  0000e0db    00000001     --HOLE-- [fill = 0]
                  0000e0dc    0000009c     nvocmp.obj (.text:NVOCMP_readHeader$7)
                  0000e178    0000009c     OneLib.a : ll_common.o (.text)
                  0000e214    0000009c              : ll_ecc.o (.text)
                  0000e2b0    0000009c     drivers_cc26x2.aem4f : PWMTimerCC26XX.oem4f (.text:PWMTimerCC26XX_setDutyAndPeriod)
                  0000e34c    0000009c     simple_stream_profile_server.obj (.text:SimpleStreamServer_transmitNode$11)
                  0000e3e8    0000009c     rtsv7M4_T_le_v4SPD16_eabi.lib : memcpy_t2.asm.obj (.text)
                  0000e484    00000098     OneLib.a : gattservapp.o (.text)
                  0000e51c    00000098              : hci_event.o (.text)
                  0000e5b4    00000098              : ll_enc.o (.text)
                  0000e64c    00000098     rf_multiMode_cc26x2.aem4f : RFCC26X2_multiMode.c.cc26x2.ccs.o (.text:RF_calculateDispatchTime)
                  0000e6e4    00000098     drivers_cc26x2.aem4f : UARTCC26XX.oem4f (.text:writeTxFifoFlush)
                  0000e77c    00000096     rtsv7M4_T_le_v4SPD16_eabi.lib : ull_div_t2.asm.obj (.text)
                  0000e812    00000002     rom_init.obj (.text:MAP_llDmmSetThreshold)
                  0000e814    00000094     icall.obj (.text:ICall_setTimer)
                  0000e8a8    00000094     OneLib.a : gatt_server.o (.text)
                  0000e93c    00000094              : ll.o (.text)
                  0000e9d0    00000094              : ll_common.o (.text)
                  0000ea64    00000094              : ll_scheduler.o (.text)
                  0000eaf8    00000094     drivers_cc26x2.aem4f : TRNGCC26XX.oem4f (.text:TRNGCC26XX_hwiFxn)
                  0000eb8c    00000092                          : UARTCC26XX.oem4f (.text:UARTCC26XX_writeCancel)
                  0000ec1e    00000002     rom_init.obj (.text:MAP_llEndPeriodicScanTask)
                  0000ec20    00000090     OneLib.a : ll.o (.text)
                  0000ecb0    00000090              : ll_ae.o (.text)
                  0000ed40    00000090     rf_multiMode_cc26x2.aem4f : RFCC26X2_multiMode.c.cc26x2.ccs.o (.text:RF_discardPendCmd)
                  0000edd0    00000090                               : RFCC26X2_multiMode.c.cc26x2.ccs.o (.text:RF_getInfo)
                  0000ee60    00000090     osal_icall_ble.obj (.text:osalInitTasks)
                  0000eef0    0000008e     drivers_cc26x2.aem4f : CryptoUtils.oem4f (.text:CryptoUtils_reverseCopyPad)
                  0000ef7e    00000002     rom_init.obj (.text:MAP_llPeriodicAdv_PostProcess)
                  0000ef80    0000008c     icall.obj (.text:ICall_heapMalloc)
                  0000f00c    0000008c     simple_stream_profile_server.obj (.text:SimpleStreamServer_WriteAttrCB$11)
                  0000f098    0000008c     rom_sysbios.aem4f : rom_sysbios.obj (.text:ti_sysbios_gates_GateMutexPri_enter__E)
                  0000f124    0000008a     drivers_cc26x2.aem4f : AESCTRDRBGXX.oem4f (.text:AESCTRDRBGXX_updateState)
                  0000f1ae    00000002     rom_init.obj (.text:MAP_llProcessPeriodicScanRxFIFO)
                  0000f1b0    00000088     drivers_cc26x2.aem4f : GPTimerCC26XX.oem4f (.text:GPTimerCC26XX_open)
                  0000f238    00000088     driverlib.lib : osc.obj (.text:NOROM_OSCHF_AttemptToSwitchToXosc)
                  0000f2c0    00000088     OneLib.a : hci_event.o (.text)
                  0000f348    00000088     rf_multiMode_cc26x2.aem4f : RFCC26X2_multiMode.c.cc26x2.ccs.o (.text:RF_cmdDispatchTime)
                  0000f3d0    00000088     StackWrapper.a : osal_cbtimer.o (.text)
                  0000f458    00000088     drivers_cc26x2.aem4f : PowerCC26X2_calibrateRCOSC.oem4f (.text:calibrateRcoscHf2)
                  0000f4e0    00000088                          : PowerCC26X2.oem4f (.text:disableLFClockQualifiers)
                  0000f568    00000088                          : PowerCC26X2_calibrateRCOSC.oem4f (.text:updateSubSecInc)
                  0000f5f0    00000084     OneLib.a : ll_ae.o (.text)
                  0000f674    00000084     rf_multiMode_cc26x2.aem4f : RFCC26X2_multiMode.c.cc26x2.ccs.o (.text:RF_issueRadioFreeCb)
                  0000f6f8    00000084                               : RFCC26X2_multiMode.c.cc26x2.ccs.o (.text:RF_verifyGap)
                  0000f77c    00000084     drivers_cc26x2.aem4f : UARTCC26XX.oem4f (.text:UARTCC26XX_close)
                  0000f800    00000080                          : NVSCC26XX.oem4f (.text:NVSCC26XX_open)
                  0000f880    00000080     OneLib.a : ll_enc.o (.text)
                  0000f900    00000080     rom_sysbios.aem4f : rom_sysbios.obj (.text:ti_sysbios_family_arm_cc26xx_Timer_start__E)
                  0000f980    0000007e     OneLib.a : gap_task.o (.text)
                  0000f9fe    00000002     rom_init.obj (.text:MAP_llSetPeriodicSyncInfo)
                  0000fa00    0000007c     nvocmp.obj (.text:NVOCMP_readItemApi$7)
                  0000fa7c    0000007c     OneLib.a : gap_task.o (.text)
                  0000faf8    0000007c              : ll_common.o (.text)
                  0000fb74    0000007c              : ll_enc.o (.text)
                  0000fbf0    0000007c     rf_multiMode_cc26x2.aem4f : RFCC26X2_multiMode.c.cc26x2.ccs.o (.text:RF_ratFreeChannel)
                  0000fc6c    0000007c     simple_serial_socket_server.obj (.text:SimpleStreamServer_incomingDataCB$3)
                  0000fce8    0000007c     StackWrapper.a : gapbondmgr.o (.text)
                  0000fd64    0000007a     OneLib.a : gattservapp.o (.text)
                  0000fdde    0000007a     rtsv7M4_T_le_v4SPD16_eabi.lib : memset_t2.asm.obj (.text)
                  0000fe58    00000078     icall.obj (.text:ICall_heapInit)
                  0000fed0    00000078     nvocmp.obj (.text:NVOCMP_checkItem$7)
                  0000ff48    00000078     OneLib.a : ll_common.o (.text)
                  0000ffc0    00000078     StackWrapper.a : osal_cbtimer.o (.text)
                  00010038    00000078     rom_sysbios.aem4f : rom_sysbios.obj (.text:ti_sysbios_heaps_HeapMem_allocUnprotected__E)
                  000100b0    00000076     OneLib.a : ll_common.o (.text)
                  00010126    00000076     StackWrapper.a : gap.o (.text)
                  0001019c    00000074     drivers_cc26x2.aem4f : GPTimerCC26XX.oem4f (.text:GPTimerCC26XX_resetHw)
                  00010210    00000074     nvocmp.obj (.text:NVOCMP_writeItemApi$7)
                  00010284    00000074     drivers_cc26x2.aem4f : PowerCC26X2_calibrateRCOSC.oem4f (.text:PowerCC26X2_auxISR)
                  000102f8    00000074     rf_multiMode_cc26x2.aem4f : RFCC26X2_multiMode.c.cc26x2.ccs.o (.text:RF_ratDisableChannel)
                  0001036c    00000074     drivers_cc26x2.aem4f : TRNGCC26XX.oem4f (.text:TRNG_construct)
                  000103e0    00000074     rom_sysbios.aem4f : rom_sysbios.obj (.text:ti_sysbios_gates_GateMutexPri_leave__E)
                  00010454    00000072     rf_multiMode_cc26x2.aem4f : RFCC26X2_multiMode.c.cc26x2.ccs.o (.text:RF_detachOverrides)
                  000104c6    00000002     rom_init.obj (.text:MAP_llUpdatePeriodicAdvChainPacket)
                  000104c8    00000070     drivers_cc26x2.aem4f : AESCCMCC26XX.oem4f (.text:AESCCM_cleanup)
                  00010538    00000070     icall.obj (.text:ICall_heapGetStats)
                  000105a8    00000070     rf_multiMode_cc26x2.aem4f : rfc.c.cc26x2.ccs.o (.text:NOROM_RFCAnaDivTxOverride)
                  00010618    00000070     nvocmp.obj (.text:NVOCMP_eraseNvApi$7)
                  00010688    00000070     OneLib.a : gatt_server.o (.text)
                  000106f8    00000070              : ll_common.o (.text)
                  00010768    00000070              : ll_enc.o (.text)
                  000107d8    00000070     drivers_cc26x2.aem4f : PINCC26XX.oem4f (.text:PIN_add)
                  00010848    00000070     rf_multiMode_cc26x2.aem4f : RFCC26X2_multiMode.c.cc26x2.ccs.o (.text:RF_getCurrentTime)
                  000108b8    00000070     drivers_cc26x2.aem4f : Random.oem4f (.text:Random_seedAutomatic)
                  00010928    00000070     StackWrapper.a : osal.o (.text)
                  00010998    0000006e     OneLib.a : gatt_server.o (.text)
                  00010a06    0000006e     rf_multiMode_cc26x2.aem4f : RFCC26X2_multiMode.c.cc26x2.ccs.o (.text:RF_attachOverrides)
                  00010a74    0000006e                               : RFCC26X2_multiMode.c.cc26x2.ccs.o (.text:RF_howToSchedule)
                  00010ae2    00000002     rom_init.obj (.text:MAP_rf_patch_rfe)
                  00010ae4    0000006d     rom_sysbios.aem4f : rom_sysbios.obj (.text:xdc_runtime_System_formatNum__I)
                  00010b51    00000001     --HOLE-- [fill = 0]
                  00010b52    00000002     rf_multiMode_cc26x2.aem4f : rfc.c.cc26x2.ccs.o (.text:NOROM_RFCCpePatchReset)
                  00010b54    0000006c     driverlib.lib : chipinfo.obj (.text:NOROM_ChipInfo_GetChipType)
                  00010bc0    0000006c     nvocmp.obj (.text:NVOCMP_getDstPage$7)
                  00010c2c    0000006c     OneLib.a : ll_isr.o (.text)
                  00010c98    0000006c              : ll_isr.o (.text)
                  00010d04    0000006c     rf_multiMode_cc26x2.aem4f : RFCC26X2_multiMode.c.cc26x2.ccs.o (.text:RF_dispatchNextEvent)
                  00010d70    0000006c     simple_serial_socket_server.obj (.text:SimpleSerialSocketServer_createTask)
                  00010ddc    0000006c     StackWrapper.a : osal_cbtimer.o (.text)
                  00010e48    00000068     drivers_cc26x2.aem4f : CryptoUtils.oem4f (.text:CryptoUtils_copyPad)
                  00010eb0    00000068     icall.obj (.text:ICall_send)
                  00010f18    00000068     icall.obj (.text:ICall_sendServiceComplete)
                  00010f80    00000068     driverlib.lib : osc.obj (.text:NOROM_OSCHF_SwitchToRcOscTurnOffXosc)
                  00010fe8    00000068     OneLib.a : gap_task.o (.text)
                  00011050    00000068              : gattservapp.o (.text)
                  000110b8    00000068              : ll_ae.o (.text)
                  00011120    00000068     rf_multiMode_cc26x2.aem4f : RFCC26X2_multiMode.c.cc26x2.ccs.o (.text:RF_hwiHw)
                  00011188    00000068     StackWrapper.a : osal_timers.o (.text)
                  000111f0    00000068     rtsv7M4_T_le_v4SPD16_eabi.lib : copy_decompress_lzss.c.obj (.text:decompress:lzss:__TI_decompress_lzss)
                  00011258    00000066     OneLib.a : ll_common.o (.text)
                  000112be    00000002              : ll.o (.text)
                  000112c0    00000064     drivers_cc26x2.aem4f : AESCCMCC26XX.oem4f (.text:AESCCM_waitForResult)
                  00011324    00000064                          : AESCTRCC26XX.oem4f (.text:AESCTR_waitForResult)
                  00011388    00000064                          : AESECBCC26XX.oem4f (.text:AESECB_waitForResult)
                  000113ec    00000064     nvocmp.obj (.text:NVOCMP_findSignature$7)
                  00011450    00000064     OneLib.a : gapgattserver.o (.text)
                  000114b4    00000064              : gattservapp.o (.text)
                  00011518    00000064              : ll_scheduler.o (.text)
                  0001157c    00000064     drivers_cc26x2.aem4f : UARTCC26XX.oem4f (.text:UARTCC26XX_control)
                  000115e0    00000062     ti_drivers_config.obj (.text:Board_sendExtFlashByte)
                  00011642    00000062     gattservapp_util.obj (.text:GATTServApp_ProcessCCCWriteReq)
                  000116a4    00000062     rf_multiMode_cc26x2.aem4f : RFCC26X2_multiMode.c.cc26x2.ccs.o (.text:RF_syncCb)
                  00011706    00000062     StackWrapper.a : icall_lite_translation.o (.text)
                  00011768    00000062     drivers_cc26x2.aem4f : UARTCC26XX.oem4f (.text:UARTCC26XX_swiIntFxn)
                  000117ca    00000002     OneLib.a : ll.o (.text)
                  000117cc    00000060     drivers_cc26x2.aem4f : AESCCMCC26XX.oem4f (.text:AESCCM_hwiFxn)
                  0001182c    00000060                          : AESCTRCC26XX.oem4f (.text:AESCTR_hwiFxn)
                  0001188c    00000060                          : AESECBCC26XX.oem4f (.text:AESECB_hwiFxn)
                  000118ec    00000060                          : CryptoResourceCC26XX.oem4f (.text:CryptoResourceCC26XX_constructRTOSObjects)
                  0001194c    00000060                          : GPIOCC26XX.oem4f (.text:GPIO_write)
                  000119ac    00000060     icall.obj (.text:ICall_createRemoteTasksAtRuntime)
                  00011a0c    00000060     icall.obj (.text:ICall_enrollService)
                  00011a6c    00000060     OneLib.a : ll_common.o (.text)
                  00011acc    00000060     drivers_cc26x2.aem4f : PKAResourceCC26XX.oem4f (.text:PKAResourceCC26XX_constructRTOSObjects)
                  00011b2c    00000060     rf_multiMode_cc26x2.aem4f : RFCC26X2_multiMode.c.cc26x2.ccs.o (.text:RF_applyRfCorePatch)
                  00011b8c    00000060     simple_serial_socket_server.obj (.text:SimpleSerialSocketServer_enqueueMsg$3)
                  00011bec    00000060     StackWrapper.a : gapbondmgr.o (.text)
                  00011c4c    00000060     drivers_cc26x2.aem4f : TRNGCC26XX.oem4f (.text:TRNGCC26XX_startTrng)
                  00011cac    0000005e     icall.obj (.text:ICall_fetchMsg)
                  00011d0a    0000005e     OneLib.a : ll_common.o (.text)
                  00011d68    0000005c     display.aem4f : Display.oem4f (.text:Display_doOpen)
                  00011dc4    0000005c     icall.obj (.text:ICall_pwrUpdActivityCounter)
                  00011e20    0000005c     nvocmp.obj (.text:NVOCMP_readItem$7)
                  00011e7c    0000005c     OneLib.a : gap_perilinkmgr.o (.text)
                  00011ed8    0000005c              : ll_scheduler.o (.text)
                  00011f34    0000005c     drivers_cc26x2.aem4f : PINCC26XX.oem4f (.text:PIN_remove)
                  00011f90    0000005c                          : PWMTimerCC26XX.oem4f (.text:PWMTimerCC26XX_setPeriod)
                  00011fec    0000005c     rf_multiMode_cc26x2.aem4f : RFCC26X2_multiMode.c.cc26x2.ccs.o (.text:RF_hwiCpe0PowerFsm)
                  00012048    0000005c     drivers_cc26x2.aem4f : NVSCC26XX.oem4f (.text:doErase)
                  000120a4    0000005c                          : UARTCC26XX.oem4f (.text:startTxFifoEmptyClk)
                  00012100    0000005c     simple_serial_socket_server_app_pem4f.oem4f (.text:xdc_runtime_Startup_getState__I)
                  0001215c    00000058     drivers_cc26x2.aem4f : ECDHCC26X2.oem4f (.text:ECDH_construct)
                  000121b4    00000058                          : GPTimerCC26XX.oem4f (.text:GPTimerCC26XX_stop)
                  0001220c    00000058     icall.obj (.text:ICall_wait)
                  00012264    00000058     OneLib.a : ll_ae.o (.text)
                  000122bc    00000058              : ll_common.o (.text)
                  00012314    00000058              : ll_enc.o (.text)
                  0001236c    00000058              : sm_pairing.o (.text)
                  000123c4    00000058     drivers_cc26x2.aem4f : PowerCC26X2_calibrateRCOSC.oem4f (.text:PowerCC26X2_initiateCalibration)
                  0001241c    00000058     StackWrapper.a : sm_ecc.o (.text)
                  00012474    00000058     drivers_cc26x2.aem4f : TRNGCC26XX.oem4f (.text:TRNG_init)
                  000124cc    00000058     boot.aem4f : boot.oem4f (.text)
                  00012524    00000058     rom_sysbios.aem4f : rom_sysbios.obj (.text:ti_sysbios_heaps_HeapMem_alloc__E)
                  0001257c    00000056     drivers_cc26x2.aem4f : LED.oem4f (.text:LED_startBlinking)
                  000125d2    00000056     rf_multiMode_cc26x2.aem4f : RFCC26X2_multiMode.c.cc26x2.ccs.o (.text:RF_defaultSubmitPolicy)
                  00012628    00000054     drivers_cc26x2.aem4f : AESCCMCC26XX.oem4f (.text:AESCCM_construct)
                  0001267c    00000054                          : AESCTRCC26XX.oem4f (.text:AESCTR_construct)
                  000126d0    00000054                          : AESECBCC26XX.oem4f (.text:AESECB_construct)
                  00012724    00000054     driverlib.lib : prcm.obj (.text:NOROM_PRCMPowerDomainsAllOff)
                  00012778    00000054     nvocmp.obj (.text:NVOCMP_doNVCRC$7)
                  000127cc    00000054     drivers_cc26x2.aem4f : NVSCC26XX.oem4f (.text:NVSCC26XX_init)
                  00012820    00000054     OneLib.a : gattservapp.o (.text)
                  00012874    00000054              : hci_event.o (.text)
                  000128c8    00000054              : ll.o (.text)
                  0001291c    00000054              : ll_ae.o (.text)
                  00012970    00000054              : ll_ae.o (.text)
                  000129c4    00000054              : ll_ae.o (.text)
                  00012a18    00000054              : ll_common.o (.text)
                  00012a6c    00000054     rf_multiMode_cc26x2.aem4f : RFCC26X2_multiMode.c.cc26x2.ccs.o (.text:RF_fsmXOSCState)
                  00012ac0    00000054     StackWrapper.a : osal_bufmgr.o (.text)
                  00012b14    00000054     drivers_cc26x2.aem4f : StructRingBuf.oem4f (.text:StructRingBuf_put)
                  00012b68    00000054     dpl_cc26x2.aem4f : SwiP_tirtos.oem4f (.text:SwiP_construct)
                  00012bbc    00000054     rf_multiMode_cc26x2.aem4f : rf_patch_cpe_bt5.c.cc26x2.ccs.o (.text:configureBt5Patch)
                  00012c10    00000052     OneLib.a : gap_centlinkmgr.o (.text)
                  00012c62    00000050     drivers_cc26x2.aem4f : AESCTRDRBGXX.oem4f (.text:AESCTRDRBGXX_addBigendCounter)
                  00012cb2    00000002                          : PWMTimerCC26XX.oem4f (.text:PWMTimerCC26XX_init)
                  00012cb4    00000050     nvocmp.obj (.text:NVOCMP_compactNvApi$7)
                  00012d04    00000050     OneLib.a : gap_perilinkmgr.o (.text)
                  00012d54    00000050              : hci_tl.o (.text)
                  00012da4    00000050              : ll_common.o (.text)
                  00012df4    00000050              : ll_enc.o (.text)
                  00012e44    00000050     drivers_cc26x2.aem4f : PWMTimerCC26XX.oem4f (.text:PWMTimerCC26XX_getdutyCounts)
                  00012e94    00000050     StackWrapper.a : osal.o (.text)
                  00012ee4    00000050                    : osal_clock.o (.text)
                  00012f34    00000050     drivers_cc26x2.aem4f : TRNGCC26XX.oem4f (.text:TRNGCC26XX_waitForResult)
                  00012f84    0000004e     StackWrapper.a : gap.o (.text)
                  00012fd2    00000002     rf_multiMode_cc26x2.aem4f : RFCC26X2_multiMode.c.cc26x2.ccs.o (.text:RF_defaultCallback)
                  00012fd4    0000004c     drivers_cc26x2.aem4f : GPTimerCC26XX.oem4f (.text:GPTimerCC26XX_initHw)
                  00013020    0000004c                          : GPTimerCC26XX.oem4f (.text:GPTimerCC26XX_start)
                  0001306c    0000004c     icall.obj (.text:ICall_newTask$16)
                  000130b8    0000004c     driverlib.lib : prcm.obj (.text:NOROM_PRCMPowerDomainsAllOn)
                  00013104    0000004c     nvocmp.obj (.text:NVOCMP_loadApiPtrsMin)
                  00013150    0000004c     nvocmp.obj (.text:NVOCMP_setItemInactive$7)
                  0001319c    0000004c     OneLib.a : ll_scheduler.o (.text)
                  000131e8    0000004c              : ll_scheduler.o (.text)
                  00013234    0000004c     rf_multiMode_cc26x2.aem4f : RFCC26X2_multiMode.c.cc26x2.ccs.o (.text:RF_wakeupNotification)
                  00013280    0000004c     drivers_cc26x2.aem4f : StructRingBuf.oem4f (.text:StructRingBuf_get)
                  000132cc    0000004c                          : UARTCC26XX.oem4f (.text:UARTCC26XX_readCancel)
                  00013318    0000004c     rtsv7M4_T_le_v4SPD16_eabi.lib : cpy_tbl.c.obj (.text:copy_in)
                  00013364    00000048     ti_drivers_config.obj (.text:Board_wakeUpExtFlash)
                  000133ac    00000048     rf_multiMode_cc26x2.aem4f : rfc.c.cc26x2.ccs.o (.text:NOROM_RFCSynthPowerDown)
                  000133f4    00000048     nvocmp.obj (.text:NVOCMP_write$7)
                  0001343c    00000048     drivers_cc26x2.aem4f : NVS.oem4f (.text:NVS_open)
                  00013484    00000048     OneLib.a : gattservapp.o (.text)
                  000134cc    00000048              : ll.o (.text)
                  00013514    00000048              : ll.o (.text)
                  0001355c    00000048     drivers_cc26x2.aem4f : PINCC26XX.oem4f (.text:PIN_setOutputEnable)
                  000135a4    00000048                          : PWMTimerCC26XX.oem4f (.text:PWMTimerCC26XX_setDuty)
                  000135ec    00000048                          : PowerCC26X2_calibrateRCOSC.oem4f (.text:PowerCC26X2_RCOSC_clockFunc)
                  00013634    00000048                          : PowerCC26X2.oem4f (.text:PowerCC26XX_switchXOSC_HF)
                  0001367c    00000048     simple_stream_profile_server.obj (.text:SimpleStreamServer_processStream)
                  000136c4    00000048     drivers_cc26x2.aem4f : NVSCC26XX.oem4f (.text:disableFlashCache)
                  0001370c    00000048                          : PowerCC26X2.oem4f (.text:switchXOSCHF)
                  00013754    00000048                          : UARTCC26XX.oem4f (.text:writeFinishedDoCallback)
                  0001379c    00000046                          : RingBuf.oem4f (.text:RingBuf_put)
                  000137e2    00000002     StackWrapper.a : common_rom_init.o (.text)
                  000137e4    00000044     drivers_cc26x2.aem4f : ECDHCC26X2.oem4f (.text:ECDHCC26X2_waitForResult)
                  00013828    00000044     nvocmp.obj (.text:NVOCMP_getFreeNvApi$7)
                  0001386c    00000044     drivers_cc26x2.aem4f : NVSCC26XX.oem4f (.text:NVSCC26XX_read)
                  000138b0    00000044     OneLib.a : ll.o (.text)
                  000138f4    00000044              : ll.o (.text)
                  00013938    00000044              : ll_ae.o (.text)
                  0001397c    00000044              : ll_common.o (.text)
                  000139c0    00000044              : ll_isr.o (.text)
                  00013a04    00000044     drivers_cc26x2.aem4f : PINCC26XX.oem4f (.text:PIN_swi)
                  00013a48    00000044                          : PWM.oem4f (.text:PWM_init)
                  00013a8c    00000044     StackWrapper.a : osal.o (.text)
                  00013ad0    00000044                    : osal_timers.o (.text)
                  00013b14    00000044     drivers_cc26x2.aem4f : UART.oem4f (.text:UART_init)
                  00013b58    00000042     OneLib.a : ll.o (.text)
                  00013b9a    00000042              : ll_common.o (.text)
                  00013bdc    00000040     dpl_cc26x2.aem4f : ClockP_tirtos.oem4f (.text:ClockP_construct)
                  00013c1c    00000040                      : ClockP_tirtos.oem4f (.text:ClockP_create)
                  00013c5c    00000040     drivers_cc26x2.aem4f : ECDHCC26X2.oem4f (.text:ECDHCC26X2_getPublicKeyResult)
                  00013c9c    00000040     driverlib.lib : osc.obj (.text:NOROM_OSC_HPOSCRelativeFrequencyOffsetGet)
                  00013cdc    00000040     OneLib.a : gap_configmgr.o (.text)
                  00013d1c    00000040              : gattservapp.o (.text)
                  00013d5c    00000040              : linkdb.o (.text)
                  00013d9c    00000040              : ll_common.o (.text)
                  00013ddc    00000040              : ll_common.o (.text)
                  00013e1c    00000040     drivers_cc26x2.aem4f : PWM.oem4f (.text:PWM_open)
                  00013e5c    00000040                          : PowerCC26X2.oem4f (.text:PowerCC26XX_isStableXOSC_HF)
                  00013e9c    00000040                          : Random.oem4f (.text:Random_getNumber)
                  00013edc    00000040                          : RingBuf.oem4f (.text:RingBuf_get)
                  00013f1c    00000040     simple_stream_profile_server.obj (.text:SimpleStreamServer_allocateWithHeadroom)
                  00013f5c    00000040     StackWrapper.a : osal.o (.text)
                  00013f9c    00000040                    : osal_bufmgr.o (.text)
                  00013fdc    00000040                    : osal_bufmgr.o (.text)
                  0001401c    00000040                    : osal_timers.o (.text)
                  0001405c    00000040     drivers_cc26x2.aem4f : TRNGCC26XX.oem4f (.text:TRNGCC26XX_copyToClient)
                  0001409c    00000040                          : UART.oem4f (.text:UART_open)
                  000140dc    00000040     rtsv7M4_T_le_v4SPD16_eabi.lib : u_divt2.asm.obj (.text)
                  0001411c    00000040     rom_sysbios.aem4f : rom_sysbios.obj (.text:ti_sysbios_family_arm_cc26xx_Timer_setThreshold__I)
                  0001415c    00000040                       : rom_sysbios.obj (.text:ti_sysbios_heaps_HeapCallback_Module_startup__E)
                  0001419c    0000003e     dpl_cc26x2.aem4f : HwiP_tirtos.oem4f (.text:HwiP_construct)
                  000141da    0000003e     drivers_cc26x2.aem4f : LED.oem4f (.text:LED_setBrightnessLevel)
                  00014218    0000003e                          : LED.oem4f (.text:clockTimeoutHandler)
                  00014256    0000003c                          : LED.oem4f (.text:LED_setOff)
                  00014292    00000002     StackWrapper.a : hal_assert.o (.text)
                  00014294    0000003c     nvocmp.obj (.text:NVOCMP_disableCache$7)
                  000142d0    0000003c     OneLib.a : gap_linkmgr.o (.text)
                  0001430c    0000003c              : gattservapp.o (.text)
                  00014348    0000003c              : gattservapp.o (.text)
                  00014384    0000003c              : gattservapp.o (.text)
                  000143c0    0000003c              : ll_ae.o (.text)
                  000143fc    0000003c     drivers_cc26x2.aem4f : PINCC26XX.oem4f (.text:PIN_setOutputValue)
                  00014438    0000003c     rf_multiMode_cc26x2.aem4f : RFCC26X2_multiMode.c.cc26x2.ccs.o (.text:RF_cmdGet)
                  00014474    0000003c                               : RFCC26X2_multiMode.c.cc26x2.ccs.o (.text:RF_cmdStoreEvents)
                  000144b0    0000003c     StackWrapper.a : osal.o (.text)
                  000144ec    0000003c                    : osal.o (.text)
                  00014528    0000003c                    : osal.o (.text)
                  00014564    0000003c                    : osal_timers.o (.text)
                  000145a0    0000003c                    : sm_ecc.o (.text)
                  000145dc    0000003c     drivers_cc26x2.aem4f : NVSCC26XX.oem4f (.text:checkEraseRange)
                  00014618    0000003c     rom_sysbios.aem4f : rom_sysbios.obj (.text:ti_sysbios_family_arm_m3_Hwi_construct2__E)
                  00014654    0000003c     simple_serial_socket_server.obj (.text:uartWriteCallback$3)
                  00014690    0000003a     StackWrapper.a : osal.o (.text)
                  000146ca    00000002                    : hal_assert.o (.text)
                  000146cc    00000038     ti_drivers_config.obj (.text:Board_shutDownExtFlash)
                  00014704    00000038     OneLib.a : hci.o (.text)
                  0001473c    00000038              : linkdb.o (.text)
                  00014774    00000038              : ll_ae.o (.text)
                  000147ac    00000038              : ll_ae.o (.text)
                  000147e4    00000038              : ll_enc.o (.text)
                  0001481c    00000038              : ll_scheduler.o (.text)
                  00014854    00000038     drivers_cc26x2.aem4f : PINCC26XX.oem4f (.text:PIN_setConfig)
                  0001488c    00000038     rf_multiMode_cc26x2.aem4f : RFCC26X2_multiMode.c.cc26x2.ccs.o (.text:RF_checkCmdFsError)
                  000148c4    00000038                               : RFCC26X2_multiMode.c.cc26x2.ccs.o (.text:RF_powerConstraintRelease)
                  000148fc    00000038     simple_serial_socket_server.obj (.text:SimpleSerialSocketServer_RegisterToAllConnectionEvent)
                  00014934    00000038     StackWrapper.a : osal_timers.o (.text)
                  0001496c    00000038     drivers_cc26x2.aem4f : PowerCC26X2.oem4f (.text:notify)
                  000149a4    00000038                          : UARTCC26XX.oem4f (.text:readData)
                  000149dc    00000038     rom_sysbios.aem4f : rom_sysbios.obj (.text:ti_sysbios_family_arm_cc26xx_Timer_getCurrentTick__E)
                  00014a14    00000038     drivers_cc26x2.aem4f : UARTCC26XX.oem4f (.text:writeData)
                  00014a4c    00000036                          : ECDHCC26X2.oem4f (.text:ECDHCC26X2_convertReturnValue)
                  00014a82    00000036                          : LED.oem4f (.text:LED_setOn)
                  00014ab8    00000036     StackWrapper.a : ble_dispatch_lite.o (.text)
                  00014aee    00000036     rom_sysbios.aem4f : rom_sysbios.obj (.text:ti_sysbios_family_arm_cc26xx_Timer_setNextTick__E)
                  00014b24    00000034     gattservapp_util.obj (.text:GATTServApp_InitCharCfg)
                  00014b58    00000034     drivers_cc26x2.aem4f : GPTimerCC26XX.oem4f (.text:GPTimerCC26XXSetLoadMatch)
                  00014b8c    00000034                          : GPTimerCC26XX.oem4f (.text:GPTimerCC26XX_configureDebugStall)
                  00014bc0    00000034     icall.obj (.text:ICall_getLocalMsgEntityId)
                  00014bf4    00000034     icall.obj (.text:ICall_heapFree)
                  00014c28    00000034     icall.obj (.text:ICall_searchServiceEntity)
                  00014c5c    00000034     driverlib.lib : sys_ctrl.obj (.text:NOROM_SysCtrlIdle)
                  00014c90    00000034     nvocmp.obj (.text:NVOCMP_verifyCRC$7)
                  00014cc4    00000034     OneLib.a : hci.o (.text)
                  00014cf8    00000034              : hci_tl.o (.text)
                  00014d2c    00000034              : ll_scheduler.o (.text)
                  00014d60    00000034              : ll_scheduler.o (.text)
                  00014d94    00000034     drivers_cc26x2.aem4f : PWMTimerCC26XX.oem4f (.text:PWMTimerCC26XX_getperiodCounts)
                  00014dc8    00000034     rf_multiMode_cc26x2.aem4f : RFCC26X2_multiMode.c.cc26x2.ccs.o (.text:RF_runDirectImmediateCmd)
                  00014dfc    00000034     StackWrapper.a : icall_startup.o (.text)
                  00014e30    00000034     drivers_cc26x2.aem4f : UARTCC26XX.oem4f (.text:readData2RingBuf)
                  00014e64    00000034     rom_sysbios.aem4f : rom_sysbios.obj (.text:ti_sysbios_knl_Swi_setPri__E)
                  00014e98    00000032                       : rom_sysbios.obj (.text:ti_sysbios_gates_GateMutexPri_insertPri__I)
                  00014eca    00000002     StackWrapper.a : onboard.o (.text)
                  00014ecc    00000030     drivers_cc26x2.aem4f : AESECBCC26XX.oem4f (.text:AESECB_cleanup)
                  00014efc    00000030                          : GPIOCC26XX.oem4f (.text:GPIO_hwiIntFxn)
                  00014f2c    00000030                          : GPIOCC26XX.oem4f (.text:GPIO_setCallback)
                  00014f5c    00000030                          : GPTimerCC26XX.oem4f (.text:GPTimerCC26XX_close)
                  00014f8c    00000030     icall.obj (.text:ICall_dispatch$16)
                  00014fbc    00000030     icall.obj (.text:ICall_msecs2Ticks$16)
                  00014fec    00000030     icall.obj (.text:ICall_primEntityId2ServiceId$16)
                  0001501c    00000030     nvocmp.obj (.text:NVOCMP_changePageState$7)
                  0001504c    00000030     drivers_cc26x2.aem4f : NVSCC26XX.oem4f (.text:NVSCC26XX_erase)
                  0001507c    00000030     OneLib.a : gattservapp.o (.text)
                  000150ac    00000030              : ll_scheduler.o (.text)
                  000150dc    00000030     drivers_cc26x2.aem4f : PINCC26XX.oem4f (.text:PINCC26XX_setMux)
                  0001510c    00000030                          : PWMTimerCC26XX.oem4f (.text:PWMTimerCC26XX_start)
                  0001513c    00000030                          : PowerCC26X2.oem4f (.text:Power_releaseConstraint)
                  0001516c    00000030                          : PowerCC26X2.oem4f (.text:Power_setConstraint)
                  0001519c    00000030     simple_serial_socket_server.obj (.text:SimpleSerialSocketServer_UnRegisterToAllConnectionEvent)
                  000151cc    00000030     StackWrapper.a : osal_timers.o (.text)
                  000151fc    00000030     drivers_cc26x2.aem4f : TRNGCC26XX.oem4f (.text:TRNGCC26XX_fillEntropyPool)
                  0001522c    00000030     rf_multiMode_cc26x2.aem4f : rf_patch_cpe_bt5.c.cc26x2.ccs.o (.text:applyBt5Patch)
                  0001525c    00000030     simple_serial_socket_server_app_pem4f.oem4f (.text:ti_sysbios_BIOS_atExitFunc__I)
                  0001528c    00000030     simple_serial_socket_server_app_pem4f.oem4f (.text:ti_sysbios_BIOS_startFunc__I)
                  000152bc    00000030     rom_sysbios.aem4f : rom_sysbios.obj (.text:ti_sysbios_family_arm_cc26xx_Timer_initDevice__I)
                  000152ec    00000030     simple_serial_socket_server_app_pem4f.oem4f (.text:ti_sysbios_gates_GateMutexPri_Object__create__S)
                  0001531c    00000030     simple_serial_socket_server_app_pem4f.oem4f (.text:ti_sysbios_gates_GateMutexPri_create)
                  0001534c    00000030     simple_serial_socket_server_app_pem4f.oem4f (.text:ti_sysbios_heaps_HeapCallback_Object__create__S)
                  0001537c    00000030     rom_sysbios.aem4f : rom_sysbios.obj (.text:ti_sysbios_knl_Clock_getTimeout__E)
                  000153ac    0000002e     icall_cc2650.obj (.text:ICallPlatform_pwrDispenseImpl$17)
                  000153da    0000002e     icall_cc2650.obj (.text:ICallPlatform_pwrRequireImpl$17)
                  00015408    0000002e     OneLib.a : gattservapp.o (.text)
                  00015436    0000002e     drivers_cc26x2.aem4f : TRNGCC26XX.oem4f (.text:TRNGCC26XX_serviceJob)
                  00015464    0000002c                          : GPTimerCC26XX.oem4f (.text:GPTimerCC26XX_getTimerValue)
                  00015490    0000002c     icall.obj (.text:ICall_msgEnqueue$16)
                  000154bc    0000002c     icall.obj (.text:ICall_searchTask$16)
                  000154e8    0000002c     drivers_cc26x2.aem4f : NVS.oem4f (.text:NVS_init)
                  00015514    0000002c     OneLib.a : gatt_task.o (.text)
                  00015540    0000002c              : gattservapp.o (.text)
                  0001556c    0000002c              : sm_rsppairing.o (.text)
                  00015598    0000002c     drivers_cc26x2.aem4f : PWMTimerCC26XX.oem4f (.text:PWMTimerCC26XX_close)
                  000155c4    0000002c                          : PWMTimerCC26XX.oem4f (.text:PWMTimerCC26XX_stop)
                  000155f0    0000002c     rf_multiMode_cc26x2.aem4f : RFCC26X2_multiMode.c.cc26x2.ccs.o (.text:RF_executeDirectImmediateCmd)
                  0001561c    0000002c     rom_init.obj (.text:ROM_Init)
                  00015648    0000002c     dpl_cc26x2.aem4f : SemaphoreP_tirtos.oem4f (.text:SemaphoreP_constructBinary)
                  00015674    0000002c                      : SemaphoreP_tirtos.oem4f (.text:SemaphoreP_createBinary)
                  000156a0    0000002c     simple_serial_socket_server.obj (.text:SimpleSerialSocketServer_freeAttRsp$3)
                  000156cc    0000002c     StackWrapper.a : hal_assert.o (.text)
                  000156f8    0000002c                    : osal_bufmgr.o (.text)
                  00015724    0000002c     drivers_cc26x2.aem4f : TRNGCC26XX.oem4f (.text:TRNGCC26XX_stopTrng)
                  00015750    0000002c     rtsv7M4_T_le_v4SPD16_eabi.lib : strncmp.c.obj (.text:strncmp)
                  0001577c    0000002c     simple_serial_socket_server_app_pem4f.oem4f (.text:ti_sysbios_gates_GateMutexPri_Handle__label__S)
                  000157a8    0000002c     simple_serial_socket_server_app_pem4f.oem4f (.text:ti_sysbios_heaps_HeapCallback_Handle__label__S)
                  000157d4    0000002c     rom_sysbios.aem4f : rom_sysbios.obj (.text:ti_sysbios_knl_Clock_getTicksUntilInterrupt__E)
                  00015800    0000002a     display.aem4f : DisplayUart.oem4f (.text:DisplayUartAnsi_clear)
                  0001582a    0000002a                   : Display.oem4f (.text:Display_doPrintf)
                  00015854    0000002a     drivers_cc26x2.aem4f : List.oem4f (.text:List_insert)
                  0001587e    0000002a     rf_multiMode_cc26x2.aem4f : RFCC26X2_multiMode.c.cc26x2.ccs.o (.text:RF_searchAndReplacePAOverride)
                  000158a8    00000028     drivers_cc26x2.aem4f : AESCTRCC26XX.oem4f (.text:AESCTR_cleanup)
                  000158d0    00000028     rf_multiMode_cc26x2.aem4f : rfc.c.cc26x2.ccs.o (.text:NOROM_RFCOverrideSearch)
                  000158f8    00000028     nvocmp.obj (.text:NVOCMP_setCompactHdr$7)
                  00015920    00000028     OneLib.a : gattservapp.o (.text)
                  00015948    00000028     drivers_cc26x2.aem4f : PowerCC26X2.oem4f (.text:Power_registerNotify)
                  00015970    00000028     rf_multiMode_cc26x2.aem4f : RFCC26X2_multiMode.c.cc26x2.ccs.o (.text:RF_calculateDeltaTimeUs)
                  00015998    00000028                               : RFCC26X2_multiMode.c.cc26x2.ccs.o (.text:RF_runScheduleCmd)
                  000159c0    00000028     simple_serial_socket_server.obj (.text:SimpleSerialSocketServer_advCB$3)
                  000159e8    00000028     StackWrapper.a : osal.o (.text)
                  00015a10    00000028                    : osal_snv_wrapper.o (.text)
                  00015a38    00000028                    : osal_snv_wrapper.o (.text)
                  00015a60    00000028                    : osal_snv_wrapper.o (.text)
                  00015a88    00000028     drivers_cc26x2.aem4f : PowerCC26X2.oem4f (.text:oscillatorISR)
                  00015ab0    00000028                          : NVSCC26XX.oem4f (.text:restoreFlashCache)
                  00015ad8    00000026                          : List.oem4f (.text:List_put)
                  00015afe    00000026                          : List.oem4f (.text:List_putHead)
                  00015b24    00000026                          : List.oem4f (.text:List_remove)
                  00015b4a    00000002     rtsv7M4_T_le_v4SPD16_eabi.lib : _lock.c.obj (.text:_nop)
                  00015b4c    00000024     driverlib.lib : osc.obj (.text:NOROM_OSCHF_TurnOnXosc)
                  00015b70    00000024     rf_multiMode_cc26x2.aem4f : rfc.c.cc26x2.ccs.o (.text:NOROM_RFCDoorbellSendTo)
                  00015b94    00000024     OneLib.a : gapgattserver.o (.text)
                  00015bb8    00000024              : gatt_server.o (.text)
                  00015bdc    00000024     rf_multiMode_cc26x2.aem4f : RFCC26X2_multiMode.c.cc26x2.ccs.o (.text:RF_cmdAlloc)
                  00015c00    00000024                               : RFCC26X2_multiMode.c.cc26x2.ccs.o (.text:RF_invokeGlobalCallback)
                  00015c24    00000024     StackWrapper.a : ble_dispatch_lite.o (.text)
                  00015c48    00000024                    : osal.o (.text)
                  00015c6c    00000024                    : osal.o (.text)
                  00015c90    00000024                    : osal_timers.o (.text)
                  00015cb4    00000024                    : osal_timers.o (.text)
                  00015cd8    00000024     drivers_cc26x2.aem4f : PowerCC26X2_calibrateRCOSC.oem4f (.text:getTdcSemaphore)
                  00015cfc    00000024     rtsv7M4_T_le_v4SPD16_eabi.lib : memcmp.c.obj (.text:memcmp)
[...]
20000fb8  l2capFlowCtrlMode                                               
20000fb9  l2capTaskID                                                     
20000fba  l2capNumChannels                                                
20000fbb  l2capNumDataPkts                                                
20000fbc  l2capNumPSM                                                     
20000fbd  l2capNumCoChannels                                              
20000fbe  l2cap_gattServAppTaskID                                         
20000fbf  l2capId                                                         
20000fc1  linkDBNumConns                                                  
20000fc2  linkDB_secureConnectionOnlyMode                                 
20000fc3  maxPduSize                                                      
20000fc4  rfFeModeBias                                                    
20000fc5  defaultPhy                                                      
20000fc6  maxNumTxDataBufs                                                
20000fc7  LL_TaskID                                                       
20000fc8  llState                                                         
20000fc9  rssiCorrection                                                  
20000fca  curTxPowerVal                                                   
20000fcb  maxTxPwrForDTM                                                  
20000fcc  onePktPerEvt                                                    
20000fcd  numComplPkts                                                    
20000fce  numComplPktsLimit                                               
20000fcf  numComplPktsFlush                                               
20000fd0  fastTxRespTime                                                  
20000fd1  slOverride                                                      
20000fd2  rxFifoFlowCtrl                                                  
20000fd3  numTxDataBufs                                                   
20000fd4  maxNumConns                                                     
20000fd5  aeCurHandle                                                     
20000fd6  aeCurAdvEnableHandle                                            
20000fd7  aeCurConnHandle                                                 
20000fd8  extScanIndex                                                    
20000fd9  extInitIndex                                                    
20000fda  scanState                                                       
20000fdb  lastPrimPhy                                                     
20000fdc  lastScanRsp                                                     
20000fdd  smTaskID                                                        
20000fde  SM_appExpectingKey                                              
200014e4  dispHandle                                                      
20001500  ledHandle                                                       
20001524  ssssTask                                                        
20001674  ssssTaskStack                                                   
20001acc  PowerCC26X2_module                                              
20001c3c  ROM_stateStruct                                                 
20001c3c  ti_sysbios_knl_Clock_Module__state__V                           
20001c68  ti_sysbios_family_arm_cc26xx_TimestampProvider_Module__state__V 
20001c6c  xdc_runtime_Startup_Module__state__V                            
20001c74  xdc_runtime_Registry_Module__state__V                           
20001c7c  ti_sysbios_BIOS_Module__state__V                                
20001ca0  ti_sysbios_knl_Swi_Module__state__V                             
20001cbc  ti_sysbios_knl_Task_Module__state__V                            
20001d00  xdc_runtime_Memory_Module__state__V                             
20001d04  xdc_runtime_System_Module__state__V                             
20001d0c  ti_sysbios_family_arm_m3_Hwi_Module__state__V                   
20001d40  ti_sysbios_family_arm_cc26xx_Timer_Module__state__V             
20001e3c  pairMode                                                        
20001e3d  mitm                                                            
20001e3e  ioCap                                                           
20001e3f  bonding                                                         
20001e40  secureConnection                                                
20001e41  authenPairingOnly                                               
20001e42  autoSyncWL                                                      
20001e43  eccReGenPolicy                                                  
20001e44  KeySize                                                         
20001e45  removeLRUBond                                                   
20001e46  KeyDistList                                                     
20001e47  eccDebugKeys                                                    
20001e48  eraseBondWhileInConn                                            
20001e49  attDeviceName                                                   
20001e60  advParams1                                                      
20001e7c  advData1                                                        
20001e98  advParams2                                                      
20001eb4  advData2                                                        
20001ed0  scanResData1                                                    
20001ef0  gapAttrTbl                                                      
20001fa4  ICall_enterCriticalSection                                      
20001fa8  ICall_leaveCriticalSection                                      
20001fac  ICall_dispatcher                                                
20001fc0  heapmgrMemFreeTotal                                             
20001fcc  HEAPMGR_SIZE                                                    
200020b0  llUserConfig                                                    
20002116  gAction                                                         
20002117  NVOCMP_size                                                     
20002144  NVOCMP_nvHandle                                                 
20002174  pOverrides_bleCommon                                            
200021c8  txPowerTable_2400_pa5                                           
20002218  ti_sysbios_knl_Task_Object__table__V                            
20002264  patchedSlaveCtrlPktList                                         
20002268  ti_sysbios_family_arm_cc26xx_Timer_Object__table__V             
200022b0  gattAttrTbl                                                     
200022f0  eccParams_NISTP256                                              
20002330  nvintfFncStruct                                                 
2000236c  ti_sysbios_gates_GateMutex_Object__table__V                     
200023a4  ti_sysbios_knl_Swi_Module_State_0_readyQ__A                     
200023d4  ti_sysbios_knl_Swi_Object__table__V                             
20002404  ti_sysbios_knl_Task_Module_State_0_readyQ__A                    
20002434  _hposcCoeffs                                                    
20002478  ti_sysbios_knl_Clock_Object__table__V                           
20002498  xdc_runtime_Error_IgnoreBlock                                   
200024b8  ti_sysbios_family_arm_m3_Hwi_Object__table__V                   
200024e4  gattAttrTbl_gatt_no_service_changed                             
200024f4  rfMode                                                          
20002504  sizeInfo                                                        
20002514  bleAppServiceInfoTable                                          
20002524  gpioCallbackFunctions                                           
20002534  gpioPinConfigs                                                  
20002544  pOverrides_ble2Mbps                                             
20002554  pOverrides_bleCoded                                             
20002564  user0Cfg                                                        
20002574  pOverrides_ble1Mbps                                             
20002580  ti_sysbios_heaps_HeapCallback_Object__table__V                  
20002595  deviceNameCharProps                                             
20002596  llUserConfig_maxPduSize                                         
200025a0  bleUserCfg_maxPduSize                                           
200025a4  appAssertCback                                                  
200025a8  pfnBMFree                                                       
200025ac  lastAppOpcodeIdxSent                                            
200025b0  _lock                                                           
200025b4  _unlock                                                         
200025b8  periConnParameters                                              
200025c0  RFCC26XX_schedulerPolicy                                        
200025c8  pinUpperBound                                                   
200025cc  pinLowerBound                                                   
200025d0  pfnBMAlloc                                                      
200025d4  pRfErrCb                                                        
200025e0  ti_sysbios_family_arm_m3_Hwi_Module__root__V                    
200025e8  ti_sysbios_gates_GateHwi_Module__root__V                        
200025f0  ti_sysbios_gates_GateMutexPri_Module__root__V                   
200025f8  ti_sysbios_gates_GateMutex_Module__root__V                      
20002600  ti_sysbios_hal_Hwi_Module__root__V                              
20002608  ti_sysbios_heaps_HeapCallback_Module__root__V                   
20002610  ti_sysbios_heaps_HeapMem_Module__root__V                        
20002618  ti_sysbios_knl_Clock_Module__root__V                            
20002620  ti_sysbios_knl_Event_Module__root__V                            
20002628  ti_sysbios_knl_Mailbox_Module__root__V                          
20002630  ti_sysbios_knl_Queue_Module__root__V                            
20002638  ti_sysbios_knl_Semaphore_Module__root__V                        
20002640  ti_sysbios_knl_Swi_Module__root__V                              
20002648  ti_sysbios_knl_Task_Module__root__V                             
20002655  appearanceCharProps                                             
20002656  baseTaskID                                                      
20002658  halAssertCback                                                  
2000265c  icallServiceTblPtr                                              
20002668  main_func_sp                                                    
2000266c  ti_sysbios_family_arm_m3_Hwi_Module_State_0_excContext__A       
20002670  ti_sysbios_family_arm_m3_Hwi_Module_State_0_excStack__A         
20002674  ti_sysbios_knl_Task_Module_State_0_idleTask__A                  
20002678  CryptoResourceCC26XX_pollingFlag                                
2000267a  PKAResourceCC26XX_pollingFlag                                   
20002680  ti_sysbios_family_arm_m3_Hwi_Module_State_0_excActive__A        
20002682  periConnParamCharProps                                          
20002683  centAddrResCharProps                                            
20002684  centAddrRes                                                     
20002685  resolvablePrivateAddressOnlyCharProps                           
20002686  GATTServApp_gatt_no_service_changed                             
20002688  qosDefaultParameterPriority                                     
20002689  extScanChanMap                                                  
2000268a  sizeOfAllExtConnParam                                           
2000268b  rfRatHandle                                                     
2000268e  gapEndAppTaskID                                                 
2000268f  gapAppTaskID                                                    
20002690  legacyMode                                                      
200026a0  ti_sysbios_knl_Task_Instance_State_0_stack__A                   
200029a0  uartCC26XXObjects                                               
20002b54  ti_sysbios_family_arm_m3_Hwi_dispatchTable                      
20002c2c  LEDObjects                                                      
20002d64  trngCC26XXObjects                                               
20002de4  pinHandleTable                                                  
20002e60  cbTimers                                                        
20002ed8  aesctrdrbgXXObjects                                             
20002f80  CryptoResourceCC26XX_accessSemaphore                            
20002fd0  CryptoResourceCC26XX_operationSemaphore                         
20003020  PKAResourceCC26XX_accessSemaphore                               
20003070  PKAResourceCC26XX_operationSemaphore                            
200030c0  gptimerCC26XXObjects                                            
2000310c  nvFptrs                                                         
2000317c  llCteSamples                                                    
200031a0  req                                                             
200031c0  gapBond_remoteOobData                                           
200031e0  gapBond_localOobData                                            
20003260  ecdhCC26X2Objects                                               
20003280  pwmTimerCC26XXObjects                                           
200032f4  CryptoResourceCC26XX_hwi                                        
20003310  PKAResourceCC26XX_hwi                                           
2000332c  deviceName                                                      
20003344  llCoex                                                          
2000335c  aesccmCC26XXObjects                                             
20003374  aesctrCC26XXObjects                                             
2000338c  aesecbCC26XXObjects                                             
200033cc  llCteTest                                                       
200033d8  cteAntennaProp                                                  
200033e4  llTaskList                                                      
20003414  displayUartObject                                               
20003420  secondaryAdvChannelMap                                          
20003430  ggs_AppCBs                                                      
20003438  llCte                                                           
2000343c  llConnExtParam                                                  
20003440  extStackSettings                                                
20003444  trngHandle                                                      
20003448  LSTORecoveryArr                                                 
2000344c  pNextAdvSet                                                     
20003450  llCurrentMappedChan                                             
20003454  drbgHandle                                                      
20003458  pRpaCfg                                                         
2000345c  gapBond_lruBondList                                             
20003460  gapBondStateNodeHead                                            
20003464  osal_syncHandle                                                 
20003468  osal_tickperiod                                                 
2000346c  osal_max_msecs                                                  
20003470  osal_icallMsg_hook                                              
20003474  osal_qHead                                                      
20003478  osal_eventloop_hook                                             
20003484  OSAL_timeSeconds                                                
20003488  timerHead                                                       
20003490  osal_last_timestamp                                             
2000349c  PowerCC26XX_swiKey                                              
200034a0  PowerCC26XX_taskKey                                             
200034a4  nvsCC26XXObjects                                                
200034a8  tasksEvents                                                     
200034ac  appearance                                                      
200034ae  maximumPduSize                                                  
200034b2  pwrmgr_attribute                                                
200034b4  resolvablePrivateAddressOnly                                    
200034b5  GATTServApp_att_delayed_req                                     
200034b6  hciTaskID                                                       
200034b7  hciL2capTaskID                                                  
200034b8  hciGapTaskID                                                    
200034b9  hciSmpTaskID                                                    
200034ba  hciTestTaskID                                                   
200034bb  hciVsEvtMask                                                    
200034bc  secondaryAdvChannelMapPopCount                                  
200034bd  scanReqRpt                                                      
200034be  maxNumCteDataBufs                                               
200034bf  numActiveAdvSets                                                
200034c0  wlSize                                                          
200034c1  rlSize                                                          
200034c2  decryptResult                                                   
200034c3  smAuthenPairingOnlyMode                                         
200034c4  icall_liteTaskId                                                
200034c5  gapBond_removeLRUBond                                           
200034c6  gapBond_syncRL                                                  
200034c7  assertSubcause                                                  
200034c8  osal_entity                                                     
200034c9  pwrmgr_initialized                                              
200034cb  driverlib_release_0_59848                                       
200034cc  heapStart                                                       
20013c00  __stack                                                         
20013c00  heapEnd                                                         
20014000  __STACK_END                                                     
20014000  __STACK_TOP                                                     
20014000  __UNUSED_SRAM_end__                                             
e000e000  ti_sysbios_family_arm_m3_Hwi_nvic                               
ffffffff  __TI_pprof_out_hndl                                             
ffffffff  __TI_prof_data_size                                             
ffffffff  __TI_prof_data_start                                            
ffffffff  __binit__                                                       
ffffffff  __c_args__                                                      
ffffffff  binit                                                           
UNDEFED   ITM_flush                                                       
UNDEFED   ITM_restore                                                     
UNDEFED   SHT$$INIT_ARRAY$$Base                                           
UNDEFED   SHT$$INIT_ARRAY$$Limit                                          

[3003 symbols]
